Copyright 1986-2022 Xilinx, Inc. All Rights Reserved. Copyright 2022-2026 Advanced Micro Devices, Inc. All Rights Reserved.
---------------------------------------------------------------------------------------------------------------------------------------------
| Tool Version : Vivado v.2026.1 (lin64) Build 6511674 Tue Jun 16 11:01:26 MDT 2026
| Date         : Wed Aug 19 16:29:31 2026
| Host         : neurux running 64-bit Ubuntu 24.04.3 LTS
| Command      : report_timing_summary -file HLS_output/Synthesis/vivado_flow/post_synth_timing_summary.rpt
| Design       : oneHlsComplexMacTop
| Device       : 7a100t-csg324
| Speed File   : -1  PRODUCTION 1.23 2018-06-13
| Design State : Synthesized
---------------------------------------------------------------------------------------------------------------------------------------------

Timing Summary Report

------------------------------------------------------------------------------------------------
| Timer Settings
| --------------
------------------------------------------------------------------------------------------------

  Enable Multi Corner Analysis               :  Yes
  Enable Pessimism Removal                   :  Yes
  Pessimism Removal Resolution               :  Nearest Common Node
  Enable Input Delay Default Clock           :  No
  Enable Preset / Clear Arcs                 :  No
  Disable Flight Delays                      :  No
  Ignore I/O Paths                           :  No
  Timing Early Launch at Borrowing Latches   :  No
  Borrow Time for Max Delay Exceptions       :  Yes
  Merge Timing Exceptions                    :  Yes
  Inter-SLR Compensation                     :  Conservative

  Corner  Analyze    Analyze    
  Name    Max Paths  Min Paths  
  ------  ---------  ---------  
  Slow    Yes        Yes        
  Fast    Yes        Yes        


------------------------------------------------------------------------------------------------
| Report Methodology
| ------------------
------------------------------------------------------------------------------------------------

No report available as report_methodology has not been run prior. Run report_methodology on the current design for the summary of methodology violations.



check_timing report

Table of Contents
-----------------
1. checking no_clock (0)
2. checking constant_clock (0)
3. checking pulse_width_clock (0)
4. checking unconstrained_internal_endpoints (0)
5. checking no_input_delay (33)
6. checking no_output_delay (64)
7. checking multiple_clock (0)
8. checking generated_clocks (0)
9. checking loops (0)
10. checking partial_input_delay (0)
11. checking partial_output_delay (0)
12. checking latch_loops (0)

1. checking no_clock (0)
------------------------
 There are 0 register/latch pins with no clock.


2. checking constant_clock (0)
------------------------------
 There are 0 register/latch pins with constant_clock.


3. checking pulse_width_clock (0)
---------------------------------
 There are 0 register/latch pins which need pulse_width check


4. checking unconstrained_internal_endpoints (0)
------------------------------------------------
 There are 0 pins that are not constrained for maximum delay.

 There are 0 pins that are not constrained for maximum delay due to constant clock.


5. checking no_input_delay (33)
-------------------------------
 There are 33 input ports with no input delay specified. (HIGH)

 There are 0 input ports with no input delay but user has a false path constraint.


6. checking no_output_delay (64)
--------------------------------
 There are 64 ports with no output delay specified. (HIGH)

 There are 0 ports with no output delay but user has a false path constraint

 There are 0 ports with no output delay but with a timing clock defined on it or propagating through it


7. checking multiple_clock (0)
------------------------------
 There are 0 register/latch pins with multiple clocks.


8. checking generated_clocks (0)
--------------------------------
 There are 0 generated clocks that are not connected to a clock source.


9. checking loops (0)
---------------------
 There are 0 combinational loops in the design.


10. checking partial_input_delay (0)
------------------------------------
 There are 0 input ports with partial input delay specified.


11. checking partial_output_delay (0)
-------------------------------------
 There are 0 ports with partial output delay specified.


12. checking latch_loops (0)
----------------------------
 There are 0 combinational latch loops in the design through latch input



------------------------------------------------------------------------------------------------
| Design Timing Summary
| ---------------------
------------------------------------------------------------------------------------------------

    WNS(ns)      TNS(ns)  TNS Failing Endpoints  TNS Total Endpoints      WHS(ns)      THS(ns)  THS Failing Endpoints  THS Total Endpoints     WPWS(ns)     TPWS(ns)  TPWS Failing Endpoints  TPWS Total Endpoints  
    -------      -------  ---------------------  -------------------      -------      -------  ---------------------  -------------------     --------     --------  ----------------------  --------------------  
      7.242        0.000                      0                   64        0.197        0.000                      0                   64        4.500        0.000                       0                    64  


All user specified timing constraints are met.


------------------------------------------------------------------------------------------------
| Clock Summary
| -------------
------------------------------------------------------------------------------------------------

Clock  Waveform(ns)       Period(ns)      Frequency(MHz)
-----  ------------       ----------      --------------
clock  {0.000 5.000}      10.000          100.000         


------------------------------------------------------------------------------------------------
| Intra Clock Table
| -----------------
------------------------------------------------------------------------------------------------

Clock             WNS(ns)      TNS(ns)  TNS Failing Endpoints  TNS Total Endpoints      WHS(ns)      THS(ns)  THS Failing Endpoints  THS Total Endpoints     WPWS(ns)     TPWS(ns)  TPWS Failing Endpoints  TPWS Total Endpoints  
-----             -------      -------  ---------------------  -------------------      -------      -------  ---------------------  -------------------     --------     --------  ----------------------  --------------------  
clock               7.242        0.000                      0                   64        0.197        0.000                      0                   64        4.500        0.000                       0                    64  


------------------------------------------------------------------------------------------------
| Inter Clock Table
| -----------------
------------------------------------------------------------------------------------------------

From Clock    To Clock          WNS(ns)      TNS(ns)  TNS Failing Endpoints  TNS Total Endpoints      WHS(ns)      THS(ns)  THS Failing Endpoints  THS Total Endpoints  
----------    --------          -------      -------  ---------------------  -------------------      -------      -------  ---------------------  -------------------  


------------------------------------------------------------------------------------------------
| Other Path Groups Table
| -----------------------
------------------------------------------------------------------------------------------------

Path Group    From Clock    To Clock          WNS(ns)      TNS(ns)  TNS Failing Endpoints  TNS Total Endpoints      WHS(ns)      THS(ns)  THS Failing Endpoints  THS Total Endpoints  
----------    ----------    --------          -------      -------  ---------------------  -------------------      -------      -------  ---------------------  -------------------  


------------------------------------------------------------------------------------------------
| Timing Details
| --------------
------------------------------------------------------------------------------------------------


---------------------------------------------------------------------------------------------------
From Clock:  clock
  To Clock:  clock

Setup :            0  Failing Endpoints,  Worst Slack        7.242ns,  Total Violation        0.000ns
Hold  :            0  Failing Endpoints,  Worst Slack        0.197ns,  Total Violation        0.000ns
PW    :            0  Failing Endpoints,  Worst Slack        4.500ns,  Total Violation        0.000ns
---------------------------------------------------------------------------------------------------


Max Delay Paths
--------------------------------------------------------------------------------------
Slack (MET) :             7.242ns  (required time - arrival time)
  Source:                 cmac_1_473_reg[0]/C
                            (rising edge-triggered cell FDRE clocked by clock  {rise@0.000ns fall@5.000ns period=10.000ns})
  Destination:            cmac_1_473_reg[29]/D
                            (rising edge-triggered cell FDRE clocked by clock  {rise@0.000ns fall@5.000ns period=10.000ns})
  Path Group:             clock
  Path Type:              Setup (Max at Slow Process Corner)
  Requirement:            10.000ns  (clock rise@10.000ns - clock rise@0.000ns)
  Data Path Delay:        2.657ns  (logic 2.038ns (76.703%)  route 0.619ns (23.297%))
  Logic Levels:           9  (CARRY4=8 LUT2=1)
  Clock Path Skew:        -0.049ns (DCD - SCD + CPR)
    Destination Clock Delay (DCD):    0.924ns = ( 10.924 - 10.000 ) 
    Source Clock Delay      (SCD):    0.973ns
    Clock Pessimism Removal (CPR):    0.000ns
  Clock Uncertainty:      0.035ns  ((TSJ^2 + TIJ^2)^1/2 + DJ) / 2 + PE
    Total System Jitter     (TSJ):    0.071ns
    Total Input Jitter      (TIJ):    0.000ns
    Discrete Jitter          (DJ):    0.000ns
    Phase Error              (PE):    0.000ns

    Location             Delay type                Incr(ns)  Path(ns)    Netlist Resource(s)
  -------------------------------------------------------------------    -------------------
                         (clock clock rise edge)      0.000     0.000 r  <hidden>
                                                      0.000     0.000 r  ap_clk
                         net (fo=63, unset)           0.973     0.973    ap_clk
                         FDRE                                         r  cmac_1_473_reg[0]/C
  -------------------------------------------------------------------    -------------------
                         FDRE (Prop_fdre_C_Q)         0.362     1.335 r  cmac_1_473_reg[0]/Q
                         net (fo=2, unplaced)         0.619     1.954    cmac_1_473[0]
                         LUT2 (Prop_lut2_I0_O)        0.124     2.078 r  out_im[0]_INST_0_i_4/O
                         net (fo=1, unplaced)         0.000     2.078    out_im[0]_INST_0_i_4_n_0
                         CARRY4 (Prop_carry4_S[0]_CO[3])
                                                      0.513     2.591 r  out_im[0]_INST_0/CO[3]
                         net (fo=1, unplaced)         0.000     2.591    out_im[0]_INST_0_n_0
                         CARRY4 (Prop_carry4_CI_CO[3])
                                                      0.117     2.708 r  out_im[4]_INST_0/CO[3]
                         net (fo=1, unplaced)         0.000     2.708    out_im[4]_INST_0_n_0
                         CARRY4 (Prop_carry4_CI_CO[3])
                                                      0.117     2.825 r  out_im[8]_INST_0/CO[3]
                         net (fo=1, unplaced)         0.000     2.825    out_im[8]_INST_0_n_0
                         CARRY4 (Prop_carry4_CI_CO[3])
                                                      0.117     2.942 r  out_im[12]_INST_0/CO[3]
                         net (fo=1, unplaced)         0.000     2.942    out_im[12]_INST_0_n_0
                         CARRY4 (Prop_carry4_CI_CO[3])
                                                      0.117     3.059 r  out_im[16]_INST_0/CO[3]
                         net (fo=1, unplaced)         0.000     3.059    out_im[16]_INST_0_n_0
                         CARRY4 (Prop_carry4_CI_CO[3])
                                                      0.117     3.176 r  out_im[20]_INST_0/CO[3]
                         net (fo=1, unplaced)         0.000     3.176    out_im[20]_INST_0_n_0
                         CARRY4 (Prop_carry4_CI_CO[3])
                                                      0.117     3.293 r  out_im[24]_INST_0/CO[3]
                         net (fo=1, unplaced)         0.000     3.293    out_im[24]_INST_0_n_0
                         CARRY4 (Prop_carry4_CI_O[1])
                                                      0.337     3.630 r  out_im[28]_INST_0/O[1]
                         net (fo=1, unplaced)         0.000     3.630    out_im[29]
                         FDRE                                         r  cmac_1_473_reg[29]/D
  -------------------------------------------------------------------    -------------------

                         (clock clock rise edge)     10.000    10.000 r  <hidden>
                                                      0.000    10.000 r  ap_clk
                         net (fo=63, unset)           0.924    10.924    ap_clk
                         FDRE                                         r  cmac_1_473_reg[29]/C
                         clock pessimism              0.000    10.924    <hidden>
                         clock uncertainty           -0.035    10.889    <hidden>
                         FDRE (Setup_fdre_C_D)       -0.017    10.872    cmac_1_473_reg[29]
  -------------------------------------------------------------------
                         required time                         10.872    <hidden>
                         arrival time                          -3.630    <hidden>
  -------------------------------------------------------------------
                         slack                                  7.242    <hidden>





Min Delay Paths
--------------------------------------------------------------------------------------
Slack (MET) :             0.197ns  (arrival time - required time)
  Source:                 cmac_1_473_reg[10]/C
                            (rising edge-triggered cell FDRE clocked by clock  {rise@0.000ns fall@5.000ns period=10.000ns})
  Destination:            cmac_1_473_reg[11]/D
                            (rising edge-triggered cell FDRE clocked by clock  {rise@0.000ns fall@5.000ns period=10.000ns})
  Path Group:             clock
  Path Type:              Hold (Min at Fast Process Corner)
  Requirement:            0.000ns  (clock rise@0.000ns - clock rise@0.000ns)
  Data Path Delay:        0.296ns  (logic 0.210ns (71.050%)  route 0.086ns (28.950%))
  Logic Levels:           1  (CARRY4=1)
  Clock Path Skew:        0.022ns (DCD - SCD - CPR)
    Destination Clock Delay (DCD):    0.432ns
    Source Clock Delay      (SCD):    0.410ns
    Clock Pessimism Removal (CPR):    -0.000ns

    Location             Delay type                Incr(ns)  Path(ns)    Netlist Resource(s)
  -------------------------------------------------------------------    -------------------
                         (clock clock rise edge)      0.000     0.000 r  <hidden>
                                                      0.000     0.000 r  ap_clk
                         net (fo=63, unset)           0.410     0.410    ap_clk
                         FDRE                                         r  cmac_1_473_reg[10]/C
  -------------------------------------------------------------------    -------------------
                         FDRE (Prop_fdre_C_Q)         0.118     0.528 r  cmac_1_473_reg[10]/Q
                         net (fo=2, unplaced)         0.086     0.614    cmac_1_473[10]
                         CARRY4 (Prop_carry4_DI[2]_O[3])
                                                      0.092     0.706 r  out_im[8]_INST_0/O[3]
                         net (fo=1, unplaced)         0.000     0.706    out_im[11]
                         FDRE                                         r  cmac_1_473_reg[11]/D
  -------------------------------------------------------------------    -------------------

                         (clock clock rise edge)      0.000     0.000 r  <hidden>
                                                      0.000     0.000 r  ap_clk
                         net (fo=63, unset)           0.432     0.432    ap_clk
                         FDRE                                         r  cmac_1_473_reg[11]/C
                         clock pessimism              0.000     0.432    <hidden>
                         FDRE (Hold_fdre_C_D)         0.077     0.509    cmac_1_473_reg[11]
  -------------------------------------------------------------------
                         required time                         -0.509    <hidden>
                         arrival time                           0.706    <hidden>
  -------------------------------------------------------------------
                         slack                                  0.197    <hidden>





Pulse Width Checks
--------------------------------------------------------------------------------------
Clock Name:         clock
Waveform(ns):       { 0.000 5.000 }
Period(ns):         10.000
Sources:            { ap_clk }

Check Type        Corner  Lib Pin  Reference Pin  Required(ns)  Actual(ns)  Slack(ns)  Location  Pin
Min Period        n/a     FDRE/C   n/a            1.000         10.000      9.000                cmac_0_474_reg[0]/C
Low Pulse Width   Slow    FDRE/C   n/a            0.500         5.000       4.500                cmac_0_474_reg[0]/C
High Pulse Width  Slow    FDRE/C   n/a            0.500         5.000       4.500                cmac_0_474_reg[0]/C



