Copyright 1986-2022 Xilinx, Inc. All Rights Reserved. Copyright 2022-2026 Advanced Micro Devices, Inc. All Rights Reserved.
---------------------------------------------------------------------------------------------------------------------------------------------
| Tool Version : Vivado v.2026.1 (lin64) Build 6511674 Tue Jun 16 11:01:26 MDT 2026
| Date         : Wed Aug 19 16:03:03 2026
| Host         : neurux running 64-bit Ubuntu 24.04.3 LTS
| Command      : report_timing_summary -file HLS_output/Synthesis/vivado_flow/post_synth_timing_summary.rpt
| Design       : _Z12oneHlsPidTops
| Device       : 7a100t-csg324
| Speed File   : -1  PRODUCTION 1.23 2018-06-13
| Design State : Synthesized
---------------------------------------------------------------------------------------------------------------------------------------------

Timing Summary Report

------------------------------------------------------------------------------------------------
| Timer Settings
| --------------
------------------------------------------------------------------------------------------------

  Enable Multi Corner Analysis               :  Yes
  Enable Pessimism Removal                   :  Yes
  Pessimism Removal Resolution               :  Nearest Common Node
  Enable Input Delay Default Clock           :  No
  Enable Preset / Clear Arcs                 :  No
  Disable Flight Delays                      :  No
  Ignore I/O Paths                           :  No
  Timing Early Launch at Borrowing Latches   :  No
  Borrow Time for Max Delay Exceptions       :  Yes
  Merge Timing Exceptions                    :  Yes
  Inter-SLR Compensation                     :  Conservative

  Corner  Analyze    Analyze    
  Name    Max Paths  Min Paths  
  ------  ---------  ---------  
  Slow    Yes        Yes        
  Fast    Yes        Yes        


------------------------------------------------------------------------------------------------
| Report Methodology
| ------------------
------------------------------------------------------------------------------------------------

No report available as report_methodology has not been run prior. Run report_methodology on the current design for the summary of methodology violations.



check_timing report

Table of Contents
-----------------
1. checking no_clock (0)
2. checking constant_clock (0)
3. checking pulse_width_clock (0)
4. checking unconstrained_internal_endpoints (0)
5. checking no_input_delay (10)
6. checking no_output_delay (27)
7. checking multiple_clock (0)
8. checking generated_clocks (0)
9. checking loops (0)
10. checking partial_input_delay (0)
11. checking partial_output_delay (0)
12. checking latch_loops (0)

1. checking no_clock (0)
------------------------
 There are 0 register/latch pins with no clock.


2. checking constant_clock (0)
------------------------------
 There are 0 register/latch pins with constant_clock.


3. checking pulse_width_clock (0)
---------------------------------
 There are 0 register/latch pins which need pulse_width check


4. checking unconstrained_internal_endpoints (0)
------------------------------------------------
 There are 0 pins that are not constrained for maximum delay.

 There are 0 pins that are not constrained for maximum delay due to constant clock.


5. checking no_input_delay (10)
-------------------------------
 There are 10 input ports with no input delay specified. (HIGH)

 There are 0 input ports with no input delay but user has a false path constraint.


6. checking no_output_delay (27)
--------------------------------
 There are 27 ports with no output delay specified. (HIGH)

 There are 0 ports with no output delay but user has a false path constraint

 There are 0 ports with no output delay but with a timing clock defined on it or propagating through it


7. checking multiple_clock (0)
------------------------------
 There are 0 register/latch pins with multiple clocks.


8. checking generated_clocks (0)
--------------------------------
 There are 0 generated clocks that are not connected to a clock source.


9. checking loops (0)
---------------------
 There are 0 combinational loops in the design.


10. checking partial_input_delay (0)
------------------------------------
 There are 0 input ports with partial input delay specified.


11. checking partial_output_delay (0)
-------------------------------------
 There are 0 ports with partial output delay specified.


12. checking latch_loops (0)
----------------------------
 There are 0 combinational latch loops in the design through latch input



------------------------------------------------------------------------------------------------
| Design Timing Summary
| ---------------------
------------------------------------------------------------------------------------------------

    WNS(ns)      TNS(ns)  TNS Failing Endpoints  TNS Total Endpoints      WHS(ns)      THS(ns)  THS Failing Endpoints  THS Total Endpoints     WPWS(ns)     TPWS(ns)  TPWS Failing Endpoints  TPWS Total Endpoints  
    -------      -------  ---------------------  -------------------      -------      -------  ---------------------  -------------------     --------     --------  ----------------------  --------------------  
      5.159        0.000                      0                   41        0.197        0.000                      0                   41        4.500        0.000                       0                    31  


All user specified timing constraints are met.


------------------------------------------------------------------------------------------------
| Clock Summary
| -------------
------------------------------------------------------------------------------------------------

Clock  Waveform(ns)       Period(ns)      Frequency(MHz)
-----  ------------       ----------      --------------
clock  {0.000 5.000}      10.000          100.000         


------------------------------------------------------------------------------------------------
| Intra Clock Table
| -----------------
------------------------------------------------------------------------------------------------

Clock             WNS(ns)      TNS(ns)  TNS Failing Endpoints  TNS Total Endpoints      WHS(ns)      THS(ns)  THS Failing Endpoints  THS Total Endpoints     WPWS(ns)     TPWS(ns)  TPWS Failing Endpoints  TPWS Total Endpoints  
-----             -------      -------  ---------------------  -------------------      -------      -------  ---------------------  -------------------     --------     --------  ----------------------  --------------------  
clock               5.159        0.000                      0                   41        0.197        0.000                      0                   41        4.500        0.000                       0                    31  


------------------------------------------------------------------------------------------------
| Inter Clock Table
| -----------------
------------------------------------------------------------------------------------------------

From Clock    To Clock          WNS(ns)      TNS(ns)  TNS Failing Endpoints  TNS Total Endpoints      WHS(ns)      THS(ns)  THS Failing Endpoints  THS Total Endpoints  
----------    --------          -------      -------  ---------------------  -------------------      -------      -------  ---------------------  -------------------  


------------------------------------------------------------------------------------------------
| Other Path Groups Table
| -----------------------
------------------------------------------------------------------------------------------------

Path Group    From Clock    To Clock          WNS(ns)      TNS(ns)  TNS Failing Endpoints  TNS Total Endpoints      WHS(ns)      THS(ns)  THS Failing Endpoints  THS Total Endpoints  
----------    ----------    --------          -------      -------  ---------------------  -------------------      -------      -------  ---------------------  -------------------  


------------------------------------------------------------------------------------------------
| Timing Details
| --------------
------------------------------------------------------------------------------------------------


---------------------------------------------------------------------------------------------------
From Clock:  clock
  To Clock:  clock

Setup :            0  Failing Endpoints,  Worst Slack        5.159ns,  Total Violation        0.000ns
Hold  :            0  Failing Endpoints,  Worst Slack        0.197ns,  Total Violation        0.000ns
PW    :            0  Failing Endpoints,  Worst Slack        4.500ns,  Total Violation        0.000ns
---------------------------------------------------------------------------------------------------


Max Delay Paths
--------------------------------------------------------------------------------------
Slack (MET) :             5.159ns  (required time - arrival time)
  Source:                 __Z12oneHlsPidTops_i0/Datapath_i/array_428708_0/memory_reg[9]/C
                            (rising edge-triggered cell FDRE clocked by clock  {rise@0.000ns fall@5.000ns period=10.000ns})
  Destination:            __Z12oneHlsPidTops_i0/Datapath_i/reg_0/reg_out1_reg[31]/D
                            (rising edge-triggered cell FDRE clocked by clock  {rise@0.000ns fall@5.000ns period=10.000ns})
  Path Group:             clock
  Path Type:              Setup (Max at Slow Process Corner)
  Requirement:            10.000ns  (clock rise@10.000ns - clock rise@0.000ns)
  Data Path Delay:        4.740ns  (logic 3.355ns (70.781%)  route 1.385ns (29.219%))
  Logic Levels:           7  (CARRY4=4 LUT2=3)
  Clock Path Skew:        -0.049ns (DCD - SCD + CPR)
    Destination Clock Delay (DCD):    0.924ns = ( 10.924 - 10.000 ) 
    Source Clock Delay      (SCD):    0.973ns
    Clock Pessimism Removal (CPR):    0.000ns
  Clock Uncertainty:      0.035ns  ((TSJ^2 + TIJ^2)^1/2 + DJ) / 2 + PE
    Total System Jitter     (TSJ):    0.071ns
    Total Input Jitter      (TIJ):    0.000ns
    Discrete Jitter          (DJ):    0.000ns
    Phase Error              (PE):    0.000ns

    Location             Delay type                Incr(ns)  Path(ns)    Netlist Resource(s)
  -------------------------------------------------------------------    -------------------
                         (clock clock rise edge)      0.000     0.000 r  <hidden>
                                                      0.000     0.000 r  clock
                         net (fo=30, unset)           0.973     0.973    __Z12oneHlsPidTops_i0/Datapath_i/array_428708_0/clock
                         FDRE                                         r  __Z12oneHlsPidTops_i0/Datapath_i/array_428708_0/memory_reg[9]/C
  -------------------------------------------------------------------    -------------------
                         FDRE (Prop_fdre_C_Q)         0.362     1.335 r  __Z12oneHlsPidTops_i0/Datapath_i/array_428708_0/memory_reg[9]/Q
                         net (fo=1, unplaced)         0.311     1.646    __Z12oneHlsPidTops_i0/Datapath_i/array_428708_0/out_conv_out_ARRAY_1D_STD_DISTRAM_NN_SDS_1_i0_array_428708_0_32_24[9]
                         LUT2 (Prop_lut2_I1_O)        0.295     1.941 r  __Z12oneHlsPidTops_i0/Datapath_i/array_428708_0/out1_carry_i_3__2/O
                         net (fo=1, unplaced)         0.000     1.941    __Z12oneHlsPidTops_i0/Datapath_i/fu__Z12oneHlsPidTops_428532_428897/S[1]
                         CARRY4 (Prop_carry4_S[1]_CO[3])
                                                      0.533     2.474 r  __Z12oneHlsPidTops_i0/Datapath_i/fu__Z12oneHlsPidTops_428532_428897/out1_carry/CO[3]
                         net (fo=1, unplaced)         0.000     2.474    __Z12oneHlsPidTops_i0/Datapath_i/fu__Z12oneHlsPidTops_428532_428897/out1_carry_n_0
                         CARRY4 (Prop_carry4_CI_O[1])
                                                      0.337     2.811 r  __Z12oneHlsPidTops_i0/Datapath_i/fu__Z12oneHlsPidTops_428532_428897/out1_carry__0/O[1]
                         net (fo=2, unplaced)         0.622     3.433    __Z12oneHlsPidTops_i0/Datapath_i/fu__Z12oneHlsPidTops_428532_428897/er[7][5]
                         LUT2 (Prop_lut2_I0_O)        0.306     3.739 r  __Z12oneHlsPidTops_i0/Datapath_i/fu__Z12oneHlsPidTops_428532_428897/out1_carry__0_i_3__1/O
                         net (fo=1, unplaced)         0.000     3.739    __Z12oneHlsPidTops_i0/Datapath_i/fu__Z12oneHlsPidTops_428532_428909/out1_carry_i_1__0_1[1]
                         CARRY4 (Prop_carry4_S[1]_O[2])
                                                      0.578     4.317 r  __Z12oneHlsPidTops_i0/Datapath_i/fu__Z12oneHlsPidTops_428532_428909/out1_carry__0/O[2]
                         net (fo=1, unplaced)         0.452     4.769    __Z12oneHlsPidTops_i0/Datapath_i/fu__Z12oneHlsPidTops_428532_428909/out_ui_plus_expr_FU_8_8_8_45_i1_fu__Z12oneHlsPidTops_428532_428909__0[6]
                         LUT2 (Prop_lut2_I1_O)        0.301     5.070 r  __Z12oneHlsPidTops_i0/Datapath_i/fu__Z12oneHlsPidTops_428532_428909/out1_carry__0_i_3__0/O
                         net (fo=1, unplaced)         0.000     5.070    __Z12oneHlsPidTops_i0/Datapath_i/fu__Z12oneHlsPidTops_428532_428869/reg_out1_reg[31][1]
                         CARRY4 (Prop_carry4_S[1]_O[3])
                                                      0.643     5.713 r  __Z12oneHlsPidTops_i0/Datapath_i/fu__Z12oneHlsPidTops_428532_428869/out1_carry__0/O[3]
                         net (fo=1, unplaced)         0.000     5.713    __Z12oneHlsPidTops_i0/Datapath_i/reg_0/D[9]
                         FDRE                                         r  __Z12oneHlsPidTops_i0/Datapath_i/reg_0/reg_out1_reg[31]/D
  -------------------------------------------------------------------    -------------------

                         (clock clock rise edge)     10.000    10.000 r  <hidden>
                                                      0.000    10.000 r  clock
                         net (fo=30, unset)           0.924    10.924    __Z12oneHlsPidTops_i0/Datapath_i/reg_0/clock
                         FDRE                                         r  __Z12oneHlsPidTops_i0/Datapath_i/reg_0/reg_out1_reg[31]/C
                         clock pessimism              0.000    10.924    <hidden>
                         clock uncertainty           -0.035    10.889    <hidden>
                         FDRE (Setup_fdre_C_D)       -0.017    10.872    __Z12oneHlsPidTops_i0/Datapath_i/reg_0/reg_out1_reg[31]
  -------------------------------------------------------------------
                         required time                         10.872    <hidden>
                         arrival time                          -5.713    <hidden>
  -------------------------------------------------------------------
                         slack                                  5.159    <hidden>





Min Delay Paths
--------------------------------------------------------------------------------------
Slack (MET) :             0.197ns  (arrival time - required time)
  Source:                 __Z12oneHlsPidTops_i0/Datapath_i/array_428675_0/memory_reg[16]/C
                            (rising edge-triggered cell FDRE clocked by clock  {rise@0.000ns fall@5.000ns period=10.000ns})
  Destination:            __Z12oneHlsPidTops_i0/Datapath_i/array_428675_0/memory_reg[17]/D
                            (rising edge-triggered cell FDRE clocked by clock  {rise@0.000ns fall@5.000ns period=10.000ns})
  Path Group:             clock
  Path Type:              Hold (Min at Fast Process Corner)
  Requirement:            0.000ns  (clock rise@0.000ns - clock rise@0.000ns)
  Data Path Delay:        0.296ns  (logic 0.210ns (71.050%)  route 0.086ns (28.950%))
  Logic Levels:           1  (CARRY4=1)
  Clock Path Skew:        0.022ns (DCD - SCD - CPR)
    Destination Clock Delay (DCD):    0.432ns
    Source Clock Delay      (SCD):    0.410ns
    Clock Pessimism Removal (CPR):    -0.000ns

    Location             Delay type                Incr(ns)  Path(ns)    Netlist Resource(s)
  -------------------------------------------------------------------    -------------------
                         (clock clock rise edge)      0.000     0.000 r  <hidden>
                                                      0.000     0.000 r  clock
                         net (fo=30, unset)           0.410     0.410    __Z12oneHlsPidTops_i0/Datapath_i/array_428675_0/clock
                         FDRE                                         r  __Z12oneHlsPidTops_i0/Datapath_i/array_428675_0/memory_reg[16]/C
  -------------------------------------------------------------------    -------------------
                         FDRE (Prop_fdre_C_Q)         0.118     0.528 r  __Z12oneHlsPidTops_i0/Datapath_i/array_428675_0/memory_reg[16]/Q
                         net (fo=2, unplaced)         0.086     0.614    __Z12oneHlsPidTops_i0/Datapath_i/fu__Z12oneHlsPidTops_428532_428833/DI[0]
                         CARRY4 (Prop_carry4_DI[0]_O[1])
                                                      0.092     0.706 r  __Z12oneHlsPidTops_i0/Datapath_i/fu__Z12oneHlsPidTops_428532_428833/out1_carry/O[1]
                         net (fo=2, unplaced)         0.000     0.706    __Z12oneHlsPidTops_i0/Datapath_i/array_428675_0/out_ui_plus_expr_FU_16_16_16_44_i0_fu__Z12oneHlsPidTops_428532_428833[0]
                         FDRE                                         r  __Z12oneHlsPidTops_i0/Datapath_i/array_428675_0/memory_reg[17]/D
  -------------------------------------------------------------------    -------------------

                         (clock clock rise edge)      0.000     0.000 r  <hidden>
                                                      0.000     0.000 r  clock
                         net (fo=30, unset)           0.432     0.432    __Z12oneHlsPidTops_i0/Datapath_i/array_428675_0/clock
                         FDRE                                         r  __Z12oneHlsPidTops_i0/Datapath_i/array_428675_0/memory_reg[17]/C
                         clock pessimism              0.000     0.432    <hidden>
                         FDRE (Hold_fdre_C_D)         0.077     0.509    __Z12oneHlsPidTops_i0/Datapath_i/array_428675_0/memory_reg[17]
  -------------------------------------------------------------------
                         required time                         -0.509    <hidden>
                         arrival time                           0.706    <hidden>
  -------------------------------------------------------------------
                         slack                                  0.197    <hidden>





Pulse Width Checks
--------------------------------------------------------------------------------------
Clock Name:         clock
Waveform(ns):       { 0.000 5.000 }
Period(ns):         10.000
Sources:            { clock }

Check Type        Corner  Lib Pin  Reference Pin  Required(ns)  Actual(ns)  Slack(ns)  Location  Pin
Min Period        n/a     FDRE/C   n/a            1.000         10.000      9.000                __Z12oneHlsPidTops_i0/Controller_i/FSM_onehot__present_state_reg[0]/C
Low Pulse Width   Slow    FDRE/C   n/a            0.500         5.000       4.500                __Z12oneHlsPidTops_i0/Controller_i/FSM_onehot__present_state_reg[0]/C
High Pulse Width  Slow    FDRE/C   n/a            0.500         5.000       4.500                __Z12oneHlsPidTops_i0/Controller_i/FSM_onehot__present_state_reg[0]/C



