Copyright 1986-2022 Xilinx, Inc. All Rights Reserved. Copyright 2022-2026 Advanced Micro Devices, Inc. All Rights Reserved.
---------------------------------------------------------------------------------------------------------------------------------------------
| Tool Version : Vivado v.2026.1 (lin64) Build 6511674 Tue Jun 16 11:01:26 MDT 2026
| Date         : Wed Aug 19 16:04:05 2026
| Host         : neurux running 64-bit Ubuntu 24.04.3 LTS
| Command      : report_timing_summary -file HLS_output/Synthesis/vivado_flow/post_route_timing_summary.rpt
| Design       : _Z12oneHlsPidTops
| Device       : 7a100t-csg324
| Speed File   : -1  PRODUCTION 1.23 2018-06-13
| Design State : Routed
---------------------------------------------------------------------------------------------------------------------------------------------

Timing Summary Report

------------------------------------------------------------------------------------------------
| Timer Settings
| --------------
------------------------------------------------------------------------------------------------

  Enable Multi Corner Analysis               :  Yes
  Enable Pessimism Removal                   :  Yes
  Pessimism Removal Resolution               :  Nearest Common Node
  Enable Input Delay Default Clock           :  No
  Enable Preset / Clear Arcs                 :  No
  Disable Flight Delays                      :  No
  Ignore I/O Paths                           :  No
  Timing Early Launch at Borrowing Latches   :  No
  Borrow Time for Max Delay Exceptions       :  Yes
  Merge Timing Exceptions                    :  Yes
  Inter-SLR Compensation                     :  Conservative

  Corner  Analyze    Analyze    
  Name    Max Paths  Min Paths  
  ------  ---------  ---------  
  Slow    Yes        Yes        
  Fast    Yes        Yes        


------------------------------------------------------------------------------------------------
| Report Methodology
| ------------------
------------------------------------------------------------------------------------------------

No report available as report_methodology has not been run prior. Run report_methodology on the current design for the summary of methodology violations.



check_timing report

Table of Contents
-----------------
1. checking no_clock (0)
2. checking constant_clock (0)
3. checking pulse_width_clock (0)
4. checking unconstrained_internal_endpoints (0)
5. checking no_input_delay (10)
6. checking no_output_delay (27)
7. checking multiple_clock (0)
8. checking generated_clocks (0)
9. checking loops (0)
10. checking partial_input_delay (0)
11. checking partial_output_delay (0)
12. checking latch_loops (0)

1. checking no_clock (0)
------------------------
 There are 0 register/latch pins with no clock.


2. checking constant_clock (0)
------------------------------
 There are 0 register/latch pins with constant_clock.


3. checking pulse_width_clock (0)
---------------------------------
 There are 0 register/latch pins which need pulse_width check


4. checking unconstrained_internal_endpoints (0)
------------------------------------------------
 There are 0 pins that are not constrained for maximum delay.

 There are 0 pins that are not constrained for maximum delay due to constant clock.


5. checking no_input_delay (10)
-------------------------------
 There are 10 input ports with no input delay specified. (HIGH)

 There are 0 input ports with no input delay but user has a false path constraint.


6. checking no_output_delay (27)
--------------------------------
 There are 27 ports with no output delay specified. (HIGH)

 There are 0 ports with no output delay but user has a false path constraint

 There are 0 ports with no output delay but with a timing clock defined on it or propagating through it


7. checking multiple_clock (0)
------------------------------
 There are 0 register/latch pins with multiple clocks.


8. checking generated_clocks (0)
--------------------------------
 There are 0 generated clocks that are not connected to a clock source.


9. checking loops (0)
---------------------
 There are 0 combinational loops in the design.


10. checking partial_input_delay (0)
------------------------------------
 There are 0 input ports with partial input delay specified.


11. checking partial_output_delay (0)
-------------------------------------
 There are 0 ports with partial output delay specified.


12. checking latch_loops (0)
----------------------------
 There are 0 combinational latch loops in the design through latch input



------------------------------------------------------------------------------------------------
| Design Timing Summary
| ---------------------
------------------------------------------------------------------------------------------------

    WNS(ns)      TNS(ns)  TNS Failing Endpoints  TNS Total Endpoints      WHS(ns)      THS(ns)  THS Failing Endpoints  THS Total Endpoints     WPWS(ns)     TPWS(ns)  TPWS Failing Endpoints  TPWS Total Endpoints  
    -------      -------  ---------------------  -------------------      -------      -------  ---------------------  -------------------     --------     --------  ----------------------  --------------------  
      4.149        0.000                      0                   41        0.040        0.000                      0                   41        4.500        0.000                       0                    31  


All user specified timing constraints are met.


------------------------------------------------------------------------------------------------
| Clock Summary
| -------------
------------------------------------------------------------------------------------------------

Clock  Waveform(ns)       Period(ns)      Frequency(MHz)
-----  ------------       ----------      --------------
clock  {0.000 5.000}      10.000          100.000         


------------------------------------------------------------------------------------------------
| Intra Clock Table
| -----------------
------------------------------------------------------------------------------------------------

Clock             WNS(ns)      TNS(ns)  TNS Failing Endpoints  TNS Total Endpoints      WHS(ns)      THS(ns)  THS Failing Endpoints  THS Total Endpoints     WPWS(ns)     TPWS(ns)  TPWS Failing Endpoints  TPWS Total Endpoints  
-----             -------      -------  ---------------------  -------------------      -------      -------  ---------------------  -------------------     --------     --------  ----------------------  --------------------  
clock               4.149        0.000                      0                   41        0.040        0.000                      0                   41        4.500        0.000                       0                    31  


------------------------------------------------------------------------------------------------
| Inter Clock Table
| -----------------
------------------------------------------------------------------------------------------------

From Clock    To Clock          WNS(ns)      TNS(ns)  TNS Failing Endpoints  TNS Total Endpoints      WHS(ns)      THS(ns)  THS Failing Endpoints  THS Total Endpoints  
----------    --------          -------      -------  ---------------------  -------------------      -------      -------  ---------------------  -------------------  


------------------------------------------------------------------------------------------------
| Other Path Groups Table
| -----------------------
------------------------------------------------------------------------------------------------

Path Group    From Clock    To Clock          WNS(ns)      TNS(ns)  TNS Failing Endpoints  TNS Total Endpoints      WHS(ns)      THS(ns)  THS Failing Endpoints  THS Total Endpoints  
----------    ----------    --------          -------      -------  ---------------------  -------------------      -------      -------  ---------------------  -------------------  


------------------------------------------------------------------------------------------------
| Timing Details
| --------------
------------------------------------------------------------------------------------------------


---------------------------------------------------------------------------------------------------
From Clock:  clock
  To Clock:  clock

Setup :            0  Failing Endpoints,  Worst Slack        4.149ns,  Total Violation        0.000ns
Hold  :            0  Failing Endpoints,  Worst Slack        0.040ns,  Total Violation        0.000ns
PW    :            0  Failing Endpoints,  Worst Slack        4.500ns,  Total Violation        0.000ns
---------------------------------------------------------------------------------------------------


Max Delay Paths
--------------------------------------------------------------------------------------
Slack (MET) :             4.149ns  (required time - arrival time)
  Source:                 __Z12oneHlsPidTops_i0/Datapath_i/array_428708_0/memory_reg[8]/C
                            (rising edge-triggered cell FDRE clocked by clock  {rise@0.000ns fall@5.000ns period=10.000ns})
  Destination:            __Z12oneHlsPidTops_i0/Datapath_i/reg_0/reg_out1_reg[13]/D
                            (rising edge-triggered cell FDRE clocked by clock  {rise@0.000ns fall@5.000ns period=10.000ns})
  Path Group:             clock
  Path Type:              Setup (Max at Slow Process Corner)
  Requirement:            10.000ns  (clock rise@10.000ns - clock rise@0.000ns)
  Data Path Delay:        5.914ns  (logic 3.214ns (54.349%)  route 2.700ns (45.651%))
  Logic Levels:           8  (CARRY4=5 LUT2=3)
  Clock Path Skew:        0.036ns (DCD - SCD + CPR)
    Destination Clock Delay (DCD):    1.604ns = ( 11.604 - 10.000 ) 
    Source Clock Delay      (SCD):    1.647ns
    Clock Pessimism Removal (CPR):    0.079ns
  Clock Uncertainty:      0.035ns  ((TSJ^2 + TIJ^2)^1/2 + DJ) / 2 + PE
    Total System Jitter     (TSJ):    0.071ns
    Total Input Jitter      (TIJ):    0.000ns
    Discrete Jitter          (DJ):    0.000ns
    Phase Error              (PE):    0.000ns

    Location             Delay type                Incr(ns)  Path(ns)    Netlist Resource(s)
  -------------------------------------------------------------------    -------------------
                         (clock clock rise edge)      0.000     0.000 r  <hidden>
                                                      0.000     0.000 r  clock
                         net (fo=30, unset)           1.647     1.647    __Z12oneHlsPidTops_i0/Datapath_i/array_428708_0/clock
    SLICE_X8Y98          FDRE                                         r  __Z12oneHlsPidTops_i0/Datapath_i/array_428708_0/memory_reg[8]/C
  -------------------------------------------------------------------    -------------------
    SLICE_X8Y98          FDRE (Prop_fdre_C_Q)         0.518     2.165 r  __Z12oneHlsPidTops_i0/Datapath_i/array_428708_0/memory_reg[8]/Q
                         net (fo=1, routed)           0.869     3.034    __Z12oneHlsPidTops_i0/Datapath_i/array_428708_0/out_conv_out_ARRAY_1D_STD_DISTRAM_NN_SDS_1_i0_array_428708_0_32_24[8]
    SLICE_X8Y98          LUT2 (Prop_lut2_I1_O)        0.124     3.158 r  __Z12oneHlsPidTops_i0/Datapath_i/array_428708_0/out1_carry_i_4__2/O
                         net (fo=1, routed)           0.000     3.158    __Z12oneHlsPidTops_i0/Datapath_i/fu__Z12oneHlsPidTops_428532_428897/S[0]
    SLICE_X8Y98          CARRY4 (Prop_carry4_S[0]_O[3])
                                                      0.608     3.766 r  __Z12oneHlsPidTops_i0/Datapath_i/fu__Z12oneHlsPidTops_428532_428897/out1_carry/O[3]
                         net (fo=2, routed)           0.886     4.653    __Z12oneHlsPidTops_i0/Datapath_i/fu__Z12oneHlsPidTops_428532_428897/er[7][3]
    SLICE_X7Y98          LUT2 (Prop_lut2_I0_O)        0.307     4.960 r  __Z12oneHlsPidTops_i0/Datapath_i/fu__Z12oneHlsPidTops_428532_428897/out1_carry_i_1__1/O
                         net (fo=1, routed)           0.000     4.960    __Z12oneHlsPidTops_i0/Datapath_i/fu__Z12oneHlsPidTops_428532_428909/reg_out1_reg[7][3]
    SLICE_X7Y98          CARRY4 (Prop_carry4_S[3]_CO[3])
                                                      0.401     5.361 r  __Z12oneHlsPidTops_i0/Datapath_i/fu__Z12oneHlsPidTops_428532_428909/out1_carry/CO[3]
                         net (fo=1, routed)           0.000     5.361    __Z12oneHlsPidTops_i0/Datapath_i/fu__Z12oneHlsPidTops_428532_428909/out1_carry_n_0
    SLICE_X7Y99          CARRY4 (Prop_carry4_CI_O[0])
                                                      0.222     5.583 r  __Z12oneHlsPidTops_i0/Datapath_i/fu__Z12oneHlsPidTops_428532_428909/out1_carry__0/O[0]
                         net (fo=1, routed)           0.944     6.527    __Z12oneHlsPidTops_i0/Datapath_i/fu__Z12oneHlsPidTops_428532_428909/out_ui_plus_expr_FU_8_8_8_45_i1_fu__Z12oneHlsPidTops_428532_428909__0[4]
    SLICE_X7Y96          LUT2 (Prop_lut2_I1_O)        0.299     6.826 r  __Z12oneHlsPidTops_i0/Datapath_i/fu__Z12oneHlsPidTops_428532_428909/out1_carry_i_1__0/O
                         net (fo=1, routed)           0.000     6.826    __Z12oneHlsPidTops_i0/Datapath_i/fu__Z12oneHlsPidTops_428532_428869/S[3]
    SLICE_X7Y96          CARRY4 (Prop_carry4_S[3]_CO[3])
                                                      0.401     7.227 r  __Z12oneHlsPidTops_i0/Datapath_i/fu__Z12oneHlsPidTops_428532_428869/out1_carry/CO[3]
                         net (fo=1, routed)           0.000     7.227    __Z12oneHlsPidTops_i0/Datapath_i/fu__Z12oneHlsPidTops_428532_428869/out1_carry_n_0
    SLICE_X7Y97          CARRY4 (Prop_carry4_CI_O[1])
                                                      0.334     7.561 r  __Z12oneHlsPidTops_i0/Datapath_i/fu__Z12oneHlsPidTops_428532_428869/out1_carry__0/O[1]
                         net (fo=1, routed)           0.000     7.561    __Z12oneHlsPidTops_i0/Datapath_i/reg_0/D[7]
    SLICE_X7Y97          FDRE                                         r  __Z12oneHlsPidTops_i0/Datapath_i/reg_0/reg_out1_reg[13]/D
  -------------------------------------------------------------------    -------------------

                         (clock clock rise edge)     10.000    10.000 r  <hidden>
                                                      0.000    10.000 r  clock
                         net (fo=30, unset)           1.604    11.604    __Z12oneHlsPidTops_i0/Datapath_i/reg_0/clock
    SLICE_X7Y97          FDRE                                         r  __Z12oneHlsPidTops_i0/Datapath_i/reg_0/reg_out1_reg[13]/C
                         clock pessimism              0.079    11.683    <hidden>
                         clock uncertainty           -0.035    11.648    <hidden>
    SLICE_X7Y97          FDRE (Setup_fdre_C_D)        0.062    11.710    __Z12oneHlsPidTops_i0/Datapath_i/reg_0/reg_out1_reg[13]
  -------------------------------------------------------------------
                         required time                         11.710    <hidden>
                         arrival time                          -7.561    <hidden>
  -------------------------------------------------------------------
                         slack                                  4.149    <hidden>





Min Delay Paths
--------------------------------------------------------------------------------------
Slack (MET) :             0.040ns  (arrival time - required time)
  Source:                 __Z12oneHlsPidTops_i0/Datapath_i/array_428675_0/memory_reg[21]/C
                            (rising edge-triggered cell FDRE clocked by clock  {rise@0.000ns fall@5.000ns period=10.000ns})
  Destination:            __Z12oneHlsPidTops_i0/Datapath_i/array_428675_0/memory_reg[24]/D
                            (rising edge-triggered cell FDRE clocked by clock  {rise@0.000ns fall@5.000ns period=10.000ns})
  Path Group:             clock
  Path Type:              Hold (Min at Fast Process Corner)
  Requirement:            0.000ns  (clock rise@0.000ns - clock rise@0.000ns)
  Data Path Delay:        0.435ns  (logic 0.367ns (84.427%)  route 0.068ns (15.573%))
  Logic Levels:           2  (CARRY4=2)
  Clock Path Skew:        0.265ns (DCD - SCD - CPR)
    Destination Clock Delay (DCD):    0.868ns
    Source Clock Delay      (SCD):    0.603ns
    Clock Pessimism Removal (CPR):    -0.000ns

    Location             Delay type                Incr(ns)  Path(ns)    Netlist Resource(s)
  -------------------------------------------------------------------    -------------------
                         (clock clock rise edge)      0.000     0.000 r  <hidden>
                                                      0.000     0.000 r  clock
                         net (fo=30, unset)           0.603     0.603    __Z12oneHlsPidTops_i0/Datapath_i/array_428675_0/clock
    SLICE_X6Y99          FDRE                                         r  __Z12oneHlsPidTops_i0/Datapath_i/array_428675_0/memory_reg[21]/C
  -------------------------------------------------------------------    -------------------
    SLICE_X6Y99          FDRE (Prop_fdre_C_Q)         0.164     0.767 r  __Z12oneHlsPidTops_i0/Datapath_i/array_428675_0/memory_reg[21]/Q
                         net (fo=2, routed)           0.067     0.834    __Z12oneHlsPidTops_i0/Datapath_i/fu__Z12oneHlsPidTops_428532_428833/memory_reg[23][1]
    SLICE_X6Y99          CARRY4 (Prop_carry4_DI[1]_CO[3])
                                                      0.150     0.984 r  __Z12oneHlsPidTops_i0/Datapath_i/fu__Z12oneHlsPidTops_428532_428833/out1_carry__0/CO[3]
                         net (fo=1, routed)           0.001     0.985    __Z12oneHlsPidTops_i0/Datapath_i/fu__Z12oneHlsPidTops_428532_428833/out1_carry__0_n_0
    SLICE_X6Y100         CARRY4 (Prop_carry4_CI_O[0])
                                                      0.053     1.038 r  __Z12oneHlsPidTops_i0/Datapath_i/fu__Z12oneHlsPidTops_428532_428833/out1_carry__1/O[0]
                         net (fo=2, routed)           0.000     1.038    __Z12oneHlsPidTops_i0/Datapath_i/array_428675_0/out_ui_plus_expr_FU_16_16_16_44_i0_fu__Z12oneHlsPidTops_428532_428833[7]
    SLICE_X6Y100         FDRE                                         r  __Z12oneHlsPidTops_i0/Datapath_i/array_428675_0/memory_reg[24]/D
  -------------------------------------------------------------------    -------------------

                         (clock clock rise edge)      0.000     0.000 r  <hidden>
                                                      0.000     0.000 r  clock
                         net (fo=30, unset)           0.868     0.868    __Z12oneHlsPidTops_i0/Datapath_i/array_428675_0/clock
    SLICE_X6Y100         FDRE                                         r  __Z12oneHlsPidTops_i0/Datapath_i/array_428675_0/memory_reg[24]/C
                         clock pessimism              0.000     0.868    <hidden>
    SLICE_X6Y100         FDRE (Hold_fdre_C_D)         0.130     0.998    __Z12oneHlsPidTops_i0/Datapath_i/array_428675_0/memory_reg[24]
  -------------------------------------------------------------------
                         required time                         -0.998    <hidden>
                         arrival time                           1.038    <hidden>
  -------------------------------------------------------------------
                         slack                                  0.040    <hidden>





Pulse Width Checks
--------------------------------------------------------------------------------------
Clock Name:         clock
Waveform(ns):       { 0.000 5.000 }
Period(ns):         10.000
Sources:            { clock }

Check Type        Corner  Lib Pin  Reference Pin  Required(ns)  Actual(ns)  Slack(ns)  Location      Pin
Min Period        n/a     FDRE/C   n/a            1.000         10.000      9.000      SLICE_X7Y101  __Z12oneHlsPidTops_i0/Controller_i/FSM_onehot__present_state_reg[0]/C
Low Pulse Width   Slow    FDRE/C   n/a            0.500         5.000       4.500      SLICE_X7Y101  __Z12oneHlsPidTops_i0/Controller_i/FSM_onehot__present_state_reg[0]/C
High Pulse Width  Slow    FDRE/C   n/a            0.500         5.000       4.500      SLICE_X7Y101  __Z12oneHlsPidTops_i0/Controller_i/FSM_onehot__present_state_reg[0]/C



