Copyright 1986-2022 Xilinx, Inc. All Rights Reserved. Copyright 2022-2026 Advanced Micro Devices, Inc. All Rights Reserved.
---------------------------------------------------------------------------------------------------------------------------------------------
| Tool Version : Vivado v.2026.1 (lin64) Build 6511674 Tue Jun 16 11:01:26 MDT 2026
| Date         : Wed Aug 19 16:30:38 2026
| Host         : neurux running 64-bit Ubuntu 24.04.3 LTS
| Command      : report_timing_summary -file HLS_output/Synthesis/vivado_flow/post_route_timing_summary.rpt
| Design       : oneHlsBiquadTop
| Device       : 7a100t-csg324
| Speed File   : -1  PRODUCTION 1.23 2018-06-13
| Design State : Routed
---------------------------------------------------------------------------------------------------------------------------------------------

Timing Summary Report

------------------------------------------------------------------------------------------------
| Timer Settings
| --------------
------------------------------------------------------------------------------------------------

  Enable Multi Corner Analysis               :  Yes
  Enable Pessimism Removal                   :  Yes
  Pessimism Removal Resolution               :  Nearest Common Node
  Enable Input Delay Default Clock           :  No
  Enable Preset / Clear Arcs                 :  No
  Disable Flight Delays                      :  No
  Ignore I/O Paths                           :  No
  Timing Early Launch at Borrowing Latches   :  No
  Borrow Time for Max Delay Exceptions       :  Yes
  Merge Timing Exceptions                    :  Yes
  Inter-SLR Compensation                     :  Conservative

  Corner  Analyze    Analyze    
  Name    Max Paths  Min Paths  
  ------  ---------  ---------  
  Slow    Yes        Yes        
  Fast    Yes        Yes        


------------------------------------------------------------------------------------------------
| Report Methodology
| ------------------
------------------------------------------------------------------------------------------------

No report available as report_methodology has not been run prior. Run report_methodology on the current design for the summary of methodology violations.



check_timing report

Table of Contents
-----------------
1. checking no_clock (0)
2. checking constant_clock (0)
3. checking pulse_width_clock (0)
4. checking unconstrained_internal_endpoints (0)
5. checking no_input_delay (10)
6. checking no_output_delay (35)
7. checking multiple_clock (0)
8. checking generated_clocks (0)
9. checking loops (0)
10. checking partial_input_delay (0)
11. checking partial_output_delay (0)
12. checking latch_loops (0)

1. checking no_clock (0)
------------------------
 There are 0 register/latch pins with no clock.


2. checking constant_clock (0)
------------------------------
 There are 0 register/latch pins with constant_clock.


3. checking pulse_width_clock (0)
---------------------------------
 There are 0 register/latch pins which need pulse_width check


4. checking unconstrained_internal_endpoints (0)
------------------------------------------------
 There are 0 pins that are not constrained for maximum delay.

 There are 0 pins that are not constrained for maximum delay due to constant clock.


5. checking no_input_delay (10)
-------------------------------
 There are 10 input ports with no input delay specified. (HIGH)

 There are 0 input ports with no input delay but user has a false path constraint.


6. checking no_output_delay (35)
--------------------------------
 There are 35 ports with no output delay specified. (HIGH)

 There are 0 ports with no output delay but user has a false path constraint

 There are 0 ports with no output delay but with a timing clock defined on it or propagating through it


7. checking multiple_clock (0)
------------------------------
 There are 0 register/latch pins with multiple clocks.


8. checking generated_clocks (0)
--------------------------------
 There are 0 generated clocks that are not connected to a clock source.


9. checking loops (0)
---------------------
 There are 0 combinational loops in the design.


10. checking partial_input_delay (0)
------------------------------------
 There are 0 input ports with partial input delay specified.


11. checking partial_output_delay (0)
-------------------------------------
 There are 0 ports with partial output delay specified.


12. checking latch_loops (0)
----------------------------
 There are 0 combinational latch loops in the design through latch input



------------------------------------------------------------------------------------------------
| Design Timing Summary
| ---------------------
------------------------------------------------------------------------------------------------

    WNS(ns)      TNS(ns)  TNS Failing Endpoints  TNS Total Endpoints      WHS(ns)      THS(ns)  THS Failing Endpoints  THS Total Endpoints     WPWS(ns)     TPWS(ns)  TPWS Failing Endpoints  TPWS Total Endpoints  
    -------      -------  ---------------------  -------------------      -------      -------  ---------------------  -------------------     --------     --------  ----------------------  --------------------  
      5.877        0.000                      0                  156        0.070        0.000                      0                  156        4.500        0.000                       0                    83  


All user specified timing constraints are met.


------------------------------------------------------------------------------------------------
| Clock Summary
| -------------
------------------------------------------------------------------------------------------------

Clock  Waveform(ns)       Period(ns)      Frequency(MHz)
-----  ------------       ----------      --------------
clock  {0.000 5.000}      10.000          100.000         


------------------------------------------------------------------------------------------------
| Intra Clock Table
| -----------------
------------------------------------------------------------------------------------------------

Clock             WNS(ns)      TNS(ns)  TNS Failing Endpoints  TNS Total Endpoints      WHS(ns)      THS(ns)  THS Failing Endpoints  THS Total Endpoints     WPWS(ns)     TPWS(ns)  TPWS Failing Endpoints  TPWS Total Endpoints  
-----             -------      -------  ---------------------  -------------------      -------      -------  ---------------------  -------------------     --------     --------  ----------------------  --------------------  
clock               5.877        0.000                      0                  156        0.070        0.000                      0                  156        4.500        0.000                       0                    83  


------------------------------------------------------------------------------------------------
| Inter Clock Table
| -----------------
------------------------------------------------------------------------------------------------

From Clock    To Clock          WNS(ns)      TNS(ns)  TNS Failing Endpoints  TNS Total Endpoints      WHS(ns)      THS(ns)  THS Failing Endpoints  THS Total Endpoints  
----------    --------          -------      -------  ---------------------  -------------------      -------      -------  ---------------------  -------------------  


------------------------------------------------------------------------------------------------
| Other Path Groups Table
| -----------------------
------------------------------------------------------------------------------------------------

Path Group    From Clock    To Clock          WNS(ns)      TNS(ns)  TNS Failing Endpoints  TNS Total Endpoints      WHS(ns)      THS(ns)  THS Failing Endpoints  THS Total Endpoints  
----------    ----------    --------          -------      -------  ---------------------  -------------------      -------      -------  ---------------------  -------------------  


------------------------------------------------------------------------------------------------
| Timing Details
| --------------
------------------------------------------------------------------------------------------------


---------------------------------------------------------------------------------------------------
From Clock:  clock
  To Clock:  clock

Setup :            0  Failing Endpoints,  Worst Slack        5.877ns,  Total Violation        0.000ns
Hold  :            0  Failing Endpoints,  Worst Slack        0.070ns,  Total Violation        0.000ns
PW    :            0  Failing Endpoints,  Worst Slack        4.500ns,  Total Violation        0.000ns
---------------------------------------------------------------------------------------------------


Max Delay Paths
--------------------------------------------------------------------------------------
Slack (MET) :             5.877ns  (required time - arrival time)
  Source:                 trunc_ln438_2_reg_388_reg[1]/C
                            (rising edge-triggered cell FDRE clocked by clock  {rise@0.000ns fall@5.000ns period=10.000ns})
  Destination:            biquad_0_0_1_676_reg[15]/D
                            (rising edge-triggered cell FDRE clocked by clock  {rise@0.000ns fall@5.000ns period=10.000ns})
  Path Group:             clock
  Path Type:              Setup (Max at Slow Process Corner)
  Requirement:            10.000ns  (clock rise@10.000ns - clock rise@0.000ns)
  Data Path Delay:        4.160ns  (logic 2.344ns (56.343%)  route 1.816ns (43.657%))
  Logic Levels:           6  (CARRY4=4 LUT2=2)
  Clock Path Skew:        -0.026ns (DCD - SCD + CPR)
    Destination Clock Delay (DCD):    1.507ns = ( 11.507 - 10.000 ) 
    Source Clock Delay      (SCD):    1.631ns
    Clock Pessimism Removal (CPR):    0.098ns
  Clock Uncertainty:      0.035ns  ((TSJ^2 + TIJ^2)^1/2 + DJ) / 2 + PE
    Total System Jitter     (TSJ):    0.071ns
    Total Input Jitter      (TIJ):    0.000ns
    Discrete Jitter          (DJ):    0.000ns
    Phase Error              (PE):    0.000ns

    Location             Delay type                Incr(ns)  Path(ns)    Netlist Resource(s)
  -------------------------------------------------------------------    -------------------
                         (clock clock rise edge)      0.000     0.000 r  <hidden>
                                                      0.000     0.000 r  ap_clk
                         net (fo=82, unset)           1.631     1.631    ap_clk
    SLICE_X13Y102        FDRE                                         r  trunc_ln438_2_reg_388_reg[1]/C
  -------------------------------------------------------------------    -------------------
    SLICE_X13Y102        FDRE (Prop_fdre_C_Q)         0.456     2.087 r  trunc_ln438_2_reg_388_reg[1]/Q
                         net (fo=2, routed)           1.072     3.159    trunc_ln438_2_reg_388[1]
    SLICE_X12Y104        LUT2 (Prop_lut2_I0_O)        0.124     3.283 r  ap_return[10]_INST_0_i_8/O
                         net (fo=1, routed)           0.000     3.283    ap_return[10]_INST_0_i_8_n_0
    SLICE_X12Y104        CARRY4 (Prop_carry4_S[1]_CO[3])
                                                      0.533     3.816 r  ap_return[10]_INST_0_i_1/CO[3]
                         net (fo=1, routed)           0.000     3.816    ap_return[10]_INST_0_i_1_n_0
    SLICE_X12Y105        CARRY4 (Prop_carry4_CI_O[0])
                                                      0.219     4.035 r  ap_return[14]_INST_0_i_1/O[0]
                         net (fo=2, routed)           0.744     4.779    add_ln1210_3_fu_333_p2[4]
    SLICE_X12Y102        LUT2 (Prop_lut2_I0_O)        0.295     5.074 r  ap_return[10]_INST_0_i_3/O
                         net (fo=1, routed)           0.000     5.074    ap_return[10]_INST_0_i_3_n_0
    SLICE_X12Y102        CARRY4 (Prop_carry4_S[2]_CO[3])
                                                      0.380     5.454 r  ap_return[10]_INST_0/CO[3]
                         net (fo=1, routed)           0.000     5.454    ap_return[10]_INST_0_n_0
    SLICE_X12Y103        CARRY4 (Prop_carry4_CI_O[1])
                                                      0.337     5.791 r  ap_return[14]_INST_0/O[1]
                         net (fo=1, routed)           0.000     5.791    ap_return[15]
    SLICE_X12Y103        FDRE                                         r  biquad_0_0_1_676_reg[15]/D
  -------------------------------------------------------------------    -------------------

                         (clock clock rise edge)     10.000    10.000 r  <hidden>
                                                      0.000    10.000 r  ap_clk
                         net (fo=82, unset)           1.507    11.507    ap_clk
    SLICE_X12Y103        FDRE                                         r  biquad_0_0_1_676_reg[15]/C
                         clock pessimism              0.098    11.605    <hidden>
                         clock uncertainty           -0.035    11.570    <hidden>
    SLICE_X12Y103        FDRE (Setup_fdre_C_D)        0.099    11.669    biquad_0_0_1_676_reg[15]
  -------------------------------------------------------------------
                         required time                         11.669    <hidden>
                         arrival time                          -5.791    <hidden>
  -------------------------------------------------------------------
                         slack                                  5.877    <hidden>





Min Delay Paths
--------------------------------------------------------------------------------------
Slack (MET) :             0.070ns  (arrival time - required time)
  Source:                 tmp_7_reg_403_reg[15]/C
                            (rising edge-triggered cell FDRE clocked by clock  {rise@0.000ns fall@5.000ns period=10.000ns})
  Destination:            biquad_0_0_1_676_reg[7]/D
                            (rising edge-triggered cell FDRE clocked by clock  {rise@0.000ns fall@5.000ns period=10.000ns})
  Path Group:             clock
  Path Type:              Hold (Min at Fast Process Corner)
  Requirement:            0.000ns  (clock rise@0.000ns - clock rise@0.000ns)
  Data Path Delay:        0.465ns  (logic 0.252ns (54.213%)  route 0.213ns (45.787%))
  Logic Levels:           2  (CARRY4=1 LUT2=1)
  Clock Path Skew:        0.265ns (DCD - SCD - CPR)
    Destination Clock Delay (DCD):    0.840ns
    Source Clock Delay      (SCD):    0.575ns
    Clock Pessimism Removal (CPR):    -0.000ns

    Location             Delay type                Incr(ns)  Path(ns)    Netlist Resource(s)
  -------------------------------------------------------------------    -------------------
                         (clock clock rise edge)      0.000     0.000 r  <hidden>
                                                      0.000     0.000 r  ap_clk
                         net (fo=82, unset)           0.575     0.575    ap_clk
    SLICE_X13Y99         FDRE                                         r  tmp_7_reg_403_reg[15]/C
  -------------------------------------------------------------------    -------------------
    SLICE_X13Y99         FDRE (Prop_fdre_C_Q)         0.141     0.716 r  tmp_7_reg_403_reg[15]/Q
                         net (fo=2, routed)           0.213     0.929    tmp_7_reg_403[15]
    SLICE_X12Y101        LUT2 (Prop_lut2_I0_O)        0.045     0.974 r  ap_return[6]_INST_0_i_3/O
                         net (fo=1, routed)           0.000     0.974    ap_return[6]_INST_0_i_3_n_0
    SLICE_X12Y101        CARRY4 (Prop_carry4_S[1]_O[1])
                                                      0.066     1.040 r  ap_return[6]_INST_0/O[1]
                         net (fo=1, routed)           0.000     1.040    ap_return[7]
    SLICE_X12Y101        FDRE                                         r  biquad_0_0_1_676_reg[7]/D
  -------------------------------------------------------------------    -------------------

                         (clock clock rise edge)      0.000     0.000 r  <hidden>
                                                      0.000     0.000 r  ap_clk
                         net (fo=82, unset)           0.840     0.840    ap_clk
    SLICE_X12Y101        FDRE                                         r  biquad_0_0_1_676_reg[7]/C
                         clock pessimism              0.000     0.840    <hidden>
    SLICE_X12Y101        FDRE (Hold_fdre_C_D)         0.130     0.970    biquad_0_0_1_676_reg[7]
  -------------------------------------------------------------------
                         required time                         -0.970    <hidden>
                         arrival time                           1.040    <hidden>
  -------------------------------------------------------------------
                         slack                                  0.070    <hidden>





Pulse Width Checks
--------------------------------------------------------------------------------------
Clock Name:         clock
Waveform(ns):       { 0.000 5.000 }
Period(ns):         10.000
Sources:            { ap_clk }

Check Type        Corner  Lib Pin  Reference Pin  Required(ns)  Actual(ns)  Slack(ns)  Location       Pin
Min Period        n/a     FDRE/C   n/a            1.000         10.000      9.000      SLICE_X11Y101  add_ln1210_1_reg_378_reg[0]/C
Low Pulse Width   Slow    FDRE/C   n/a            0.500         5.000       4.500      SLICE_X11Y101  add_ln1210_1_reg_378_reg[0]/C
High Pulse Width  Slow    FDRE/C   n/a            0.500         5.000       4.500      SLICE_X11Y101  add_ln1210_1_reg_378_reg[0]/C



