Copyright 1986-2022 Xilinx, Inc. All Rights Reserved. Copyright 2022-2026 Advanced Micro Devices, Inc. All Rights Reserved.
---------------------------------------------------------------------------------------------------------------------------------------------
| Tool Version : Vivado v.2026.1 (lin64) Build 6511674 Tue Jun 16 11:01:26 MDT 2026
| Date         : Wed Aug 19 16:03:03 2026
| Host         : neurux running 64-bit Ubuntu 24.04.3 LTS
| Command      : report_timing_summary -file HLS_output/Synthesis/vivado_flow/post_synth_timing_summary.rpt
| Design       : _Z15oneHlsBiquadTops
| Device       : 7a100t-csg324
| Speed File   : -1  PRODUCTION 1.23 2018-06-13
| Design State : Synthesized
---------------------------------------------------------------------------------------------------------------------------------------------

Timing Summary Report

------------------------------------------------------------------------------------------------
| Timer Settings
| --------------
------------------------------------------------------------------------------------------------

  Enable Multi Corner Analysis               :  Yes
  Enable Pessimism Removal                   :  Yes
  Pessimism Removal Resolution               :  Nearest Common Node
  Enable Input Delay Default Clock           :  No
  Enable Preset / Clear Arcs                 :  No
  Disable Flight Delays                      :  No
  Ignore I/O Paths                           :  No
  Timing Early Launch at Borrowing Latches   :  No
  Borrow Time for Max Delay Exceptions       :  Yes
  Merge Timing Exceptions                    :  Yes
  Inter-SLR Compensation                     :  Conservative

  Corner  Analyze    Analyze    
  Name    Max Paths  Min Paths  
  ------  ---------  ---------  
  Slow    Yes        Yes        
  Fast    Yes        Yes        


------------------------------------------------------------------------------------------------
| Report Methodology
| ------------------
------------------------------------------------------------------------------------------------

No report available as report_methodology has not been run prior. Run report_methodology on the current design for the summary of methodology violations.



check_timing report

Table of Contents
-----------------
1. checking no_clock (0)
2. checking constant_clock (0)
3. checking pulse_width_clock (0)
4. checking unconstrained_internal_endpoints (0)
5. checking no_input_delay (10)
6. checking no_output_delay (33)
7. checking multiple_clock (0)
8. checking generated_clocks (0)
9. checking loops (0)
10. checking partial_input_delay (0)
11. checking partial_output_delay (0)
12. checking latch_loops (0)

1. checking no_clock (0)
------------------------
 There are 0 register/latch pins with no clock.


2. checking constant_clock (0)
------------------------------
 There are 0 register/latch pins with constant_clock.


3. checking pulse_width_clock (0)
---------------------------------
 There are 0 register/latch pins which need pulse_width check


4. checking unconstrained_internal_endpoints (0)
------------------------------------------------
 There are 0 pins that are not constrained for maximum delay.

 There are 0 pins that are not constrained for maximum delay due to constant clock.


5. checking no_input_delay (10)
-------------------------------
 There are 10 input ports with no input delay specified. (HIGH)

 There are 0 input ports with no input delay but user has a false path constraint.


6. checking no_output_delay (33)
--------------------------------
 There are 33 ports with no output delay specified. (HIGH)

 There are 0 ports with no output delay but user has a false path constraint

 There are 0 ports with no output delay but with a timing clock defined on it or propagating through it


7. checking multiple_clock (0)
------------------------------
 There are 0 register/latch pins with multiple clocks.


8. checking generated_clocks (0)
--------------------------------
 There are 0 generated clocks that are not connected to a clock source.


9. checking loops (0)
---------------------
 There are 0 combinational loops in the design.


10. checking partial_input_delay (0)
------------------------------------
 There are 0 input ports with partial input delay specified.


11. checking partial_output_delay (0)
-------------------------------------
 There are 0 ports with partial output delay specified.


12. checking latch_loops (0)
----------------------------
 There are 0 combinational latch loops in the design through latch input



------------------------------------------------------------------------------------------------
| Design Timing Summary
| ---------------------
------------------------------------------------------------------------------------------------

    WNS(ns)      TNS(ns)  TNS Failing Endpoints  TNS Total Endpoints      WHS(ns)      THS(ns)  THS Failing Endpoints  THS Total Endpoints     WPWS(ns)     TPWS(ns)  TPWS Failing Endpoints  TPWS Total Endpoints  
    -------      -------  ---------------------  -------------------      -------      -------  ---------------------  -------------------     --------     --------  ----------------------  --------------------  
      3.232        0.000                      0                  134        0.267        0.000                      0                  134        4.500        0.000                       0                    94  


All user specified timing constraints are met.


------------------------------------------------------------------------------------------------
| Clock Summary
| -------------
------------------------------------------------------------------------------------------------

Clock  Waveform(ns)       Period(ns)      Frequency(MHz)
-----  ------------       ----------      --------------
clock  {0.000 5.000}      10.000          100.000         


------------------------------------------------------------------------------------------------
| Intra Clock Table
| -----------------
------------------------------------------------------------------------------------------------

Clock             WNS(ns)      TNS(ns)  TNS Failing Endpoints  TNS Total Endpoints      WHS(ns)      THS(ns)  THS Failing Endpoints  THS Total Endpoints     WPWS(ns)     TPWS(ns)  TPWS Failing Endpoints  TPWS Total Endpoints  
-----             -------      -------  ---------------------  -------------------      -------      -------  ---------------------  -------------------     --------     --------  ----------------------  --------------------  
clock               3.232        0.000                      0                  134        0.267        0.000                      0                  134        4.500        0.000                       0                    94  


------------------------------------------------------------------------------------------------
| Inter Clock Table
| -----------------
------------------------------------------------------------------------------------------------

From Clock    To Clock          WNS(ns)      TNS(ns)  TNS Failing Endpoints  TNS Total Endpoints      WHS(ns)      THS(ns)  THS Failing Endpoints  THS Total Endpoints  
----------    --------          -------      -------  ---------------------  -------------------      -------      -------  ---------------------  -------------------  


------------------------------------------------------------------------------------------------
| Other Path Groups Table
| -----------------------
------------------------------------------------------------------------------------------------

Path Group    From Clock    To Clock          WNS(ns)      TNS(ns)  TNS Failing Endpoints  TNS Total Endpoints      WHS(ns)      THS(ns)  THS Failing Endpoints  THS Total Endpoints  
----------    ----------    --------          -------      -------  ---------------------  -------------------      -------      -------  ---------------------  -------------------  


------------------------------------------------------------------------------------------------
| Timing Details
| --------------
------------------------------------------------------------------------------------------------


---------------------------------------------------------------------------------------------------
From Clock:  clock
  To Clock:  clock

Setup :            0  Failing Endpoints,  Worst Slack        3.232ns,  Total Violation        0.000ns
Hold  :            0  Failing Endpoints,  Worst Slack        0.267ns,  Total Violation        0.000ns
PW    :            0  Failing Endpoints,  Worst Slack        4.500ns,  Total Violation        0.000ns
---------------------------------------------------------------------------------------------------


Max Delay Paths
--------------------------------------------------------------------------------------
Slack (MET) :             3.232ns  (required time - arrival time)
  Source:                 __Z15oneHlsBiquadTops_i0/Datapath_i/array_428765_0/memory_reg[0]/C
                            (rising edge-triggered cell FDRE clocked by clock  {rise@0.000ns fall@5.000ns period=10.000ns})
  Destination:            __Z15oneHlsBiquadTops_i0/Datapath_i/reg_1/reg_out1_reg[5]/D
                            (rising edge-triggered cell FDRE clocked by clock  {rise@0.000ns fall@5.000ns period=10.000ns})
  Path Group:             clock
  Path Type:              Setup (Max at Slow Process Corner)
  Requirement:            10.000ns  (clock rise@10.000ns - clock rise@0.000ns)
  Data Path Delay:        6.667ns  (logic 4.613ns (69.192%)  route 2.054ns (30.808%))
  Logic Levels:           11  (CARRY4=7 LUT1=1 LUT2=2 LUT4=1)
  Clock Path Skew:        -0.049ns (DCD - SCD + CPR)
    Destination Clock Delay (DCD):    0.924ns = ( 10.924 - 10.000 ) 
    Source Clock Delay      (SCD):    0.973ns
    Clock Pessimism Removal (CPR):    0.000ns
  Clock Uncertainty:      0.035ns  ((TSJ^2 + TIJ^2)^1/2 + DJ) / 2 + PE
    Total System Jitter     (TSJ):    0.071ns
    Total Input Jitter      (TIJ):    0.000ns
    Discrete Jitter          (DJ):    0.000ns
    Phase Error              (PE):    0.000ns

    Location             Delay type                Incr(ns)  Path(ns)    Netlist Resource(s)
  -------------------------------------------------------------------    -------------------
                         (clock clock rise edge)      0.000     0.000 r  <hidden>
                                                      0.000     0.000 r  clock
                         net (fo=93, unset)           0.973     0.973    __Z15oneHlsBiquadTops_i0/Datapath_i/array_428765_0/clock
                         FDRE                                         r  __Z15oneHlsBiquadTops_i0/Datapath_i/array_428765_0/memory_reg[0]/C
  -------------------------------------------------------------------    -------------------
                         FDRE (Prop_fdre_C_Q)         0.362     1.335 f  __Z15oneHlsBiquadTops_i0/Datapath_i/array_428765_0/memory_reg[0]/Q
                         net (fo=2, unplaced)         0.322     1.657    __Z15oneHlsBiquadTops_i0/Datapath_i/fu__Z15oneHlsBiquadTops_428532_428644/out_conv_out_ARRAY_1D_STD_DISTRAM_NN_SDS_3_i0_array_428765_0_32_24[0]
                         LUT1 (Prop_lut1_I0_O)        0.295     1.952 r  __Z15oneHlsBiquadTops_i0/Datapath_i/fu__Z15oneHlsBiquadTops_428532_428644/reg_out1[26]_i_7/O
                         net (fo=1, unplaced)         0.333     2.285    __Z15oneHlsBiquadTops_i0/Datapath_i/fu__Z15oneHlsBiquadTops_428532_428644/reg_out1[26]_i_7_n_0
                         CARRY4 (Prop_carry4_CYINIT_O[3])
                                                      0.678     2.963 r  __Z15oneHlsBiquadTops_i0/Datapath_i/fu__Z15oneHlsBiquadTops_428532_428644/reg_out1_reg[26]_i_6/O[3]
                         net (fo=1, unplaced)         0.448     3.411    __Z15oneHlsBiquadTops_i0/Datapath_i/fu__Z15oneHlsBiquadTops_428532_428987/reg_out1_reg[31][3]
                         LUT2 (Prop_lut2_I1_O)        0.307     3.718 r  __Z15oneHlsBiquadTops_i0/Datapath_i/fu__Z15oneHlsBiquadTops_428532_428987/reg_out1[26]_i_2/O
                         net (fo=1, unplaced)         0.000     3.718    __Z15oneHlsBiquadTops_i0/Datapath_i/fu__Z15oneHlsBiquadTops_428532_428987/reg_out1[26]_i_2_n_0
                         CARRY4 (Prop_carry4_S[3]_CO[3])
                                                      0.376     4.094 r  __Z15oneHlsBiquadTops_i0/Datapath_i/fu__Z15oneHlsBiquadTops_428532_428987/reg_out1_reg[26]_i_1/CO[3]
                         net (fo=1, unplaced)         0.000     4.094    __Z15oneHlsBiquadTops_i0/Datapath_i/fu__Z15oneHlsBiquadTops_428532_428987/reg_out1_reg[26]_i_1_n_0
                         CARRY4 (Prop_carry4_CI_O[1])
                                                      0.337     4.431 f  __Z15oneHlsBiquadTops_i0/Datapath_i/fu__Z15oneHlsBiquadTops_428532_428987/reg_out1_reg[30]_i_1/O[1]
                         net (fo=3, unplaced)         0.629     5.060    __Z15oneHlsBiquadTops_i0/Datapath_i/fu__Z15oneHlsBiquadTops_428532_428902/reg_out1_reg[3]_i_3_0[4]
                         LUT4 (Prop_lut4_I1_O)        0.331     5.391 r  __Z15oneHlsBiquadTops_i0/Datapath_i/fu__Z15oneHlsBiquadTops_428532_428902/reg_out1[3]_i_15/O
                         net (fo=1, unplaced)         0.000     5.391    __Z15oneHlsBiquadTops_i0/Datapath_i/fu__Z15oneHlsBiquadTops_428532_428902/reg_out1[3]_i_15_n_0
                         CARRY4 (Prop_carry4_DI[3]_CO[3])
                                                      0.429     5.820 r  __Z15oneHlsBiquadTops_i0/Datapath_i/fu__Z15oneHlsBiquadTops_428532_428902/reg_out1_reg[3]_i_12/CO[3]
                         net (fo=1, unplaced)         0.000     5.820    __Z15oneHlsBiquadTops_i0/Datapath_i/fu__Z15oneHlsBiquadTops_428532_428902/reg_out1_reg[3]_i_12_n_0
                         CARRY4 (Prop_carry4_CI_CO[0])
                                                      0.281     6.101 r  __Z15oneHlsBiquadTops_i0/Datapath_i/fu__Z15oneHlsBiquadTops_428532_428902/reg_out1_reg[3]_i_3/CO[0]
                         net (fo=2, unplaced)         0.322     6.423    __Z15oneHlsBiquadTops_i0/Datapath_i/fu__Z15oneHlsBiquadTops_428532_428654/reg_out1_reg[3][0]
                         LUT2 (Prop_lut2_I0_O)        0.367     6.790 r  __Z15oneHlsBiquadTops_i0/Datapath_i/fu__Z15oneHlsBiquadTops_428532_428654/reg_out1[3]_i_7/O
                         net (fo=1, unplaced)         0.000     6.790    __Z15oneHlsBiquadTops_i0/Datapath_i/fu__Z15oneHlsBiquadTops_428532_428654/reg_out1[3]_i_7_n_0
                         CARRY4 (Prop_carry4_S[0]_CO[3])
                                                      0.513     7.303 r  __Z15oneHlsBiquadTops_i0/Datapath_i/fu__Z15oneHlsBiquadTops_428532_428654/reg_out1_reg[3]_i_1/CO[3]
                         net (fo=1, unplaced)         0.000     7.303    __Z15oneHlsBiquadTops_i0/Datapath_i/fu__Z15oneHlsBiquadTops_428532_428654/reg_out1_reg[3]_i_1_n_0
                         CARRY4 (Prop_carry4_CI_O[1])
                                                      0.337     7.640 r  __Z15oneHlsBiquadTops_i0/Datapath_i/fu__Z15oneHlsBiquadTops_428532_428654/reg_out1_reg[7]_i_1/O[1]
                         net (fo=1, unplaced)         0.000     7.640    __Z15oneHlsBiquadTops_i0/Datapath_i/reg_1/D[5]
                         FDRE                                         r  __Z15oneHlsBiquadTops_i0/Datapath_i/reg_1/reg_out1_reg[5]/D
  -------------------------------------------------------------------    -------------------

                         (clock clock rise edge)     10.000    10.000 r  <hidden>
                                                      0.000    10.000 r  clock
                         net (fo=93, unset)           0.924    10.924    __Z15oneHlsBiquadTops_i0/Datapath_i/reg_1/clock
                         FDRE                                         r  __Z15oneHlsBiquadTops_i0/Datapath_i/reg_1/reg_out1_reg[5]/C
                         clock pessimism              0.000    10.924    <hidden>
                         clock uncertainty           -0.035    10.889    <hidden>
                         FDRE (Setup_fdre_C_D)       -0.017    10.872    __Z15oneHlsBiquadTops_i0/Datapath_i/reg_1/reg_out1_reg[5]
  -------------------------------------------------------------------
                         required time                         10.872    <hidden>
                         arrival time                          -7.640    <hidden>
  -------------------------------------------------------------------
                         slack                                  3.232    <hidden>





Min Delay Paths
--------------------------------------------------------------------------------------
Slack (MET) :             0.267ns  (arrival time - required time)
  Source:                 __Z15oneHlsBiquadTops_i0/Datapath_i/array_428711_0/memory_reg[9]/C
                            (rising edge-triggered cell FDRE clocked by clock  {rise@0.000ns fall@5.000ns period=10.000ns})
  Destination:            __Z15oneHlsBiquadTops_i0/Datapath_i/reg_3/reg_out1_reg[1]/D
                            (rising edge-triggered cell FDRE clocked by clock  {rise@0.000ns fall@5.000ns period=10.000ns})
  Path Group:             clock
  Path Type:              Hold (Min at Fast Process Corner)
  Requirement:            0.000ns  (clock rise@0.000ns - clock rise@0.000ns)
  Data Path Delay:        0.352ns  (logic 0.216ns (61.411%)  route 0.136ns (38.589%))
  Logic Levels:           1  (LUT2=1)
  Clock Path Skew:        0.022ns (DCD - SCD - CPR)
    Destination Clock Delay (DCD):    0.432ns
    Source Clock Delay      (SCD):    0.410ns
    Clock Pessimism Removal (CPR):    -0.000ns

    Location             Delay type                Incr(ns)  Path(ns)    Netlist Resource(s)
  -------------------------------------------------------------------    -------------------
                         (clock clock rise edge)      0.000     0.000 r  <hidden>
                                                      0.000     0.000 r  clock
                         net (fo=93, unset)           0.410     0.410    __Z15oneHlsBiquadTops_i0/Datapath_i/array_428711_0/clock
                         FDRE                                         r  __Z15oneHlsBiquadTops_i0/Datapath_i/array_428711_0/memory_reg[9]/C
  -------------------------------------------------------------------    -------------------
                         FDRE (Prop_fdre_C_Q)         0.118     0.528 r  __Z15oneHlsBiquadTops_i0/Datapath_i/array_428711_0/memory_reg[9]/Q
                         net (fo=2, unplaced)         0.136     0.664    __Z15oneHlsBiquadTops_i0/Datapath_i/array_428685_0/out_conv_out_ARRAY_1D_STD_DISTRAM_NN_SDS_1_i0_array_428711_0_32_26[0]
                         LUT2 (Prop_lut2_I1_O)        0.098     0.762 r  __Z15oneHlsBiquadTops_i0/Datapath_i/array_428685_0/reg_out1[1]_i_1/O
                         net (fo=1, unplaced)         0.000     0.762    __Z15oneHlsBiquadTops_i0/Datapath_i/reg_3/D[1]
                         FDRE                                         r  __Z15oneHlsBiquadTops_i0/Datapath_i/reg_3/reg_out1_reg[1]/D
  -------------------------------------------------------------------    -------------------

                         (clock clock rise edge)      0.000     0.000 r  <hidden>
                                                      0.000     0.000 r  clock
                         net (fo=93, unset)           0.432     0.432    __Z15oneHlsBiquadTops_i0/Datapath_i/reg_3/clock
                         FDRE                                         r  __Z15oneHlsBiquadTops_i0/Datapath_i/reg_3/reg_out1_reg[1]/C
                         clock pessimism              0.000     0.432    <hidden>
                         FDRE (Hold_fdre_C_D)         0.063     0.495    __Z15oneHlsBiquadTops_i0/Datapath_i/reg_3/reg_out1_reg[1]
  -------------------------------------------------------------------
                         required time                         -0.495    <hidden>
                         arrival time                           0.762    <hidden>
  -------------------------------------------------------------------
                         slack                                  0.267    <hidden>





Pulse Width Checks
--------------------------------------------------------------------------------------
Clock Name:         clock
Waveform(ns):       { 0.000 5.000 }
Period(ns):         10.000
Sources:            { clock }

Check Type        Corner  Lib Pin  Reference Pin  Required(ns)  Actual(ns)  Slack(ns)  Location  Pin
Min Period        n/a     FDRE/C   n/a            1.000         10.000      9.000                __Z15oneHlsBiquadTops_i0/Controller_i/FSM_onehot__present_state_reg[0]/C
Low Pulse Width   Slow    FDRE/C   n/a            0.500         5.000       4.500                __Z15oneHlsBiquadTops_i0/Controller_i/FSM_onehot__present_state_reg[0]/C
High Pulse Width  Slow    FDRE/C   n/a            0.500         5.000       4.500                __Z15oneHlsBiquadTops_i0/Controller_i/FSM_onehot__present_state_reg[0]/C



