Copyright 1986-2022 Xilinx, Inc. All Rights Reserved. Copyright 2022-2026 Advanced Micro Devices, Inc. All Rights Reserved.
---------------------------------------------------------------------------------------------------------------------------------------------
| Tool Version : Vivado v.2026.1 (lin64) Build 6511674 Tue Jun 16 11:01:26 MDT 2026
| Date         : Wed Aug 19 15:59:29 2026
| Host         : neurux running 64-bit Ubuntu 24.04.3 LTS
| Command      : report_timing_summary -file HLS_output/Synthesis/vivado_flow/post_place_timing_summary.rpt
| Design       : _Z12oneHlsFirTops
| Device       : 7a100t-csg324
| Speed File   : -1  PRODUCTION 1.23 2018-06-13
| Design State : Fully Placed
---------------------------------------------------------------------------------------------------------------------------------------------

Timing Summary Report

------------------------------------------------------------------------------------------------
| Timer Settings
| --------------
------------------------------------------------------------------------------------------------

  Enable Multi Corner Analysis               :  Yes
  Enable Pessimism Removal                   :  Yes
  Pessimism Removal Resolution               :  Nearest Common Node
  Enable Input Delay Default Clock           :  No
  Enable Preset / Clear Arcs                 :  No
  Disable Flight Delays                      :  No
  Ignore I/O Paths                           :  No
  Timing Early Launch at Borrowing Latches   :  No
  Borrow Time for Max Delay Exceptions       :  Yes
  Merge Timing Exceptions                    :  Yes
  Inter-SLR Compensation                     :  Conservative

  Corner  Analyze    Analyze    
  Name    Max Paths  Min Paths  
  ------  ---------  ---------  
  Slow    Yes        Yes        
  Fast    Yes        Yes        


------------------------------------------------------------------------------------------------
| Report Methodology
| ------------------
------------------------------------------------------------------------------------------------

No report available as report_methodology has not been run prior. Run report_methodology on the current design for the summary of methodology violations.



check_timing report

Table of Contents
-----------------
1. checking no_clock (0)
2. checking constant_clock (0)
3. checking pulse_width_clock (0)
4. checking unconstrained_internal_endpoints (0)
5. checking no_input_delay (18)
6. checking no_output_delay (32)
7. checking multiple_clock (0)
8. checking generated_clocks (0)
9. checking loops (0)
10. checking partial_input_delay (0)
11. checking partial_output_delay (0)
12. checking latch_loops (0)

1. checking no_clock (0)
------------------------
 There are 0 register/latch pins with no clock.


2. checking constant_clock (0)
------------------------------
 There are 0 register/latch pins with constant_clock.


3. checking pulse_width_clock (0)
---------------------------------
 There are 0 register/latch pins which need pulse_width check


4. checking unconstrained_internal_endpoints (0)
------------------------------------------------
 There are 0 pins that are not constrained for maximum delay.

 There are 0 pins that are not constrained for maximum delay due to constant clock.


5. checking no_input_delay (18)
-------------------------------
 There are 18 input ports with no input delay specified. (HIGH)

 There are 0 input ports with no input delay but user has a false path constraint.


6. checking no_output_delay (32)
--------------------------------
 There are 32 ports with no output delay specified. (HIGH)

 There are 0 ports with no output delay but user has a false path constraint

 There are 0 ports with no output delay but with a timing clock defined on it or propagating through it


7. checking multiple_clock (0)
------------------------------
 There are 0 register/latch pins with multiple clocks.


8. checking generated_clocks (0)
--------------------------------
 There are 0 generated clocks that are not connected to a clock source.


9. checking loops (0)
---------------------
 There are 0 combinational loops in the design.


10. checking partial_input_delay (0)
------------------------------------
 There are 0 input ports with partial input delay specified.


11. checking partial_output_delay (0)
-------------------------------------
 There are 0 ports with partial output delay specified.


12. checking latch_loops (0)
----------------------------
 There are 0 combinational latch loops in the design through latch input



------------------------------------------------------------------------------------------------
| Design Timing Summary
| ---------------------
------------------------------------------------------------------------------------------------

    WNS(ns)      TNS(ns)  TNS Failing Endpoints  TNS Total Endpoints      WHS(ns)      THS(ns)  THS Failing Endpoints  THS Total Endpoints     WPWS(ns)     TPWS(ns)  TPWS Failing Endpoints  TPWS Total Endpoints  
    -------      -------  ---------------------  -------------------      -------      -------  ---------------------  -------------------     --------     --------  ----------------------  --------------------  
      3.938        0.000                      0                  177        0.139        0.000                      0                  177        4.500        0.000                       0                   129  


All user specified timing constraints are met.


------------------------------------------------------------------------------------------------
| Clock Summary
| -------------
------------------------------------------------------------------------------------------------

Clock  Waveform(ns)       Period(ns)      Frequency(MHz)
-----  ------------       ----------      --------------
clock  {0.000 5.000}      10.000          100.000         


------------------------------------------------------------------------------------------------
| Intra Clock Table
| -----------------
------------------------------------------------------------------------------------------------

Clock             WNS(ns)      TNS(ns)  TNS Failing Endpoints  TNS Total Endpoints      WHS(ns)      THS(ns)  THS Failing Endpoints  THS Total Endpoints     WPWS(ns)     TPWS(ns)  TPWS Failing Endpoints  TPWS Total Endpoints  
-----             -------      -------  ---------------------  -------------------      -------      -------  ---------------------  -------------------     --------     --------  ----------------------  --------------------  
clock               3.938        0.000                      0                  177        0.139        0.000                      0                  177        4.500        0.000                       0                   129  


------------------------------------------------------------------------------------------------
| Inter Clock Table
| -----------------
------------------------------------------------------------------------------------------------

From Clock    To Clock          WNS(ns)      TNS(ns)  TNS Failing Endpoints  TNS Total Endpoints      WHS(ns)      THS(ns)  THS Failing Endpoints  THS Total Endpoints  
----------    --------          -------      -------  ---------------------  -------------------      -------      -------  ---------------------  -------------------  


------------------------------------------------------------------------------------------------
| Other Path Groups Table
| -----------------------
------------------------------------------------------------------------------------------------

Path Group    From Clock    To Clock          WNS(ns)      TNS(ns)  TNS Failing Endpoints  TNS Total Endpoints      WHS(ns)      THS(ns)  THS Failing Endpoints  THS Total Endpoints  
----------    ----------    --------          -------      -------  ---------------------  -------------------      -------      -------  ---------------------  -------------------  


------------------------------------------------------------------------------------------------
| Timing Details
| --------------
------------------------------------------------------------------------------------------------


---------------------------------------------------------------------------------------------------
From Clock:  clock
  To Clock:  clock

Setup :            0  Failing Endpoints,  Worst Slack        3.938ns,  Total Violation        0.000ns
Hold  :            0  Failing Endpoints,  Worst Slack        0.139ns,  Total Violation        0.000ns
PW    :            0  Failing Endpoints,  Worst Slack        4.500ns,  Total Violation        0.000ns
---------------------------------------------------------------------------------------------------


Max Delay Paths
--------------------------------------------------------------------------------------
Slack (MET) :             3.938ns  (required time - arrival time)
  Source:                 __Z12oneHlsFirTops_i0/Datapath_i/array_428665_0/memory_reg[5]/C
                            (rising edge-triggered cell FDRE clocked by clock  {rise@0.000ns fall@5.000ns period=10.000ns})
  Destination:            __Z12oneHlsFirTops_i0/Datapath_i/reg_0/reg_out1_reg[30]/D
                            (rising edge-triggered cell FDRE clocked by clock  {rise@0.000ns fall@5.000ns period=10.000ns})
  Path Group:             clock
  Path Type:              Setup (Max at Slow Process Corner)
  Requirement:            10.000ns  (clock rise@10.000ns - clock rise@0.000ns)
  Data Path Delay:        5.952ns  (logic 3.882ns (65.222%)  route 2.070ns (34.778%))
  Logic Levels:           12  (CARRY4=9 LUT2=3)
  Clock Path Skew:        -0.137ns (DCD - SCD + CPR)
    Destination Clock Delay (DCD):    1.587ns = ( 11.587 - 10.000 ) 
    Source Clock Delay      (SCD):    1.724ns
    Clock Pessimism Removal (CPR):    0.000ns
  Clock Uncertainty:      0.035ns  ((TSJ^2 + TIJ^2)^1/2 + DJ) / 2 + PE
    Total System Jitter     (TSJ):    0.071ns
    Total Input Jitter      (TIJ):    0.000ns
    Discrete Jitter          (DJ):    0.000ns
    Phase Error              (PE):    0.000ns

    Location             Delay type                Incr(ns)  Path(ns)    Netlist Resource(s)
  -------------------------------------------------------------------    -------------------
                         (clock clock rise edge)      0.000     0.000 r  <hidden>
                                                      0.000     0.000 r  clock
                         net (fo=128, unset)          1.724     1.724    __Z12oneHlsFirTops_i0/Datapath_i/array_428665_0/clock
    SLICE_X7Y96          FDRE                                         r  __Z12oneHlsFirTops_i0/Datapath_i/array_428665_0/memory_reg[5]/C
  -------------------------------------------------------------------    -------------------
    SLICE_X7Y96          FDRE (Prop_fdre_C_Q)         0.456     2.180 r  __Z12oneHlsFirTops_i0/Datapath_i/array_428665_0/memory_reg[5]/Q
                         net (fo=3, estimated)        0.808     2.988    __Z12oneHlsFirTops_i0/Datapath_i/array_428665_0/memory_reg[7]_1[1]
    SLICE_X6Y96          LUT2 (Prop_lut2_I0_O)        0.124     3.112 r  __Z12oneHlsFirTops_i0/Datapath_i/array_428665_0/out1_carry__0_i_3__1/O
                         net (fo=1, routed)           0.000     3.112    __Z12oneHlsFirTops_i0/Datapath_i/fu__Z12oneHlsFirTops_428533_428623/out1_carry_i_1__2_0[1]
    SLICE_X6Y96          CARRY4 (Prop_carry4_S[1]_CO[3])
                                                      0.533     3.645 r  __Z12oneHlsFirTops_i0/Datapath_i/fu__Z12oneHlsFirTops_428533_428623/out1_carry__0/CO[3]
                         net (fo=1, estimated)        0.000     3.645    __Z12oneHlsFirTops_i0/Datapath_i/fu__Z12oneHlsFirTops_428533_428623/out1_carry__0_n_0
    SLICE_X6Y97          CARRY4 (Prop_carry4_CI_CO[3])
                                                      0.117     3.762 r  __Z12oneHlsFirTops_i0/Datapath_i/fu__Z12oneHlsFirTops_428533_428623/out1_carry__1/CO[3]
                         net (fo=1, estimated)        0.000     3.762    __Z12oneHlsFirTops_i0/Datapath_i/fu__Z12oneHlsFirTops_428533_428623/out1_carry__1_n_0
    SLICE_X6Y98          CARRY4 (Prop_carry4_CI_CO[3])
                                                      0.117     3.879 r  __Z12oneHlsFirTops_i0/Datapath_i/fu__Z12oneHlsFirTops_428533_428623/out1_carry__2/CO[3]
                         net (fo=1, estimated)        0.000     3.879    __Z12oneHlsFirTops_i0/Datapath_i/fu__Z12oneHlsFirTops_428533_428623/out1_carry__2_n_0
    SLICE_X6Y99          CARRY4 (Prop_carry4_CI_CO[3])
                                                      0.117     3.996 r  __Z12oneHlsFirTops_i0/Datapath_i/fu__Z12oneHlsFirTops_428533_428623/out1_carry__3/CO[3]
                         net (fo=1, estimated)        0.000     3.996    __Z12oneHlsFirTops_i0/Datapath_i/fu__Z12oneHlsFirTops_428533_428623/out1_carry__3_n_0
    SLICE_X6Y100         CARRY4 (Prop_carry4_CI_O[0])
                                                      0.219     4.215 r  __Z12oneHlsFirTops_i0/Datapath_i/fu__Z12oneHlsFirTops_428533_428623/out1_carry__4/O[0]
                         net (fo=4, estimated)        0.820     5.035    __Z12oneHlsFirTops_i0/Datapath_i/fu__Z12oneHlsFirTops_428533_428623/memory_reg[30][19]
    SLICE_X7Y99          LUT2 (Prop_lut2_I1_O)        0.295     5.330 r  __Z12oneHlsFirTops_i0/Datapath_i/fu__Z12oneHlsFirTops_428533_428623/out1_carry__3_i_1__2/O
                         net (fo=1, routed)           0.000     5.330    __Z12oneHlsFirTops_i0/Datapath_i/fu__Z12oneHlsFirTops_428533_428736/reg_out1_reg[24][3]
    SLICE_X7Y99          CARRY4 (Prop_carry4_S[3]_CO[3])
                                                      0.401     5.731 r  __Z12oneHlsFirTops_i0/Datapath_i/fu__Z12oneHlsFirTops_428533_428736/out1_carry__3/CO[3]
                         net (fo=1, estimated)        0.000     5.731    __Z12oneHlsFirTops_i0/Datapath_i/fu__Z12oneHlsFirTops_428533_428736/out1_carry__3_n_0
    SLICE_X7Y100         CARRY4 (Prop_carry4_CI_O[3])
                                                      0.313     6.044 r  __Z12oneHlsFirTops_i0/Datapath_i/fu__Z12oneHlsFirTops_428533_428736/out1_carry__4/O[3]
                         net (fo=2, estimated)        0.442     6.486    __Z12oneHlsFirTops_i0/Datapath_i/fu__Z12oneHlsFirTops_428533_428736/memory_reg[30]_1[3]
    SLICE_X5Y101         LUT2 (Prop_lut2_I0_O)        0.306     6.792 r  __Z12oneHlsFirTops_i0/Datapath_i/fu__Z12oneHlsFirTops_428533_428736/out1_carry__5_i_3__3/O
                         net (fo=1, routed)           0.000     6.792    __Z12oneHlsFirTops_i0/Datapath_i/fu__Z12oneHlsFirTops_428533_428743/reg_out1_reg[28]_0[1]
    SLICE_X5Y101         CARRY4 (Prop_carry4_S[1]_CO[3])
                                                      0.550     7.342 r  __Z12oneHlsFirTops_i0/Datapath_i/fu__Z12oneHlsFirTops_428533_428743/out1_carry__5/CO[3]
                         net (fo=1, estimated)        0.000     7.342    __Z12oneHlsFirTops_i0/Datapath_i/fu__Z12oneHlsFirTops_428533_428743/out1_carry__5_n_0
    SLICE_X5Y102         CARRY4 (Prop_carry4_CI_O[1])
                                                      0.334     7.676 r  __Z12oneHlsFirTops_i0/Datapath_i/fu__Z12oneHlsFirTops_428533_428743/out1_carry__6/O[1]
                         net (fo=1, routed)           0.000     7.676    __Z12oneHlsFirTops_i0/Datapath_i/reg_0/D[30]
    SLICE_X5Y102         FDRE                                         r  __Z12oneHlsFirTops_i0/Datapath_i/reg_0/reg_out1_reg[30]/D
  -------------------------------------------------------------------    -------------------

                         (clock clock rise edge)     10.000    10.000 r  <hidden>
                                                      0.000    10.000 r  clock
                         net (fo=128, unset)          1.587    11.587    __Z12oneHlsFirTops_i0/Datapath_i/reg_0/clock
    SLICE_X5Y102         FDRE                                         r  __Z12oneHlsFirTops_i0/Datapath_i/reg_0/reg_out1_reg[30]/C
                         clock pessimism              0.000    11.587    <hidden>
                         clock uncertainty           -0.035    11.552    <hidden>
    SLICE_X5Y102         FDRE (Setup_fdre_C_D)        0.062    11.614    __Z12oneHlsFirTops_i0/Datapath_i/reg_0/reg_out1_reg[30]
  -------------------------------------------------------------------
                         required time                         11.614    <hidden>
                         arrival time                          -7.676    <hidden>
  -------------------------------------------------------------------
                         slack                                  3.938    <hidden>





Min Delay Paths
--------------------------------------------------------------------------------------
Slack (MET) :             0.139ns  (arrival time - required time)
  Source:                 __Z12oneHlsFirTops_i0/Datapath_i/array_428648_0/memory_reg[1]/C
                            (rising edge-triggered cell FDRE clocked by clock  {rise@0.000ns fall@5.000ns period=10.000ns})
  Destination:            __Z12oneHlsFirTops_i0/Datapath_i/array_428657_0/memory_reg[1]/D
                            (rising edge-triggered cell FDRE clocked by clock  {rise@0.000ns fall@5.000ns period=10.000ns})
  Path Group:             clock
  Path Type:              Hold (Min at Fast Process Corner)
  Requirement:            0.000ns  (clock rise@0.000ns - clock rise@0.000ns)
  Data Path Delay:        0.230ns  (logic 0.141ns (61.208%)  route 0.089ns (38.792%))
  Logic Levels:           0  
  Clock Path Skew:        0.016ns (DCD - SCD - CPR)
    Destination Clock Delay (DCD):    0.873ns
    Source Clock Delay      (SCD):    0.602ns
    Clock Pessimism Removal (CPR):    0.255ns

    Location             Delay type                Incr(ns)  Path(ns)    Netlist Resource(s)
  -------------------------------------------------------------------    -------------------
                         (clock clock rise edge)      0.000     0.000 r  <hidden>
                                                      0.000     0.000 r  clock
                         net (fo=128, unset)          0.602     0.602    __Z12oneHlsFirTops_i0/Datapath_i/array_428648_0/clock
    SLICE_X4Y94          FDRE                                         r  __Z12oneHlsFirTops_i0/Datapath_i/array_428648_0/memory_reg[1]/C
  -------------------------------------------------------------------    -------------------
    SLICE_X4Y94          FDRE (Prop_fdre_C_Q)         0.141     0.743 r  __Z12oneHlsFirTops_i0/Datapath_i/array_428648_0/memory_reg[1]/Q
                         net (fo=2, estimated)        0.089     0.832    __Z12oneHlsFirTops_i0/Datapath_i/array_428657_0/in1[1]
    SLICE_X4Y94          FDRE                                         r  __Z12oneHlsFirTops_i0/Datapath_i/array_428657_0/memory_reg[1]/D
  -------------------------------------------------------------------    -------------------

                         (clock clock rise edge)      0.000     0.000 r  <hidden>
                                                      0.000     0.000 r  clock
                         net (fo=128, unset)          0.873     0.873    __Z12oneHlsFirTops_i0/Datapath_i/array_428657_0/clock
    SLICE_X4Y94          FDRE                                         r  __Z12oneHlsFirTops_i0/Datapath_i/array_428657_0/memory_reg[1]/C
                         clock pessimism             -0.255     0.618    <hidden>
    SLICE_X4Y94          FDRE (Hold_fdre_C_D)         0.075     0.693    __Z12oneHlsFirTops_i0/Datapath_i/array_428657_0/memory_reg[1]
  -------------------------------------------------------------------
                         required time                         -0.693    <hidden>
                         arrival time                           0.832    <hidden>
  -------------------------------------------------------------------
                         slack                                  0.139    <hidden>





Pulse Width Checks
--------------------------------------------------------------------------------------
Clock Name:         clock
Waveform(ns):       { 0.000 5.000 }
Period(ns):         10.000
Sources:            { clock }

Check Type        Corner  Lib Pin  Reference Pin  Required(ns)  Actual(ns)  Slack(ns)  Location     Pin
Min Period        n/a     FDRE/C   n/a            1.000         10.000      9.000      SLICE_X7Y94  __Z12oneHlsFirTops_i0/Controller_i/FSM_onehot__present_state_reg[0]/C
Low Pulse Width   Slow    FDRE/C   n/a            0.500         5.000       4.500      SLICE_X7Y94  __Z12oneHlsFirTops_i0/Controller_i/FSM_onehot__present_state_reg[0]/C
High Pulse Width  Slow    FDRE/C   n/a            0.500         5.000       4.500      SLICE_X7Y94  __Z12oneHlsFirTops_i0/Controller_i/FSM_onehot__present_state_reg[0]/C



