Copyright 1986-2022 Xilinx, Inc. All Rights Reserved. Copyright 2022-2026 Advanced Micro Devices, Inc. All Rights Reserved.
---------------------------------------------------------------------------------------------------------------------------------------------
| Tool Version : Vivado v.2026.1 (lin64) Build 6511674 Tue Jun 16 11:01:26 MDT 2026
| Date         : Wed Aug 19 16:29:46 2026
| Host         : neurux running 64-bit Ubuntu 24.04.3 LTS
| Command      : report_timing_summary -file HLS_output/Synthesis/vivado_flow/post_place_timing_summary.rpt
| Design       : oneHlsFirTop
| Device       : 7a100t-csg324
| Speed File   : -1  PRODUCTION 1.23 2018-06-13
| Design State : Fully Placed
---------------------------------------------------------------------------------------------------------------------------------------------

Timing Summary Report

------------------------------------------------------------------------------------------------
| Timer Settings
| --------------
------------------------------------------------------------------------------------------------

  Enable Multi Corner Analysis               :  Yes
  Enable Pessimism Removal                   :  Yes
  Pessimism Removal Resolution               :  Nearest Common Node
  Enable Input Delay Default Clock           :  No
  Enable Preset / Clear Arcs                 :  No
  Disable Flight Delays                      :  No
  Ignore I/O Paths                           :  No
  Timing Early Launch at Borrowing Latches   :  No
  Borrow Time for Max Delay Exceptions       :  Yes
  Merge Timing Exceptions                    :  Yes
  Inter-SLR Compensation                     :  Conservative

  Corner  Analyze    Analyze    
  Name    Max Paths  Min Paths  
  ------  ---------  ---------  
  Slow    Yes        Yes        
  Fast    Yes        Yes        


------------------------------------------------------------------------------------------------
| Report Methodology
| ------------------
------------------------------------------------------------------------------------------------

No report available as report_methodology has not been run prior. Run report_methodology on the current design for the summary of methodology violations.



check_timing report

Table of Contents
-----------------
1. checking no_clock (0)
2. checking constant_clock (0)
3. checking pulse_width_clock (0)
4. checking unconstrained_internal_endpoints (0)
5. checking no_input_delay (18)
6. checking no_output_delay (35)
7. checking multiple_clock (0)
8. checking generated_clocks (0)
9. checking loops (0)
10. checking partial_input_delay (0)
11. checking partial_output_delay (0)
12. checking latch_loops (0)

1. checking no_clock (0)
------------------------
 There are 0 register/latch pins with no clock.


2. checking constant_clock (0)
------------------------------
 There are 0 register/latch pins with constant_clock.


3. checking pulse_width_clock (0)
---------------------------------
 There are 0 register/latch pins which need pulse_width check


4. checking unconstrained_internal_endpoints (0)
------------------------------------------------
 There are 0 pins that are not constrained for maximum delay.

 There are 0 pins that are not constrained for maximum delay due to constant clock.


5. checking no_input_delay (18)
-------------------------------
 There are 18 input ports with no input delay specified. (HIGH)

 There are 0 input ports with no input delay but user has a false path constraint.


6. checking no_output_delay (35)
--------------------------------
 There are 35 ports with no output delay specified. (HIGH)

 There are 0 ports with no output delay but user has a false path constraint

 There are 0 ports with no output delay but with a timing clock defined on it or propagating through it


7. checking multiple_clock (0)
------------------------------
 There are 0 register/latch pins with multiple clocks.


8. checking generated_clocks (0)
--------------------------------
 There are 0 generated clocks that are not connected to a clock source.


9. checking loops (0)
---------------------
 There are 0 combinational loops in the design.


10. checking partial_input_delay (0)
------------------------------------
 There are 0 input ports with partial input delay specified.


11. checking partial_output_delay (0)
-------------------------------------
 There are 0 ports with partial output delay specified.


12. checking latch_loops (0)
----------------------------
 There are 0 combinational latch loops in the design through latch input



------------------------------------------------------------------------------------------------
| Design Timing Summary
| ---------------------
------------------------------------------------------------------------------------------------

    WNS(ns)      TNS(ns)  TNS Failing Endpoints  TNS Total Endpoints      WHS(ns)      THS(ns)  THS Failing Endpoints  THS Total Endpoints     WPWS(ns)     TPWS(ns)  TPWS Failing Endpoints  TPWS Total Endpoints  
    -------      -------  ---------------------  -------------------      -------      -------  ---------------------  -------------------     --------     --------  ----------------------  --------------------  
      3.254        0.000                      0                  306        0.126        0.000                      0                  306        4.500        0.000                       0                    87  


All user specified timing constraints are met.


------------------------------------------------------------------------------------------------
| Clock Summary
| -------------
------------------------------------------------------------------------------------------------

Clock  Waveform(ns)       Period(ns)      Frequency(MHz)
-----  ------------       ----------      --------------
clock  {0.000 5.000}      10.000          100.000         


------------------------------------------------------------------------------------------------
| Intra Clock Table
| -----------------
------------------------------------------------------------------------------------------------

Clock             WNS(ns)      TNS(ns)  TNS Failing Endpoints  TNS Total Endpoints      WHS(ns)      THS(ns)  THS Failing Endpoints  THS Total Endpoints     WPWS(ns)     TPWS(ns)  TPWS Failing Endpoints  TPWS Total Endpoints  
-----             -------      -------  ---------------------  -------------------      -------      -------  ---------------------  -------------------     --------     --------  ----------------------  --------------------  
clock               3.254        0.000                      0                  306        0.126        0.000                      0                  306        4.500        0.000                       0                    87  


------------------------------------------------------------------------------------------------
| Inter Clock Table
| -----------------
------------------------------------------------------------------------------------------------

From Clock    To Clock          WNS(ns)      TNS(ns)  TNS Failing Endpoints  TNS Total Endpoints      WHS(ns)      THS(ns)  THS Failing Endpoints  THS Total Endpoints  
----------    --------          -------      -------  ---------------------  -------------------      -------      -------  ---------------------  -------------------  


------------------------------------------------------------------------------------------------
| Other Path Groups Table
| -----------------------
------------------------------------------------------------------------------------------------

Path Group    From Clock    To Clock          WNS(ns)      TNS(ns)  TNS Failing Endpoints  TNS Total Endpoints      WHS(ns)      THS(ns)  THS Failing Endpoints  THS Total Endpoints  
----------    ----------    --------          -------      -------  ---------------------  -------------------      -------      -------  ---------------------  -------------------  


------------------------------------------------------------------------------------------------
| Timing Details
| --------------
------------------------------------------------------------------------------------------------


---------------------------------------------------------------------------------------------------
From Clock:  clock
  To Clock:  clock

Setup :            0  Failing Endpoints,  Worst Slack        3.254ns,  Total Violation        0.000ns
Hold  :            0  Failing Endpoints,  Worst Slack        0.126ns,  Total Violation        0.000ns
PW    :            0  Failing Endpoints,  Worst Slack        4.500ns,  Total Violation        0.000ns
---------------------------------------------------------------------------------------------------


Max Delay Paths
--------------------------------------------------------------------------------------
Slack (MET) :             3.254ns  (required time - arrival time)
  Source:                 fir_0_0_0_589_reg[2]/C
                            (rising edge-triggered cell FDRE clocked by clock  {rise@0.000ns fall@5.000ns period=10.000ns})
  Destination:            mac_muladd_16s_7ns_24s_24_4_1_U2/oneHlsFirTop_mac_muladd_16s_7ns_24s_24_4_1_DSP48_0_U/p_reg_reg/C[22]
                            (rising edge-triggered cell DSP48E1 clocked by clock  {rise@0.000ns fall@5.000ns period=10.000ns})
  Path Group:             clock
  Path Type:              Setup (Max at Slow Process Corner)
  Requirement:            10.000ns  (clock rise@10.000ns - clock rise@0.000ns)
  Data Path Delay:        4.894ns  (logic 2.739ns (55.966%)  route 2.155ns (44.034%))
  Logic Levels:           9  (CARRY4=7 LUT2=2)
  Clock Path Skew:        0.067ns (DCD - SCD + CPR)
    Destination Clock Delay (DCD):    1.614ns = ( 11.614 - 10.000 ) 
    Source Clock Delay      (SCD):    1.642ns
    Clock Pessimism Removal (CPR):    0.095ns
  Clock Uncertainty:      0.035ns  ((TSJ^2 + TIJ^2)^1/2 + DJ) / 2 + PE
    Total System Jitter     (TSJ):    0.071ns
    Total Input Jitter      (TIJ):    0.000ns
    Discrete Jitter          (DJ):    0.000ns
    Phase Error              (PE):    0.000ns

    Location             Delay type                Incr(ns)  Path(ns)    Netlist Resource(s)
  -------------------------------------------------------------------    -------------------
                         (clock clock rise edge)      0.000     0.000 r  <hidden>
                                                      0.000     0.000 r  ap_clk
                         net (fo=86, unset)           1.642     1.642    ap_clk
    SLICE_X10Y85         FDRE                                         r  fir_0_0_0_589_reg[2]/C
  -------------------------------------------------------------------    -------------------
    SLICE_X10Y85         FDRE (Prop_fdre_C_Q)         0.518     2.160 r  fir_0_0_0_589_reg[2]/Q
                         net (fo=3, estimated)        0.825     2.985    mac_muladd_16s_7ns_24s_24_4_1_U2/oneHlsFirTop_mac_muladd_16s_7ns_24s_24_4_1_DSP48_0_U/p_reg_reg_i_16__0[2]
    SLICE_X10Y85         LUT2 (Prop_lut2_I0_O)        0.124     3.109 r  mac_muladd_16s_7ns_24s_24_4_1_U2/oneHlsFirTop_mac_muladd_16s_7ns_24s_24_4_1_DSP48_0_U/p_reg_reg_i_48/O
                         net (fo=1, routed)           0.000     3.109    mac_muladd_16s_7ns_24s_24_4_1_U2/oneHlsFirTop_mac_muladd_16s_7ns_24s_24_4_1_DSP48_0_U/p_reg_reg_i_48_n_0
    SLICE_X10Y85         CARRY4 (Prop_carry4_S[3]_CO[3])
                                                      0.376     3.485 r  mac_muladd_16s_7ns_24s_24_4_1_U2/oneHlsFirTop_mac_muladd_16s_7ns_24s_24_4_1_DSP48_0_U/p_reg_reg_i_34/CO[3]
                         net (fo=1, estimated)        0.000     3.485    mac_muladd_16s_7ns_24s_24_4_1_U2/oneHlsFirTop_mac_muladd_16s_7ns_24s_24_4_1_DSP48_0_U/p_reg_reg_i_34_n_0
    SLICE_X10Y86         CARRY4 (Prop_carry4_CI_O[0])
                                                      0.219     3.704 r  mac_muladd_16s_7ns_24s_24_4_1_U2/oneHlsFirTop_mac_muladd_16s_7ns_24s_24_4_1_DSP48_0_U/p_reg_reg_i_33/O[0]
                         net (fo=1, estimated)        0.581     4.285    mac_muladd_16s_7ns_20s_23_4_1_U1/oneHlsFirTop_mac_muladd_16s_7ns_20s_23_4_1_DSP48_0_U/sext_ln566_3_fu_148_p1[4]
    SLICE_X12Y86         LUT2 (Prop_lut2_I1_O)        0.295     4.580 r  mac_muladd_16s_7ns_20s_23_4_1_U1/oneHlsFirTop_mac_muladd_16s_7ns_20s_23_4_1_DSP48_0_U/p_reg_reg_i_24/O
                         net (fo=1, routed)           0.000     4.580    mac_muladd_16s_7ns_20s_23_4_1_U1/oneHlsFirTop_mac_muladd_16s_7ns_20s_23_4_1_DSP48_0_U/p_reg_reg_i_24_n_0
    SLICE_X12Y86         CARRY4 (Prop_carry4_S[1]_CO[3])
                                                      0.533     5.113 r  mac_muladd_16s_7ns_20s_23_4_1_U1/oneHlsFirTop_mac_muladd_16s_7ns_20s_23_4_1_DSP48_0_U/p_reg_reg_i_5__0/CO[3]
                         net (fo=1, estimated)        0.000     5.113    mac_muladd_16s_7ns_20s_23_4_1_U1/oneHlsFirTop_mac_muladd_16s_7ns_20s_23_4_1_DSP48_0_U/p_reg_reg_i_5__0_n_0
    SLICE_X12Y87         CARRY4 (Prop_carry4_CI_CO[3])
                                                      0.117     5.230 r  mac_muladd_16s_7ns_20s_23_4_1_U1/oneHlsFirTop_mac_muladd_16s_7ns_20s_23_4_1_DSP48_0_U/p_reg_reg_i_4__0/CO[3]
                         net (fo=1, estimated)        0.000     5.230    mac_muladd_16s_7ns_20s_23_4_1_U1/oneHlsFirTop_mac_muladd_16s_7ns_20s_23_4_1_DSP48_0_U/p_reg_reg_i_4__0_n_0
    SLICE_X12Y88         CARRY4 (Prop_carry4_CI_CO[3])
                                                      0.117     5.347 r  mac_muladd_16s_7ns_20s_23_4_1_U1/oneHlsFirTop_mac_muladd_16s_7ns_20s_23_4_1_DSP48_0_U/p_reg_reg_i_3__0/CO[3]
                         net (fo=1, estimated)        0.000     5.347    mac_muladd_16s_7ns_20s_23_4_1_U1/oneHlsFirTop_mac_muladd_16s_7ns_20s_23_4_1_DSP48_0_U/p_reg_reg_i_3__0_n_0
    SLICE_X12Y89         CARRY4 (Prop_carry4_CI_CO[3])
                                                      0.117     5.464 r  mac_muladd_16s_7ns_20s_23_4_1_U1/oneHlsFirTop_mac_muladd_16s_7ns_20s_23_4_1_DSP48_0_U/p_reg_reg_i_2__0/CO[3]
                         net (fo=1, estimated)        0.000     5.464    mac_muladd_16s_7ns_20s_23_4_1_U1/oneHlsFirTop_mac_muladd_16s_7ns_20s_23_4_1_DSP48_0_U/p_reg_reg_i_2__0_n_0
    SLICE_X12Y90         CARRY4 (Prop_carry4_CI_O[1])
                                                      0.323     5.787 r  mac_muladd_16s_7ns_20s_23_4_1_U1/oneHlsFirTop_mac_muladd_16s_7ns_20s_23_4_1_DSP48_0_U/p_reg_reg_i_1__0/O[1]
                         net (fo=1, estimated)        0.749     6.536    mac_muladd_16s_7ns_24s_24_4_1_U2/oneHlsFirTop_mac_muladd_16s_7ns_24s_24_4_1_DSP48_0_U/C[22]
    DSP48_X0Y35          DSP48E1                                      r  mac_muladd_16s_7ns_24s_24_4_1_U2/oneHlsFirTop_mac_muladd_16s_7ns_24s_24_4_1_DSP48_0_U/p_reg_reg/C[22]
  -------------------------------------------------------------------    -------------------

                         (clock clock rise edge)     10.000    10.000 r  <hidden>
                                                      0.000    10.000 r  ap_clk
                         net (fo=86, unset)           1.614    11.614    mac_muladd_16s_7ns_24s_24_4_1_U2/oneHlsFirTop_mac_muladd_16s_7ns_24s_24_4_1_DSP48_0_U/ap_clk
    DSP48_X0Y35          DSP48E1                                      r  mac_muladd_16s_7ns_24s_24_4_1_U2/oneHlsFirTop_mac_muladd_16s_7ns_24s_24_4_1_DSP48_0_U/p_reg_reg/CLK
                         clock pessimism              0.095    11.709    <hidden>
                         clock uncertainty           -0.035    11.673    <hidden>
    DSP48_X0Y35          DSP48E1 (Setup_dsp48e1_CLK_C[22])
                                                     -1.883     9.790    mac_muladd_16s_7ns_24s_24_4_1_U2/oneHlsFirTop_mac_muladd_16s_7ns_24s_24_4_1_DSP48_0_U/p_reg_reg
  -------------------------------------------------------------------
                         required time                          9.790    <hidden>
                         arrival time                          -6.536    <hidden>
  -------------------------------------------------------------------
                         slack                                  3.254    <hidden>





Min Delay Paths
--------------------------------------------------------------------------------------
Slack (MET) :             0.126ns  (arrival time - required time)
  Source:                 fir_0_1_587_reg[4]/C
                            (rising edge-triggered cell FDRE clocked by clock  {rise@0.000ns fall@5.000ns period=10.000ns})
  Destination:            mac_muladd_16s_7ns_24s_24_4_1_U2/oneHlsFirTop_mac_muladd_16s_7ns_24s_24_4_1_DSP48_0_U/p_reg_reg/A[4]
                            (rising edge-triggered cell DSP48E1 clocked by clock  {rise@0.000ns fall@5.000ns period=10.000ns})
  Path Group:             clock
  Path Type:              Hold (Min at Fast Process Corner)
  Requirement:            0.000ns  (clock rise@0.000ns - clock rise@0.000ns)
  Data Path Delay:        0.321ns  (logic 0.141ns (43.984%)  route 0.180ns (56.016%))
  Logic Levels:           0  
  Clock Path Skew:        0.129ns (DCD - SCD - CPR)
    Destination Clock Delay (DCD):    0.933ns
    Source Clock Delay      (SCD):    0.570ns
    Clock Pessimism Removal (CPR):    0.234ns

    Location             Delay type                Incr(ns)  Path(ns)    Netlist Resource(s)
  -------------------------------------------------------------------    -------------------
                         (clock clock rise edge)      0.000     0.000 r  <hidden>
                                                      0.000     0.000 r  ap_clk
                         net (fo=86, unset)           0.570     0.570    ap_clk
    SLICE_X13Y86         FDRE                                         r  fir_0_1_587_reg[4]/C
  -------------------------------------------------------------------    -------------------
    SLICE_X13Y86         FDRE (Prop_fdre_C_Q)         0.141     0.711 r  fir_0_1_587_reg[4]/Q
                         net (fo=2, estimated)        0.180     0.891    mac_muladd_16s_7ns_24s_24_4_1_U2/oneHlsFirTop_mac_muladd_16s_7ns_24s_24_4_1_DSP48_0_U/p_reg_reg_0[4]
    DSP48_X0Y35          DSP48E1                                      r  mac_muladd_16s_7ns_24s_24_4_1_U2/oneHlsFirTop_mac_muladd_16s_7ns_24s_24_4_1_DSP48_0_U/p_reg_reg/A[4]
  -------------------------------------------------------------------    -------------------

                         (clock clock rise edge)      0.000     0.000 r  <hidden>
                                                      0.000     0.000 r  ap_clk
                         net (fo=86, unset)           0.933     0.933    mac_muladd_16s_7ns_24s_24_4_1_U2/oneHlsFirTop_mac_muladd_16s_7ns_24s_24_4_1_DSP48_0_U/ap_clk
    DSP48_X0Y35          DSP48E1                                      r  mac_muladd_16s_7ns_24s_24_4_1_U2/oneHlsFirTop_mac_muladd_16s_7ns_24s_24_4_1_DSP48_0_U/p_reg_reg/CLK
                         clock pessimism             -0.234     0.699    <hidden>
    DSP48_X0Y35          DSP48E1 (Hold_dsp48e1_CLK_A[4])
                                                      0.066     0.765    mac_muladd_16s_7ns_24s_24_4_1_U2/oneHlsFirTop_mac_muladd_16s_7ns_24s_24_4_1_DSP48_0_U/p_reg_reg
  -------------------------------------------------------------------
                         required time                         -0.765    <hidden>
                         arrival time                           0.891    <hidden>
  -------------------------------------------------------------------
                         slack                                  0.126    <hidden>





Pulse Width Checks
--------------------------------------------------------------------------------------
Clock Name:         clock
Waveform(ns):       { 0.000 5.000 }
Period(ns):         10.000
Sources:            { ap_clk }

Check Type        Corner  Lib Pin      Reference Pin  Required(ns)  Actual(ns)  Slack(ns)  Location     Pin
Min Period        n/a     DSP48E1/CLK  n/a            2.154         10.000      7.846      DSP48_X0Y34  mac_muladd_16s_7ns_20s_23_4_1_U1/oneHlsFirTop_mac_muladd_16s_7ns_20s_23_4_1_DSP48_0_U/p_reg_reg/CLK
Low Pulse Width   Slow    FDSE/C       n/a            0.500         5.000       4.500      SLICE_X8Y85  ap_CS_fsm_reg[0]/C
High Pulse Width  Slow    FDSE/C       n/a            0.500         5.000       4.500      SLICE_X8Y85  ap_CS_fsm_reg[0]/C



