

================================================================
== Vitis HLS Report for 'oneHlsAxisTop'
================================================================
* Date:           Tue Sep  1 11:34:13 2026

* Version:        2026.1 (Build 6493734 on Jun 16 2026)
* Project:        p
* Solution:       s
* Product family: artix7
* Target device:  xc7a100t-csg324-1


================================================================
== Performance Estimates
================================================================
+ Timing: 
    * Summary: 
    +--------+----------+----------+------------+
    |  Clock |  Target  | Estimated| Uncertainty|
    +--------+----------+----------+------------+
    |ap_clk  |  10.00 ns|  7.290 ns|     2.70 ns|
    +--------+----------+----------+------------+

+ Latency: 
    * Summary: 
    +---------+---------+-----------+----------+-----+-----+---------+
    |  Latency (cycles) |  Latency (absolute)  |  Interval | Pipeline|
    |   min   |   max   |    min    |    max   | min | max |   Type  |
    +---------+---------+-----------+----------+-----+-----+---------+
    |        4|       71|  40.000 ns|  0.710 us|    5|   72|       no|
    +---------+---------+-----------+----------+-----+-----+---------+

    + Detail: 
        * Instance: 
        +-----------------+-------+---------+---------+-----------+----------+-----+-----+---------+
        |                 |       |  Latency (cycles) |  Latency (absolute)  |  Interval | Pipeline|
        |     Instance    | Module|   min   |   max   |    min    |    max   | min | max |   Type  |
        +-----------------+-------+---------+---------+-----------+----------+-----+-----+---------+
        |grp_feed_fu_160  |feed   |        1|       68|  10.000 ns|  0.680 us|    1|   68|       no|
        +-----------------+-------+---------+---------+-----------+----------+-----+-----+---------+

        * Loop: 
        N/A



================================================================
== Utilization Estimates
================================================================
* Summary: 
+-----------------+---------+-----+--------+-------+-----+
|       Name      | BRAM_18K| DSP |   FF   |  LUT  | URAM|
+-----------------+---------+-----+--------+-------+-----+
|DSP              |        -|    -|       -|      -|    -|
|Expression       |        -|    -|       0|    272|    -|
|FIFO             |        -|    -|       -|      -|    -|
|Instance         |        1|   12|    1130|   2933|    0|
|Memory           |        0|    -|      32|     10|    0|
|Multiplexer      |        -|    -|       0|     93|    -|
|Register         |        -|    -|     136|      -|    -|
+-----------------+---------+-----+--------+-------+-----+
|Total            |        1|   12|    1298|   3308|    0|
+-----------------+---------+-----+--------+-------+-----+
|Available        |      270|  240|  126800|  63400|    0|
+-----------------+---------+-----+--------+-------+-----+
|Utilization (%)  |       ~0|    5|       1|      5|    0|
+-----------------+---------+-----+--------+-------+-----+

+ Detail: 
    * Instance: 
    +-----------------+-------+---------+----+------+------+-----+
    |     Instance    | Module| BRAM_18K| DSP|  FF  |  LUT | URAM|
    +-----------------+-------+---------+----+------+------+-----+
    |grp_feed_fu_160  |feed   |        1|  12|  1130|  2933|    0|
    +-----------------+-------+---------+----+------+------+-----+
    |Total            |       |        1|  12|  1130|  2933|    0|
    +-----------------+-------+---------+----+------+------+-----+

    * DSP: 
    N/A

    * Memory: 
    +---------------------+---------------------------------+---------+----+----+-----+------+-----+------+-------------+
    |        Memory       |              Module             | BRAM_18K| FF | LUT| URAM| Words| Bits| Banks| W*Bits*Banks|
    +---------------------+---------------------------------+---------+----+----+-----+------+-----+------+-------------+
    |axis_skid_buf_722_U  |axis_skid_buf_722_RAM_AUTO_1R1W  |        0|  32|  10|    0|    19|   32|     1|          608|
    +---------------------+---------------------------------+---------+----+----+-----+------+-----+------+-------------+
    |Total                |                                 |        0|  32|  10|    0|    19|   32|     1|          608|
    +---------------------+---------------------------------+---------+----+----+-----+------+-----+------+-------------+

    * FIFO: 
    N/A

    * Expression: 
    +-----------------------+----------+----+---+----+------------+------------+
    |     Variable Name     | Operation| DSP| FF| LUT| Bitwidth P0| Bitwidth P1|
    +-----------------------+----------+----+---+----+------------+------------+
    |add_ln59_1_fu_256_p2   |         +|   0|  0|  39|          32|           2|
    |add_ln59_fu_230_p2     |         +|   0|  0|  39|          32|           1|
    |add_ln87_fu_272_p2     |         +|   0|  0|  39|          32|           1|
    |icmp_ln49_fu_197_p2    |      icmp|   0|  0|  39|          32|           1|
    |icmp_ln59_fu_236_p2    |      icmp|   0|  0|  39|          32|           5|
    |tl_fu_278_p2           |      icmp|   0|  0|  39|          32|          10|
    |or_ln85_fu_215_p2      |        or|   0|  0|   2|           1|           1|
    |select_ln59_fu_242_p3  |    select|   0|  0|  32|           1|           1|
    |tv_fu_203_p2           |       xor|   0|  0|   2|           1|           2|
    |xor_ln85_fu_209_p2     |       xor|   0|  0|   2|           1|           2|
    +-----------------------+----------+----+---+----+------------+------------+
    |Total                  |          |   0|  0| 272|         196|          26|
    +-----------------------+----------+----+---+----+------------+------------+

    * Multiplexer: 
    +------------------------------------+----+-----------+-----+-----------+
    |                Name                | LUT| Input Size| Bits| Total Bits|
    +------------------------------------+----+-----------+-----+-----------+
    |ap_NS_fsm                           |  21|          5|    1|          5|
    |ap_phi_mux_phi_ln185_phi_fu_141_p4  |   9|          2|   16|         32|
    |ap_phi_mux_tl_1_phi_fu_152_p4       |   9|          2|    1|          2|
    |axis_skid_buf_722_address0          |   9|          2|    5|         10|
    |axis_skid_buf_722_ce0               |   9|          2|    1|          2|
    |axis_skid_buf_722_we0               |   9|          2|    1|          2|
    |axis_skid_count                     |   9|          2|   32|         64|
    |phi_ln185_reg_137                   |   9|          2|   16|         32|
    |tl_1_reg_148                        |   9|          2|    1|          2|
    +------------------------------------+----+-----------+-----+-----------+
    |Total                               |  93|         21|   74|        151|
    +------------------------------------+----+-----------+-----+-----------+

    * Register: 
    +------------------------------+----+----+-----+-----------+
    |             Name             | FF | LUT| Bits| Const Bits|
    +------------------------------+----+----+-----+-----------+
    |ap_CS_fsm                     |   4|   0|    4|          0|
    |axis_skidPopped               |  32|   0|   32|          0|
    |axis_skid_count               |  32|   0|   32|          0|
    |axis_skid_rd                  |  32|   0|   32|          0|
    |grp_feed_fu_160_ap_start_reg  |   1|   0|    1|          0|
    |or_ln85_reg_317               |   1|   0|    1|          0|
    |phi_ln185_reg_137             |  16|   0|   16|          0|
    |shl_ln185_reg_307             |  16|   0|   16|          0|
    |tl_1_reg_148                  |   1|   0|    1|          0|
    |tv_reg_312                    |   1|   0|    1|          0|
    +------------------------------+----+----+-----+-----------+
    |Total                         | 136|   0|  136|          0|
    +------------------------------+----+----+-----+-----------+



================================================================
== Interface
================================================================
* Summary: 
+------------------+-----+-----+------------+---------------+--------------+
|     RTL Ports    | Dir | Bits|  Protocol  | Source Object |    C Type    |
+------------------+-----+-----+------------+---------------+--------------+
|ap_clk            |   in|    1|  ap_ctrl_hs|  oneHlsAxisTop|  return value|
|ap_rst            |   in|    1|  ap_ctrl_hs|  oneHlsAxisTop|  return value|
|ap_start          |   in|    1|  ap_ctrl_hs|  oneHlsAxisTop|  return value|
|ap_done           |  out|    1|  ap_ctrl_hs|  oneHlsAxisTop|  return value|
|ap_idle           |  out|    1|  ap_ctrl_hs|  oneHlsAxisTop|  return value|
|ap_ready          |  out|    1|  ap_ctrl_hs|  oneHlsAxisTop|  return value|
|x                 |   in|   16|     ap_none|              x|        scalar|
|tready            |   in|    1|     ap_none|         tready|        scalar|
|tdata             |  out|   32|      ap_vld|          tdata|       pointer|
|tdata_ap_vld      |  out|    1|      ap_vld|          tdata|       pointer|
|tvalid            |  out|    1|      ap_vld|         tvalid|       pointer|
|tvalid_ap_vld     |  out|    1|      ap_vld|         tvalid|       pointer|
|tlast             |  out|    1|      ap_vld|          tlast|       pointer|
|tlast_ap_vld      |  out|    1|      ap_vld|          tlast|       pointer|
|in_tready         |  out|    1|      ap_vld|      in_tready|       pointer|
|in_tready_ap_vld  |  out|    1|      ap_vld|      in_tready|       pointer|
+------------------+-----+-----+------------+---------------+--------------+

