

================================================================
== Vitis HLS Report for 'oneHlsLineBufferTop'
================================================================
* Date:           Tue Sep  1 01:23:53 2026

* Version:        2026.1 (Build 6493734 on Jun 16 2026)
* Project:        proj
* Solution:       solution1
* Product family: artix7
* Target device:  xc7a100t-csg324-1


================================================================
== Performance Estimates
================================================================
+ Timing: 
    * Summary: 
    +--------+----------+----------+------------+
    |  Clock |  Target  | Estimated| Uncertainty|
    +--------+----------+----------+------------+
    |ap_clk  |  10.00 ns|  6.648 ns|     2.70 ns|
    +--------+----------+----------+------------+

+ Latency: 
    * Summary: 
    +---------+---------+----------+----------+-----+-----+---------+
    |  Latency (cycles) |  Latency (absolute) |  Interval | Pipeline|
    |   min   |   max   |    min   |    max   | min | max |   Type  |
    +---------+---------+----------+----------+-----+-----+---------+
    |       15|       15|  0.150 us|  0.150 us|   16|   16|       no|
    +---------+---------+----------+----------+-----+-----+---------+

    + Detail: 
        * Instance: 
        +---------------------------------------------------------+----------------------------------------------+---------+---------+-----------+-----------+-----+-----+-------------------+
        |                                                         |                                              |  Latency (cycles) |   Latency (absolute)  |  Interval |      Pipeline     |
        |                         Instance                        |                    Module                    |   min   |   max   |    min    |    max    | min | max |        Type       |
        +---------------------------------------------------------+----------------------------------------------+---------+---------+-----------+-----------+-----+-----+-------------------+
        |grp_oneHlsLineBufferTop_Pipeline_VITIS_LOOP_47_2_fu_96   |oneHlsLineBufferTop_Pipeline_VITIS_LOOP_47_2  |        6|        6|  60.000 ns|  60.000 ns|    0|    0|  loop pipeline stp|
        |grp_oneHlsLineBufferTop_Pipeline_VITIS_LOOP_23_1_fu_107  |oneHlsLineBufferTop_Pipeline_VITIS_LOOP_23_1  |        5|        5|  50.000 ns|  50.000 ns|    0|    0|  loop pipeline stp|
        +---------------------------------------------------------+----------------------------------------------+---------+---------+-----------+-----------+-----+-----+-------------------+

        * Loop: 
        N/A



================================================================
== Utilization Estimates
================================================================
* Summary: 
+-----------------+---------+-----+--------+-------+-----+
|       Name      | BRAM_18K| DSP |   FF   |  LUT  | URAM|
+-----------------+---------+-----+--------+-------+-----+
|DSP              |        -|    -|       -|      -|    -|
|Expression       |        -|    -|       0|    227|    -|
|FIFO             |        -|    -|       -|      -|    -|
|Instance         |        -|    -|      64|    158|    -|
|Memory           |        0|    -|      16|      5|    0|
|Multiplexer      |        -|    -|       0|     52|    -|
|Register         |        -|    -|     114|      -|    -|
+-----------------+---------+-----+--------+-------+-----+
|Total            |        0|    0|     194|    442|    0|
+-----------------+---------+-----+--------+-------+-----+
|Available        |      270|  240|  126800|  63400|    0|
+-----------------+---------+-----+--------+-------+-----+
|Utilization (%)  |        0|    0|      ~0|     ~0|    0|
+-----------------+---------+-----+--------+-------+-----+

+ Detail: 
    * Instance: 
    +---------------------------------------------------------+----------------------------------------------+---------+----+----+-----+-----+
    |                         Instance                        |                    Module                    | BRAM_18K| DSP| FF | LUT | URAM|
    +---------------------------------------------------------+----------------------------------------------+---------+----+----+-----+-----+
    |grp_oneHlsLineBufferTop_Pipeline_VITIS_LOOP_23_1_fu_107  |oneHlsLineBufferTop_Pipeline_VITIS_LOOP_23_1  |        0|   0|   4|   56|    0|
    |grp_oneHlsLineBufferTop_Pipeline_VITIS_LOOP_47_2_fu_96   |oneHlsLineBufferTop_Pipeline_VITIS_LOOP_47_2  |        0|   0|  60|  102|    0|
    +---------------------------------------------------------+----------------------------------------------+---------+----+----+-----+-----+
    |Total                                                    |                                              |        0|   0|  64|  158|    0|
    +---------------------------------------------------------+----------------------------------------------+---------+----+----+-----+-----+

    * DSP: 
    N/A

    * Memory: 
    +--------------+--------------------------+---------+----+----+-----+------+-----+------+-------------+
    |    Memory    |          Module          | BRAM_18K| FF | LUT| URAM| Words| Bits| Banks| W*Bits*Banks|
    +--------------+--------------------------+---------+----+----+-----+------+-----+------+-------------+
    |lb_ring_37_U  |lb_ring_37_RAM_AUTO_1R1W  |        0|  16|   5|    0|    17|   16|     1|          272|
    +--------------+--------------------------+---------+----+----+-----+------+-----+------+-------------+
    |Total         |                          |        0|  16|   5|    0|    17|   16|     1|          272|
    +--------------+--------------------------+---------+----+----+-----+------+-----+------+-------------+

    * FIFO: 
    N/A

    * Expression: 
    +-----------------------+----------+----+---+----+------------+------------+
    |     Variable Name     | Operation| DSP| FF| LUT| Bitwidth P0| Bitwidth P1|
    +-----------------------+----------+----+---+----+------------+------------+
    |add_ln53_fu_155_p2     |         +|   0|  0|  39|          32|           1|
    |add_ln54_fu_167_p2     |         +|   0|  0|  39|          32|           1|
    |icmp_ln53_fu_149_p2    |      icmp|   0|  0|  39|          32|           5|
    |icmp_ln54_fu_172_p2    |      icmp|   0|  0|  39|          32|           5|
    |valid_out              |      icmp|   0|  0|  39|          32|           5|
    |select_ln54_fu_178_p3  |    select|   0|  0|  32|           1|           1|
    +-----------------------+----------+----+---+----+------------+------------+
    |Total                  |          |   0|  0| 227|         161|          18|
    +-----------------------+----------+----+---+----+------------+------------+

    * Multiplexer: 
    +---------------------+----+-----------+-----+-----------+
    |         Name        | LUT| Input Size| Bits| Total Bits|
    +---------------------+----+-----------+-----+-----------+
    |ap_NS_fsm            |  25|          6|    1|          6|
    |empty_reg_87         |   9|          2|   32|         64|
    |lb_ring_37_address0  |   9|          2|    5|         10|
    |lb_ring_37_ce0       |   9|          2|    1|          2|
    +---------------------+----+-----------+-----+-----------+
    |Total                |  52|         12|   39|         82|
    +---------------------+----+-----------+-----+-----------+

    * Register: 
    +----------------------------------------------------------------------+----+----+-----+-----------+
    |                                 Name                                 | FF | LUT| Bits| Const Bits|
    +----------------------------------------------------------------------+----+----+-----+-----------+
    |ap_CS_fsm                                                             |   5|   0|    5|          0|
    |empty_reg_87                                                          |  32|   0|   32|          0|
    |grp_oneHlsLineBufferTop_Pipeline_VITIS_LOOP_23_1_fu_107_ap_start_reg  |   1|   0|    1|          0|
    |grp_oneHlsLineBufferTop_Pipeline_VITIS_LOOP_47_2_fu_96_ap_start_reg   |   1|   0|    1|          0|
    |lb_filled                                                             |  32|   0|   32|          0|
    |lb_wr                                                                 |  32|   0|   32|          0|
    |trunc_ln45_1_reg_225                                                  |   5|   0|    5|          0|
    |trunc_ln45_reg_220                                                    |   6|   0|    6|          0|
    +----------------------------------------------------------------------+----+----+-----+-----------+
    |Total                                                                 | 114|   0|  114|          0|
    +----------------------------------------------------------------------+----+----+-----+-----------+



================================================================
== Interface
================================================================
* Summary: 
+------------------+-----+-----+------------+---------------------+--------------+
|     RTL Ports    | Dir | Bits|  Protocol  |    Source Object    |    C Type    |
+------------------+-----+-----+------------+---------------------+--------------+
|ap_clk            |   in|    1|  ap_ctrl_hs|  oneHlsLineBufferTop|  return value|
|ap_rst            |   in|    1|  ap_ctrl_hs|  oneHlsLineBufferTop|  return value|
|ap_start          |   in|    1|  ap_ctrl_hs|  oneHlsLineBufferTop|  return value|
|ap_done           |  out|    1|  ap_ctrl_hs|  oneHlsLineBufferTop|  return value|
|ap_idle           |  out|    1|  ap_ctrl_hs|  oneHlsLineBufferTop|  return value|
|ap_ready          |  out|    1|  ap_ctrl_hs|  oneHlsLineBufferTop|  return value|
|x                 |   in|   16|     ap_none|                    x|        scalar|
|col_out_address0  |  out|    2|   ap_memory|              col_out|         array|
|col_out_ce0       |  out|    1|   ap_memory|              col_out|         array|
|col_out_we0       |  out|    1|   ap_memory|              col_out|         array|
|col_out_d0        |  out|   32|   ap_memory|              col_out|         array|
|valid_out         |  out|    1|      ap_vld|            valid_out|       pointer|
|valid_out_ap_vld  |  out|    1|      ap_vld|            valid_out|       pointer|
+------------------+-----+-----+------------+---------------------+--------------+

