

================================================================
== Vitis HLS Report for 'oneHlsTwoLayerTop'
================================================================
* Date:           Tue Sep  1 02:27:05 2026

* Version:        2026.1 (Build 6493734 on Jun 16 2026)
* Project:        proj
* Solution:       solution1
* Product family: artix7
* Target device:  xc7a100t-csg324-1


================================================================
== Performance Estimates
================================================================
+ Timing: 
    * Summary: 
    +--------+----------+----------+------------+
    |  Clock |  Target  | Estimated| Uncertainty|
    +--------+----------+----------+------------+
    |ap_clk  |  10.00 ns|  7.290 ns|     2.70 ns|
    +--------+----------+----------+------------+

+ Latency: 
    * Summary: 
    +---------+---------+----------+----------+-----+-----+---------+
    |  Latency (cycles) |  Latency (absolute) |  Interval | Pipeline|
    |   min   |   max   |    min   |    max   | min | max |   Type  |
    +---------+---------+----------+----------+-----+-----+---------+
    |       45|      172|  0.450 us|  1.720 us|   46|  173|       no|
    +---------+---------+----------+----------+-----+-----+---------+

    + Detail: 
        * Instance: 
        +-------------------+--------+---------+---------+----------+----------+-----+-----+---------+
        |                   |        |  Latency (cycles) |  Latency (absolute) |  Interval | Pipeline|
        |      Instance     | Module |   min   |   max   |    min   |    max   | min | max |   Type  |
        +-------------------+--------+---------+---------+----------+----------+-----+-----+---------+
        |grp_step_1_fu_479  |step_1  |       42|       56|  0.420 us|  0.560 us|   42|   56|       no|
        |grp_step_2_fu_498  |step_2  |       24|       32|  0.240 us|  0.320 us|   24|   32|       no|
        |grp_step_fu_530    |step    |       42|       56|  0.420 us|  0.560 us|   42|   56|       no|
        +-------------------+--------+---------+---------+----------+----------+-----+-----+---------+

        * Loop: 
        N/A



================================================================
== Utilization Estimates
================================================================
* Summary: 
+-----------------+---------+-----+--------+-------+-----+
|       Name      | BRAM_18K| DSP |   FF   |  LUT  | URAM|
+-----------------+---------+-----+--------+-------+-----+
|DSP              |        -|    -|       -|      -|    -|
|Expression       |        -|    -|       0|   2159|    -|
|FIFO             |        -|    -|       -|      -|    -|
|Instance         |        0|   11|    1386|   4612|    0|
|Memory           |        0|    -|      64|      6|    0|
|Multiplexer      |        -|    -|       0|    368|    -|
|Register         |        -|    -|    1068|      -|    -|
+-----------------+---------+-----+--------+-------+-----+
|Total            |        0|   11|    2518|   7145|    0|
+-----------------+---------+-----+--------+-------+-----+
|Available        |      270|  240|  126800|  63400|    0|
+-----------------+---------+-----+--------+-------+-----+
|Utilization (%)  |        0|    4|       1|     11|    0|
+-----------------+---------+-----+--------+-------+-----+

+ Detail: 
    * Instance: 
    +-------------------------+---------------------+---------+----+-----+------+-----+
    |         Instance        |        Module       | BRAM_18K| DSP|  FF |  LUT | URAM|
    +-------------------------+---------------------+---------+----+-----+------+-----+
    |mul_24s_14ns_38_1_1_U78  |mul_24s_14ns_38_1_1  |        0|   1|    0|    40|    0|
    |mul_24s_15ns_39_1_1_U83  |mul_24s_15ns_39_1_1  |        0|   1|    0|    40|    0|
    |mul_24s_16ns_40_1_1_U85  |mul_24s_16ns_40_1_1  |        0|   1|    0|    40|    0|
    |mul_24s_16s_40_1_1_U79   |mul_24s_16s_40_1_1   |        0|   1|    0|    40|    0|
    |mul_24s_16s_40_1_1_U82   |mul_24s_16s_40_1_1   |        0|   1|    0|    40|    0|
    |mul_24s_16s_40_1_1_U87   |mul_24s_16s_40_1_1   |        0|   1|    0|    40|    0|
    |mul_24s_17ns_41_1_1_U80  |mul_24s_17ns_41_1_1  |        0|   1|    0|    40|    0|
    |mul_24s_17ns_41_1_1_U81  |mul_24s_17ns_41_1_1  |        0|   1|    0|    40|    0|
    |mul_24s_17ns_41_1_1_U88  |mul_24s_17ns_41_1_1  |        0|   1|    0|    40|    0|
    |mul_24s_17s_41_1_1_U84   |mul_24s_17s_41_1_1   |        0|   1|    0|    40|    0|
    |mul_24s_17s_41_1_1_U86   |mul_24s_17s_41_1_1   |        0|   1|    0|    40|    0|
    |grp_step_fu_530          |step                 |        0|   0|  388|  1312|    0|
    |grp_step_1_fu_479        |step_1               |        0|   0|  392|  1303|    0|
    |grp_step_2_fu_498        |step_2               |        0|   0|  606|  1557|    0|
    +-------------------------+---------------------+---------+----+-----+------+-----+
    |Total                    |                     |        0|  11| 1386|  4612|    0|
    +-------------------------+---------------------+---------+----+-----+------+-----+

    * DSP: 
    N/A

    * Memory: 
    +-----------+-----------------------+---------+----+----+-----+------+-----+------+-------------+
    |   Memory  |         Module        | BRAM_18K| FF | LUT| URAM| Words| Bits| Banks| W*Bits*Banks|
    +-----------+-----------------------+---------+----+----+-----+------+-----+------+-------------+
    |flat_10_U  |flat_10_RAM_AUTO_1R1W  |        0|  32|   3|    0|     9|   16|     1|          144|
    |flat_9_U   |flat_10_RAM_AUTO_1R1W  |        0|  32|   3|    0|     9|   16|     1|          144|
    +-----------+-----------------------+---------+----+----+-----+------+-----+------+-------------+
    |Total      |                       |        0|  64|   6|    0|    18|   32|     2|          288|
    +-----------+-----------------------+---------+----+----+-----+------+-----+------+-------------+

    * FIFO: 
    N/A

    * Expression: 
    +---------------------------+----------+----+---+----+------------+------------+
    |       Variable Name       | Operation| DSP| FF| LUT| Bitwidth P0| Bitwidth P1|
    +---------------------------+----------+----+---+----+------------+------------+
    |add_ln1210_10_fu_1275_p2   |         +|   0|  0|   8|           8|           8|
    |add_ln1210_11_fu_1266_p2   |         +|   0|  0|  10|           2|           2|
    |add_ln1210_12_fu_1283_p2   |         +|   0|  0|  15|           8|           8|
    |add_ln1210_13_fu_1288_p2   |         +|   0|  0|   8|           8|           8|
    |add_ln1210_14_fu_1311_p2   |         +|   0|  0|   8|           8|           8|
    |add_ln1210_15_fu_1320_p2   |         +|   0|  0|   8|           8|           8|
    |add_ln1210_16_fu_2135_p2   |         +|   0|  0|  13|          13|          13|
    |add_ln1210_17_fu_2141_p2   |         +|   0|  0|  10|           2|           2|
    |add_ln1210_18_fu_2151_p2   |         +|   0|  0|  13|          13|          13|
    |add_ln1210_19_fu_2019_p2   |         +|   0|  0|  23|          16|          16|
    |add_ln1210_1_fu_868_p2     |         +|   0|  0|  15|           8|           8|
    |add_ln1210_20_fu_2025_p2   |         +|   0|  0|  16|          16|          16|
    |add_ln1210_21_fu_2031_p2   |         +|   0|  0|  16|          16|          16|
    |add_ln1210_22_fu_2190_p2   |         +|   0|  0|  16|          16|          16|
    |add_ln1210_23_fu_2092_p2   |         +|   0|  0|  10|           2|           2|
    |add_ln1210_24_fu_2102_p2   |         +|   0|  0|  16|          16|          16|
    |add_ln1210_25_fu_2108_p2   |         +|   0|  0|  16|          16|          16|
    |add_ln1210_26_fu_2157_p2   |         +|   0|  0|  10|           2|           2|
    |add_ln1210_27_fu_1606_p2   |         +|   0|  0|  15|           8|           8|
    |add_ln1210_28_fu_2170_p2   |         +|   0|  0|  23|          16|          16|
    |add_ln1210_29_fu_2176_p2   |         +|   0|  0|  16|          16|          16|
    |add_ln1210_2_fu_873_p2     |         +|   0|  0|   8|           8|           8|
    |add_ln1210_30_fu_2182_p2   |         +|   0|  0|  16|          16|          16|
    |add_ln1210_31_fu_2195_p2   |         +|   0|  0|  16|          16|          16|
    |add_ln1210_3_fu_995_p2     |         +|   0|  0|   8|           8|           8|
    |add_ln1210_4_fu_1001_p2    |         +|   0|  0|  15|           8|           8|
    |add_ln1210_5_fu_1006_p2    |         +|   0|  0|   8|           8|           8|
    |add_ln1210_6_fu_1316_p2    |         +|   0|  0|   8|           8|           8|
    |add_ln1210_7_fu_1166_p2    |         +|   0|  0|  15|           8|           8|
    |add_ln1210_8_fu_1300_p2    |         +|   0|  0|  15|           8|           8|
    |add_ln1210_9_fu_1306_p2    |         +|   0|  0|   8|           8|           8|
    |add_ln1210_fu_863_p2       |         +|   0|  0|   8|           8|           8|
    |add_ln537_1_fu_1911_p2     |         +|   0|  0|  44|          37|          37|
    |add_ln537_fu_1734_p2       |         +|   0|  0|  45|          38|          38|
    |add_ln597_10_fu_1065_p2    |         +|   0|  0|  39|          32|          32|
    |add_ln597_12_fu_1185_p2    |         +|   0|  0|  39|          32|          32|
    |add_ln597_14_fu_1221_p2    |         +|   0|  0|  39|          32|          32|
    |add_ln597_18_fu_1559_p2    |         +|   0|  0|  39|          32|          32|
    |add_ln597_22_fu_1692_p2    |         +|   0|  0|  39|          32|          32|
    |add_ln597_24_fu_1780_p2    |         +|   0|  0|  39|          32|          32|
    |add_ln597_26_fu_1865_p2    |         +|   0|  0|  39|          32|          32|
    |add_ln597_28_fu_1957_p2    |         +|   0|  0|  39|          32|          32|
    |add_ln597_2_fu_721_p2      |         +|   0|  0|  39|          32|          32|
    |add_ln597_30_fu_2060_p2    |         +|   0|  0|  39|          32|          32|
    |add_ln597_4_fu_791_p2      |         +|   0|  0|  39|          32|          32|
    |add_ln597_6_fu_899_p2      |         +|   0|  0|  39|          32|          32|
    |add_ln597_8_fu_1029_p2     |         +|   0|  0|  39|          32|          32|
    |add_ln597_fu_644_p2        |         +|   0|  0|  39|          32|          32|
    |add_ln631_1_fu_2207_p2     |         +|   0|  0|  39|          32|          15|
    |add_ln631_fu_1332_p2       |         +|   0|  0|  31|          24|          15|
    |l_10_fu_1640_p2            |         +|   0|  0|  40|          33|          33|
    |l_11_fu_1696_p2            |         +|   0|  0|  40|          33|          33|
    |l_12_fu_1786_p2            |         +|   0|  0|  40|          33|          33|
    |l_13_fu_1870_p2            |         +|   0|  0|  40|          33|          33|
    |l_14_fu_1963_p2            |         +|   0|  0|  40|          33|          33|
    |l_15_fu_2065_p2            |         +|   0|  0|  40|          33|          33|
    |l_1_fu_726_p2              |         +|   0|  0|  40|          33|          33|
    |l_2_fu_797_p2              |         +|   0|  0|  40|          33|          33|
    |l_3_fu_904_p2              |         +|   0|  0|  40|          33|          33|
    |l_4_fu_1034_p2             |         +|   0|  0|  40|          33|          33|
    |l_5_fu_1070_p2             |         +|   0|  0|  40|          33|          33|
    |l_6_fu_1190_p2             |         +|   0|  0|  40|          33|          33|
    |l_7_fu_1226_p2             |         +|   0|  0|  40|          33|          33|
    |l_8_fu_1535_p2             |         +|   0|  0|  40|          33|          33|
    |l_9_fu_1564_p2             |         +|   0|  0|  40|          33|          33|
    |l_fu_648_p2                |         +|   0|  0|  40|          33|          33|
    |lw_13_fu_1530_p2           |         +|   0|  0|  39|          32|          32|
    |lw_16_fu_1634_p2           |         +|   0|  0|  39|          32|          32|
    |sub_ln537_1_fu_1414_p2     |         -|   0|  0|  39|           1|          39|
    |sub_ln537_2_fu_1432_p2     |         -|   0|  0|  39|          39|          39|
    |sub_ln537_3_fu_1478_p2     |         -|   0|  0|  36|           1|          36|
    |sub_ln537_4_fu_1496_p2     |         -|   0|  0|  36|          36|          36|
    |sub_ln537_fu_755_p2        |         -|   0|  0|  43|           1|          36|
    |icmp_ln406_1_fu_1374_p2    |      icmp|   0|  0|  23|          16|          16|
    |icmp_ln406_2_fu_1388_p2    |      icmp|   0|  0|  23|          16|          16|
    |icmp_ln406_fu_1354_p2      |      icmp|   0|  0|  23|          16|          16|
    |b_fu_1394_p3               |    select|   0|  0|  16|           1|          16|
    |select_ln26_fu_2223_p3     |    select|   0|  0|  16|           1|          16|
    |select_ln411_1_fu_1380_p3  |    select|   0|  0|  16|           1|          16|
    |select_ln411_fu_1360_p3    |    select|   0|  0|  16|           1|          16|
    +---------------------------+----------+----+---+----+------------+------------+
    |Total                      |          |   0|  0|2159|        1623|        1765|
    +---------------------------+----------+----+---+----+------------+------------+

    * Multiplexer: 
    +---------------------------------------+-----+-----------+-----+-----------+
    |                  Name                 | LUT | Input Size| Bits| Total Bits|
    +---------------------------------------+-----+-----------+-----+-----------+
    |ap_NS_fsm                              |  141|         30|    1|         30|
    |ap_phi_mux_f_phi_fu_468_p6             |    9|          2|    1|          2|
    |ap_phi_mux_phi_ln185_phi_fu_454_p6     |    9|          2|   16|         32|
    |ap_phi_mux_retval_0_i_i_phi_fu_441_p4  |    9|          2|    1|          2|
    |f_reg_464                              |    9|          2|    1|          2|
    |flat_10_address0                       |    9|          2|    4|          8|
    |flat_10_address0_local                 |   25|          6|    4|         24|
    |flat_10_address1_local                 |   21|          5|    4|         20|
    |flat_10_ce0                            |    9|          2|    1|          2|
    |flat_10_we0                            |    9|          2|    1|          2|
    |flat_9_address0                        |    9|          2|    4|          8|
    |flat_9_address0_local                  |   25|          6|    4|         24|
    |flat_9_address1_local                  |   21|          5|    4|         20|
    |flat_9_ce0                             |    9|          2|    1|          2|
    |flat_9_we0                             |    9|          2|    1|          2|
    |in_reg_425                             |    9|          2|   16|         32|
    |phi_ln185_reg_450                      |    9|          2|   16|         32|
    |reg_548                                |    9|          2|   16|         32|
    |reg_553                                |    9|          2|   16|         32|
    |reg_558                                |    9|          2|   16|         32|
    +---------------------------------------+-----+-----------+-----+-----------+
    |Total                                  |  368|         82|  128|        340|
    +---------------------------------------+-----+-----------+-----+-----------+

    * Register: 
    +--------------------------------+----+----+-----+-----------+
    |              Name              | FF | LUT| Bits| Const Bits|
    +--------------------------------+----+----+-----+-----------+
    |add_ln1210_11_reg_2477          |   2|   0|    2|          0|
    |add_ln1210_13_reg_2482          |   8|   0|    8|          0|
    |add_ln1210_14_reg_2487          |   8|   0|    8|          0|
    |add_ln1210_18_reg_2717          |  13|   0|   13|          0|
    |add_ln1210_21_reg_2697          |  16|   0|   16|          0|
    |add_ln1210_25_reg_2712          |  16|   0|   16|          0|
    |add_ln1210_27_reg_2598          |   8|   0|    8|          0|
    |add_ln1210_2_reg_2388           |   8|   0|    8|          0|
    |add_ln1210_30_reg_2722          |  16|   0|   16|          0|
    |add_ln1210_5_reg_2425           |   8|   0|    8|          0|
    |add_ln1210_7_reg_2467           |   8|   0|    8|          0|
    |ap_CS_fsm                       |  29|   0|   29|          0|
    |b_reg_2501                      |  16|   0|   16|          0|
    |f_reg_464                       |   1|   0|    1|          0|
    |flat_5_fu_240                   |  16|   0|   16|          0|
    |flat_7_fu_228                   |  16|   0|   16|          0|
    |flat_8_fu_232                   |  16|   0|   16|          0|
    |flat_fu_236                     |  16|   0|   16|          0|
    |grp_step_1_fu_479_ap_start_reg  |   1|   0|    1|          0|
    |grp_step_2_fu_498_ap_start_reg  |   1|   0|    1|          0|
    |grp_step_fu_530_ap_start_reg    |   1|   0|    1|          0|
    |in_reg_425                      |  16|   0|   16|          0|
    |lshr_ln1210_1_reg_2707          |  16|   0|   16|          0|
    |lw_11_reg_2526                  |  16|   0|   32|         16|
    |lw_16_reg_2603                  |  16|   0|   32|         16|
    |lw_1_reg_2284                   |  32|   0|   32|          0|
    |phi_ln185_reg_450               |  16|   0|   16|          0|
    |reg_548                         |  16|   0|   16|          0|
    |reg_553                         |  16|   0|   16|          0|
    |reg_558                         |  16|   0|   16|          0|
    |reg_563                         |  16|   0|   16|          0|
    |retval_0_i_i_reg_437            |   1|   0|    1|          0|
    |shl_ln185_reg_2260              |  16|   0|   16|          0|
    |tmp_11_reg_2332                 |   1|   0|    1|          0|
    |tmp_12_reg_2347                 |   1|   0|    1|          0|
    |tmp_14_reg_2446                 |  16|   0|   16|          0|
    |tmp_18_reg_2352                 |   4|   0|    4|          0|
    |tmp_19_reg_2472                 |  16|   0|   16|          0|
    |tmp_20_reg_2583                 |  16|   0|   16|          0|
    |tmp_23_reg_2373                 |   1|   0|    1|          0|
    |tmp_24_reg_2393                 |   1|   0|    1|          0|
    |tmp_26_reg_2420                 |   7|   0|    7|          0|
    |tmp_27_reg_2430                 |   1|   0|    1|          0|
    |tmp_28_reg_2435                 |   1|   0|    1|          0|
    |tmp_32_reg_2651                 |  16|   0|   16|          0|
    |tmp_35_reg_2542                 |   7|   0|    7|          0|
    |tmp_36_reg_2568                 |   1|   0|    1|          0|
    |tmp_38_reg_2682                 |  16|   0|   16|          0|
    |tmp_42_reg_2553                 |   4|   0|    4|          0|
    |tmp_46_reg_2573                 |   1|   0|    1|          0|
    |tmp_47_reg_2609                 |   1|   0|    1|          0|
    |tmp_48_reg_2620                 |   9|   0|    9|          0|
    |tmp_49_reg_2635                 |   1|   0|    1|          0|
    |tmp_4_reg_2322                  |  16|   0|   16|          0|
    |tmp_52_reg_2640                 |   6|   0|    6|          0|
    |tmp_53_reg_2656                 |   8|   0|    8|          0|
    |tmp_54_reg_2661                 |   1|   0|    1|          0|
    |tmp_55_reg_2666                 |   1|   0|    1|          0|
    |tmp_58_reg_2671                 |   5|   0|    5|          0|
    |tmp_59_reg_2687                 |   9|   0|    9|          0|
    |tmp_60_reg_2692                 |   1|   0|    1|          0|
    |tmp_61_reg_2702                 |   1|   0|    1|          0|
    |tmp_6_reg_2404                  |  16|   0|   16|          0|
    |tmp_8_i_reg_2497                |   1|   0|    1|          0|
    |tmp_i_i_reg_2265                |   1|   0|    1|          0|
    |tmp_i_reg_2506                  |   1|   0|    1|          0|
    |tmp_reg_2296                    |   6|   0|    6|          0|
    |tmp_s_reg_2363                  |  16|   0|   16|          0|
    |trunc_ln437_10_reg_2547         |  16|   0|   32|         16|
    |trunc_ln437_11_reg_2578         |   9|   0|    9|          0|
    |trunc_ln437_12_reg_2614         |  32|   0|   32|          0|
    |trunc_ln437_14_reg_2645         |  32|   0|   32|          0|
    |trunc_ln437_16_reg_2676         |  32|   0|   32|          0|
    |trunc_ln437_1_reg_2316          |  32|   0|   32|          0|
    |trunc_ln437_3_reg_2357          |  32|   0|   32|          0|
    |trunc_ln437_4_reg_2398          |  32|   0|   32|          0|
    |trunc_ln437_5_reg_2414          |  32|   0|   32|          0|
    |trunc_ln437_6_reg_2440          |  32|   0|   32|          0|
    |trunc_ln437_7_reg_2456          |  32|   0|   32|          0|
    |trunc_ln437_9_reg_2532          |  10|   0|   10|          0|
    |trunc_ln437_reg_2290            |  32|   0|   32|          0|
    |trunc_ln580_1_reg_2327          |   8|   0|    8|          0|
    |trunc_ln580_4_reg_2368          |   8|   0|    8|          0|
    |trunc_ln580_6_reg_2409          |   8|   0|    8|          0|
    |trunc_ln580_9_reg_2451          |   8|   0|    8|          0|
    |trunc_ln580_s_reg_2462          |   8|   0|    8|          0|
    |trunc_ln5_reg_2301              |   8|   0|    8|          0|
    |trunc_ln6_reg_2492              |  16|   0|   16|          0|
    |trunc_ln7_reg_2537              |   6|   0|    6|          0|
    |trunc_ln8_reg_2727              |  16|   0|   16|          0|
    +--------------------------------+----+----+-----+-----------+
    |Total                           |1068|   0| 1116|         48|
    +--------------------------------+----+----+-----+-----------+



================================================================
== Interface
================================================================
* Summary: 
+--------------+-----+-----+------------+-------------------+--------------+
|   RTL Ports  | Dir | Bits|  Protocol  |   Source Object   |    C Type    |
+--------------+-----+-----+------------+-------------------+--------------+
|ap_clk        |   in|    1|  ap_ctrl_hs|  oneHlsTwoLayerTop|  return value|
|ap_rst        |   in|    1|  ap_ctrl_hs|  oneHlsTwoLayerTop|  return value|
|ap_start      |   in|    1|  ap_ctrl_hs|  oneHlsTwoLayerTop|  return value|
|ap_done       |  out|    1|  ap_ctrl_hs|  oneHlsTwoLayerTop|  return value|
|ap_idle       |  out|    1|  ap_ctrl_hs|  oneHlsTwoLayerTop|  return value|
|ap_ready      |  out|    1|  ap_ctrl_hs|  oneHlsTwoLayerTop|  return value|
|x             |   in|   16|     ap_none|                  x|        scalar|
|out_r         |  out|   32|      ap_vld|              out_r|       pointer|
|out_r_ap_vld  |  out|    1|      ap_vld|              out_r|       pointer|
|fire          |  out|    1|      ap_vld|               fire|       pointer|
|fire_ap_vld   |  out|    1|      ap_vld|               fire|       pointer|
+--------------+-----+-----+------------+-------------------+--------------+

