

================================================================
== Vitis HLS Report for 'oneHlsTwoLayerRomTop'
================================================================
* Date:           Tue Sep  1 11:14:36 2026

* Version:        2026.1 (Build 6493734 on Jun 16 2026)
* Project:        p
* Solution:       s
* Product family: artix7
* Target device:  xc7a100t-csg324-1


================================================================
== Performance Estimates
================================================================
+ Timing: 
    * Summary: 
    +--------+----------+----------+------------+
    |  Clock |  Target  | Estimated| Uncertainty|
    +--------+----------+----------+------------+
    |ap_clk  |  10.00 ns|  8.349 ns|     2.70 ns|
    +--------+----------+----------+------------+

+ Latency: 
    * Summary: 
    +---------+---------+----------+----------+-----+-----+---------+
    |  Latency (cycles) |  Latency (absolute) |  Interval | Pipeline|
    |   min   |   max   |    min   |    max   | min | max |   Type  |
    +---------+---------+----------+----------+-----+-----+---------+
    |       45|      196|  0.450 us|  1.960 us|   46|  197|       no|
    +---------+---------+----------+----------+-----+-----+---------+

    + Detail: 
        * Instance: 
        +-----------------------------------------------------------+------------------------------------------------+---------+---------+----------+----------+-----+-----+-------------------+
        |                                                           |                                                |  Latency (cycles) |  Latency (absolute) |  Interval |      Pipeline     |
        |                          Instance                         |                     Module                     |   min   |   max   |    min   |    max   | min | max |        Type       |
        +-----------------------------------------------------------+------------------------------------------------+---------+---------+----------+----------+-----+-----+-------------------+
        |grp_oneHlsTwoLayerRomTop_Pipeline_VITIS_LOOP_43_2_fu_173   |oneHlsTwoLayerRomTop_Pipeline_VITIS_LOOP_43_2   |       11|       11|  0.110 us|  0.110 us|    0|    0|  loop pipeline stp|
        |grp_oneHlsTwoLayerRomTop_Pipeline_VITIS_LOOP_43_21_fu_181  |oneHlsTwoLayerRomTop_Pipeline_VITIS_LOOP_43_21  |       11|       11|  0.110 us|  0.110 us|    0|    0|  loop pipeline stp|
        |grp_step_2_fu_189                                          |step_2                                          |       42|       73|  0.420 us|  0.730 us|   42|   73|                 no|
        |grp_step_fu_210                                            |step                                            |       24|       32|  0.240 us|  0.320 us|   24|   32|                 no|
        |grp_step_1_fu_241                                          |step_1                                          |       42|       73|  0.420 us|  0.730 us|   42|   73|                 no|
        +-----------------------------------------------------------+------------------------------------------------+---------+---------+----------+----------+-----+-----+-------------------+

        * Loop: 
        N/A



================================================================
== Utilization Estimates
================================================================
* Summary: 
+-----------------+---------+-----+--------+-------+-----+
|       Name      | BRAM_18K| DSP |   FF   |  LUT  | URAM|
+-----------------+---------+-----+--------+-------+-----+
|DSP              |        -|    -|       -|      -|    -|
|Expression       |        -|    -|       0|    139|    -|
|FIFO             |        -|    -|       -|      -|    -|
|Instance         |        0|    2|    2004|   4966|    0|
|Memory           |        0|    -|      16|      4|    0|
|Multiplexer      |        -|    -|       0|    138|    -|
|Register         |        -|    -|     165|      -|    -|
+-----------------+---------+-----+--------+-------+-----+
|Total            |        0|    2|    2185|   5247|    0|
+-----------------+---------+-----+--------+-------+-----+
|Available        |      270|  240|  126800|  63400|    0|
+-----------------+---------+-----+--------+-------+-----+
|Utilization (%)  |        0|   ~0|       1|      8|    0|
+-----------------+---------+-----+--------+-------+-----+

+ Detail: 
    * Instance: 
    +-----------------------------------------------------------+------------------------------------------------+---------+----+-----+------+-----+
    |                          Instance                         |                     Module                     | BRAM_18K| DSP|  FF |  LUT | URAM|
    +-----------------------------------------------------------+------------------------------------------------+---------+----+-----+------+-----+
    |grp_oneHlsTwoLayerRomTop_Pipeline_VITIS_LOOP_43_2_fu_173   |oneHlsTwoLayerRomTop_Pipeline_VITIS_LOOP_43_2   |        0|   0|   19|    66|    0|
    |grp_oneHlsTwoLayerRomTop_Pipeline_VITIS_LOOP_43_21_fu_181  |oneHlsTwoLayerRomTop_Pipeline_VITIS_LOOP_43_21  |        0|   0|   19|    66|    0|
    |grp_step_fu_210                                            |step                                            |        0|   0|  606|  1557|    0|
    |grp_step_1_fu_241                                          |step_1                                          |        0|   1|  678|  1643|    0|
    |grp_step_2_fu_189                                          |step_2                                          |        0|   1|  682|  1634|    0|
    +-----------------------------------------------------------+------------------------------------------------+---------+----+-----+------+-----+
    |Total                                                      |                                                |        0|   2| 2004|  4966|    0|
    +-----------------------------------------------------------+------------------------------------------------+---------+----+-----+------+-----+

    * DSP: 
    N/A

    * Memory: 
    +------------+------------------------+---------+---+----+-----+------+-----+------+-------------+
    |   Memory   |         Module         | BRAM_18K| FF| LUT| URAM| Words| Bits| Banks| W*Bits*Banks|
    +------------+------------------------+---------+---+----+-----+------+-----+------+-------------+
    |l1_w_641_U  |l1_w_641_RAM_AUTO_1R1W  |        0|  8|   2|    0|     9|    8|     1|           72|
    |l2_w_637_U  |l1_w_641_RAM_AUTO_1R1W  |        0|  8|   2|    0|     9|    8|     1|           72|
    +------------+------------------------+---------+---+----+-----+------+-----+------+-------------+
    |Total       |                        |        0| 16|   4|    0|    18|   16|     2|          144|
    +------------+------------------------+---------+---+----+-----+------+-----+------+-------------+

    * FIFO: 
    N/A

    * Expression: 
    +---------------------------------+----------+----+---+----+------------+------------+
    |          Variable Name          | Operation| DSP| FF| LUT| Bitwidth P0| Bitwidth P1|
    +---------------------------------+----------+----+---+----+------------+------------+
    |ap_block_state8_on_subcall_done  |       and|   0|  0|   2|           1|           1|
    |ap_predicate_op56_call_state8    |       and|   0|  0|   2|           1|           1|
    |icmp_ln406_1_fu_335_p2           |      icmp|   0|  0|  23|          16|          16|
    |icmp_ln406_2_fu_349_p2           |      icmp|   0|  0|  23|          16|          16|
    |icmp_ln406_fu_315_p2             |      icmp|   0|  0|  23|          16|          16|
    |ap_block_state2_on_subcall_done  |        or|   0|  0|   2|           1|           1|
    |b_fu_355_p3                      |    select|   0|  0|  16|           1|          16|
    |select_ln38_fu_382_p3            |    select|   0|  0|  16|           1|          16|
    |select_ln411_1_fu_341_p3         |    select|   0|  0|  16|           1|          16|
    |select_ln411_fu_321_p3           |    select|   0|  0|  16|           1|          16|
    +---------------------------------+----------+----+---+----+------------+------------+
    |Total                            |          |   0|  0| 139|          55|         115|
    +---------------------------------+----------+----+---+----+------------+------------+

    * Multiplexer: 
    +--------------------------------------+----+-----------+-----+-----------+
    |                 Name                 | LUT| Input Size| Bits| Total Bits|
    +--------------------------------------+----+-----------+-----+-----------+
    |ap_NS_fsm                             |  37|          9|    1|          9|
    |ap_phi_mux_storemerge3_phi_fu_163_p6  |   9|          2|   16|         32|
    |fire                                  |  13|          3|    1|          3|
    |l1_w_641_address0                     |  13|          3|    4|         12|
    |l1_w_641_ce0                          |  13|          3|    1|          3|
    |l1_w_641_we0                          |   9|          2|    1|          2|
    |l2_w_637_address0                     |  13|          3|    4|         12|
    |l2_w_637_ce0                          |  13|          3|    1|          3|
    |l2_w_637_we0                          |   9|          2|    1|          2|
    |storemerge3_reg_159                   |   9|          2|   16|         32|
    +--------------------------------------+----+-----------+-----+-----------+
    |Total                                 | 138|         32|   46|        110|
    +--------------------------------------+----+-----------+-----+-----------+

    * Register: 
    +------------------------------------------------------------------------+----+----+-----+-----------+
    |                                  Name                                  | FF | LUT| Bits| Const Bits|
    +------------------------------------------------------------------------+----+----+-----+-----------+
    |ap_CS_fsm                                                               |   8|   0|    8|          0|
    |b_reg_446                                                               |  16|   0|   16|          0|
    |flat_4_fu_134                                                           |  16|   0|   16|          0|
    |flat_5_fu_122                                                           |  16|   0|   16|          0|
    |flat_6_fu_126                                                           |  16|   0|   16|          0|
    |flat_fu_130                                                             |  16|   0|   16|          0|
    |grp_oneHlsTwoLayerRomTop_Pipeline_VITIS_LOOP_43_21_fu_181_ap_start_reg  |   1|   0|    1|          0|
    |grp_oneHlsTwoLayerRomTop_Pipeline_VITIS_LOOP_43_2_fu_173_ap_start_reg   |   1|   0|    1|          0|
    |grp_step_1_fu_241_ap_start_reg                                          |   1|   0|    1|          0|
    |grp_step_2_fu_189_ap_start_reg                                          |   1|   0|    1|          0|
    |grp_step_fu_210_ap_start_reg                                            |   1|   0|    1|          0|
    |in_1_reg_437                                                            |  16|   0|   16|          0|
    |in_reg_428                                                              |  16|   0|   16|          0|
    |l1_bias_642                                                             |   2|   0|   14|         12|
    |l2_bias_638                                                             |   3|   0|   15|         12|
    |loaded                                                                  |   1|   0|    1|          0|
    |storemerge3_reg_159                                                     |  16|   0|   16|          0|
    |tmp_1_reg_442                                                           |   1|   0|    1|          0|
    |tmp_reg_433                                                             |   1|   0|    1|          0|
    |x_read_reg_396                                                          |  16|   0|   16|          0|
    +------------------------------------------------------------------------+----+----+-----+-----------+
    |Total                                                                   | 165|   0|  189|         24|
    +------------------------------------------------------------------------+----+----+-----+-----------+



================================================================
== Interface
================================================================
* Summary: 
+--------------+-----+-----+------------+----------------------+--------------+
|   RTL Ports  | Dir | Bits|  Protocol  |     Source Object    |    C Type    |
+--------------+-----+-----+------------+----------------------+--------------+
|ap_clk        |   in|    1|  ap_ctrl_hs|  oneHlsTwoLayerRomTop|  return value|
|ap_rst        |   in|    1|  ap_ctrl_hs|  oneHlsTwoLayerRomTop|  return value|
|ap_start      |   in|    1|  ap_ctrl_hs|  oneHlsTwoLayerRomTop|  return value|
|ap_done       |  out|    1|  ap_ctrl_hs|  oneHlsTwoLayerRomTop|  return value|
|ap_idle       |  out|    1|  ap_ctrl_hs|  oneHlsTwoLayerRomTop|  return value|
|ap_ready      |  out|    1|  ap_ctrl_hs|  oneHlsTwoLayerRomTop|  return value|
|x             |   in|   16|     ap_none|                     x|        scalar|
|out_r         |  out|   32|      ap_vld|                 out_r|       pointer|
|out_r_ap_vld  |  out|    1|      ap_vld|                 out_r|       pointer|
|fire          |  out|    1|      ap_vld|                  fire|       pointer|
|fire_ap_vld   |  out|    1|      ap_vld|                  fire|       pointer|
+--------------+-----+-----+------------+----------------------+--------------+

