Copyright 1986-2022 Xilinx, Inc. All Rights Reserved. Copyright 2022-2026 Advanced Micro Devices, Inc. All Rights Reserved.
---------------------------------------------------------------------------------------------------------------------------------------------
| Tool Version : Vivado v.2026.1 (lin64) Build 6511674 Tue Jun 16 11:01:26 MDT 2026
| Date         : Wed Aug 19 16:04:08 2026
| Host         : neurux running 64-bit Ubuntu 24.04.3 LTS
| Command      : report_timing_summary -file HLS_output/Synthesis/vivado_flow/post_route_timing_summary.rpt
| Design       : _Z19oneHlsComplexMacTopssPiS_
| Device       : 7a100t-csg324
| Speed File   : -1  PRODUCTION 1.23 2018-06-13
| Design State : Routed
---------------------------------------------------------------------------------------------------------------------------------------------

Timing Summary Report

------------------------------------------------------------------------------------------------
| Timer Settings
| --------------
------------------------------------------------------------------------------------------------

  Enable Multi Corner Analysis               :  Yes
  Enable Pessimism Removal                   :  Yes
  Pessimism Removal Resolution               :  Nearest Common Node
  Enable Input Delay Default Clock           :  No
  Enable Preset / Clear Arcs                 :  No
  Disable Flight Delays                      :  No
  Ignore I/O Paths                           :  No
  Timing Early Launch at Borrowing Latches   :  No
  Borrow Time for Max Delay Exceptions       :  Yes
  Merge Timing Exceptions                    :  Yes
  Inter-SLR Compensation                     :  Conservative

  Corner  Analyze    Analyze    
  Name    Max Paths  Min Paths  
  ------  ---------  ---------  
  Slow    Yes        Yes        
  Fast    Yes        Yes        


------------------------------------------------------------------------------------------------
| Report Methodology
| ------------------
------------------------------------------------------------------------------------------------

No report available as report_methodology has not been run prior. Run report_methodology on the current design for the summary of methodology violations.



check_timing report

Table of Contents
-----------------
1. checking no_clock (0)
2. checking constant_clock (0)
3. checking pulse_width_clock (0)
4. checking unconstrained_internal_endpoints (0)
5. checking no_input_delay (34)
6. checking no_output_delay (67)
7. checking multiple_clock (0)
8. checking generated_clocks (0)
9. checking loops (0)
10. checking partial_input_delay (0)
11. checking partial_output_delay (0)
12. checking latch_loops (0)

1. checking no_clock (0)
------------------------
 There are 0 register/latch pins with no clock.


2. checking constant_clock (0)
------------------------------
 There are 0 register/latch pins with constant_clock.


3. checking pulse_width_clock (0)
---------------------------------
 There are 0 register/latch pins which need pulse_width check


4. checking unconstrained_internal_endpoints (0)
------------------------------------------------
 There are 0 pins that are not constrained for maximum delay.

 There are 0 pins that are not constrained for maximum delay due to constant clock.


5. checking no_input_delay (34)
-------------------------------
 There are 34 input ports with no input delay specified. (HIGH)

 There are 0 input ports with no input delay but user has a false path constraint.


6. checking no_output_delay (67)
--------------------------------
 There are 67 ports with no output delay specified. (HIGH)

 There are 0 ports with no output delay but user has a false path constraint

 There are 0 ports with no output delay but with a timing clock defined on it or propagating through it


7. checking multiple_clock (0)
------------------------------
 There are 0 register/latch pins with multiple clocks.


8. checking generated_clocks (0)
--------------------------------
 There are 0 generated clocks that are not connected to a clock source.


9. checking loops (0)
---------------------
 There are 0 combinational loops in the design.


10. checking partial_input_delay (0)
------------------------------------
 There are 0 input ports with partial input delay specified.


11. checking partial_output_delay (0)
-------------------------------------
 There are 0 ports with partial output delay specified.


12. checking latch_loops (0)
----------------------------
 There are 0 combinational latch loops in the design through latch input



------------------------------------------------------------------------------------------------
| Design Timing Summary
| ---------------------
------------------------------------------------------------------------------------------------

    WNS(ns)      TNS(ns)  TNS Failing Endpoints  TNS Total Endpoints      WHS(ns)      THS(ns)  THS Failing Endpoints  THS Total Endpoints     WPWS(ns)     TPWS(ns)  TPWS Failing Endpoints  TPWS Total Endpoints  
    -------      -------  ---------------------  -------------------      -------      -------  ---------------------  -------------------     --------     --------  ----------------------  --------------------  
      4.346        0.000                      0                  326        0.137        0.000                      0                  326        4.500        0.000                       0                   262  


All user specified timing constraints are met.


------------------------------------------------------------------------------------------------
| Clock Summary
| -------------
------------------------------------------------------------------------------------------------

Clock  Waveform(ns)       Period(ns)      Frequency(MHz)
-----  ------------       ----------      --------------
clock  {0.000 5.000}      10.000          100.000         


------------------------------------------------------------------------------------------------
| Intra Clock Table
| -----------------
------------------------------------------------------------------------------------------------

Clock             WNS(ns)      TNS(ns)  TNS Failing Endpoints  TNS Total Endpoints      WHS(ns)      THS(ns)  THS Failing Endpoints  THS Total Endpoints     WPWS(ns)     TPWS(ns)  TPWS Failing Endpoints  TPWS Total Endpoints  
-----             -------      -------  ---------------------  -------------------      -------      -------  ---------------------  -------------------     --------     --------  ----------------------  --------------------  
clock               4.346        0.000                      0                  326        0.137        0.000                      0                  326        4.500        0.000                       0                   262  


------------------------------------------------------------------------------------------------
| Inter Clock Table
| -----------------
------------------------------------------------------------------------------------------------

From Clock    To Clock          WNS(ns)      TNS(ns)  TNS Failing Endpoints  TNS Total Endpoints      WHS(ns)      THS(ns)  THS Failing Endpoints  THS Total Endpoints  
----------    --------          -------      -------  ---------------------  -------------------      -------      -------  ---------------------  -------------------  


------------------------------------------------------------------------------------------------
| Other Path Groups Table
| -----------------------
------------------------------------------------------------------------------------------------

Path Group    From Clock    To Clock          WNS(ns)      TNS(ns)  TNS Failing Endpoints  TNS Total Endpoints      WHS(ns)      THS(ns)  THS Failing Endpoints  THS Total Endpoints  
----------    ----------    --------          -------      -------  ---------------------  -------------------      -------      -------  ---------------------  -------------------  


------------------------------------------------------------------------------------------------
| Timing Details
| --------------
------------------------------------------------------------------------------------------------


---------------------------------------------------------------------------------------------------
From Clock:  clock
  To Clock:  clock

Setup :            0  Failing Endpoints,  Worst Slack        4.346ns,  Total Violation        0.000ns
Hold  :            0  Failing Endpoints,  Worst Slack        0.137ns,  Total Violation        0.000ns
PW    :            0  Failing Endpoints,  Worst Slack        4.500ns,  Total Violation        0.000ns
---------------------------------------------------------------------------------------------------


Max Delay Paths
--------------------------------------------------------------------------------------
Slack (MET) :             4.346ns  (required time - arrival time)
  Source:                 __Z19oneHlsComplexMacTopssPiS__i0/Datapath_i/reg_1/reg_out1_reg[8]/C
                            (rising edge-triggered cell FDRE clocked by clock  {rise@0.000ns fall@5.000ns period=10.000ns})
  Destination:            __Z19oneHlsComplexMacTopssPiS__i0/Datapath_i/reg_6/reg_out1_reg[29]/D
                            (rising edge-triggered cell FDRE clocked by clock  {rise@0.000ns fall@5.000ns period=10.000ns})
  Path Group:             clock
  Path Type:              Setup (Max at Slow Process Corner)
  Requirement:            10.000ns  (clock rise@10.000ns - clock rise@0.000ns)
  Data Path Delay:        5.349ns  (logic 2.375ns (44.402%)  route 2.974ns (55.598%))
  Logic Levels:           8  (CARRY4=6 LUT3=1 LUT4=1)
  Clock Path Skew:        -0.028ns (DCD - SCD + CPR)
    Destination Clock Delay (DCD):    1.582ns = ( 11.582 - 10.000 ) 
    Source Clock Delay      (SCD):    1.706ns
    Clock Pessimism Removal (CPR):    0.096ns
  Clock Uncertainty:      0.035ns  ((TSJ^2 + TIJ^2)^1/2 + DJ) / 2 + PE
    Total System Jitter     (TSJ):    0.071ns
    Total Input Jitter      (TIJ):    0.000ns
    Discrete Jitter          (DJ):    0.000ns
    Phase Error              (PE):    0.000ns

    Location             Delay type                Incr(ns)  Path(ns)    Netlist Resource(s)
  -------------------------------------------------------------------    -------------------
                         (clock clock rise edge)      0.000     0.000 r  <hidden>
                                                      0.000     0.000 r  clock
                         net (fo=261, unset)          1.706     1.706    __Z19oneHlsComplexMacTopssPiS__i0/Datapath_i/reg_1/clock
    SLICE_X5Y108         FDRE                                         r  __Z19oneHlsComplexMacTopssPiS__i0/Datapath_i/reg_1/reg_out1_reg[8]/C
  -------------------------------------------------------------------    -------------------
    SLICE_X5Y108         FDRE (Prop_fdre_C_Q)         0.419     2.125 f  __Z19oneHlsComplexMacTopssPiS__i0/Datapath_i/reg_1/reg_out1_reg[8]/Q
                         net (fo=3, routed)           0.999     3.124    __Z19oneHlsComplexMacTopssPiS__i0/Datapath_i/reg_1/out_reg_1_reg_1[8]
    SLICE_X3Y107         LUT3 (Prop_lut3_I0_O)        0.290     3.414 r  __Z19oneHlsComplexMacTopssPiS__i0/Datapath_i/reg_1/out1_carry__1_i_3__1/O
                         net (fo=2, routed)           0.859     4.273    __Z19oneHlsComplexMacTopssPiS__i0/Datapath_i/reg_1/reg_out1_reg[10]_0[1]
    SLICE_X3Y107         LUT4 (Prop_lut4_I3_O)        0.326     4.599 r  __Z19oneHlsComplexMacTopssPiS__i0/Datapath_i/reg_1/out1_carry__1_i_7/O
                         net (fo=1, routed)           0.000     4.599    __Z19oneHlsComplexMacTopssPiS__i0/Datapath_i/fu__Z19oneHlsComplexMacTopssPiS__428547_428666/reg_out1_reg[43]_0[1]
    SLICE_X3Y107         CARRY4 (Prop_carry4_S[1]_CO[3])
                                                      0.550     5.149 r  __Z19oneHlsComplexMacTopssPiS__i0/Datapath_i/fu__Z19oneHlsComplexMacTopssPiS__428547_428666/out1_carry__1/CO[3]
                         net (fo=1, routed)           0.000     5.149    __Z19oneHlsComplexMacTopssPiS__i0/Datapath_i/fu__Z19oneHlsComplexMacTopssPiS__428547_428666/out1_carry__1_n_0
    SLICE_X3Y108         CARRY4 (Prop_carry4_CI_CO[3])
                                                      0.114     5.263 r  __Z19oneHlsComplexMacTopssPiS__i0/Datapath_i/fu__Z19oneHlsComplexMacTopssPiS__428547_428666/out1_carry__2/CO[3]
                         net (fo=1, routed)           0.000     5.263    __Z19oneHlsComplexMacTopssPiS__i0/Datapath_i/fu__Z19oneHlsComplexMacTopssPiS__428547_428666/out1_carry__2_n_0
    SLICE_X3Y109         CARRY4 (Prop_carry4_CI_CO[3])
                                                      0.114     5.377 r  __Z19oneHlsComplexMacTopssPiS__i0/Datapath_i/fu__Z19oneHlsComplexMacTopssPiS__428547_428666/out1_carry__3/CO[3]
                         net (fo=1, routed)           0.000     5.377    __Z19oneHlsComplexMacTopssPiS__i0/Datapath_i/fu__Z19oneHlsComplexMacTopssPiS__428547_428666/out1_carry__3_n_0
    SLICE_X3Y110         CARRY4 (Prop_carry4_CI_CO[3])
                                                      0.114     5.491 r  __Z19oneHlsComplexMacTopssPiS__i0/Datapath_i/fu__Z19oneHlsComplexMacTopssPiS__428547_428666/out1_carry__4/CO[3]
                         net (fo=1, routed)           0.000     5.491    __Z19oneHlsComplexMacTopssPiS__i0/Datapath_i/fu__Z19oneHlsComplexMacTopssPiS__428547_428666/out1_carry__4_n_0
    SLICE_X3Y111         CARRY4 (Prop_carry4_CI_CO[3])
                                                      0.114     5.605 r  __Z19oneHlsComplexMacTopssPiS__i0/Datapath_i/fu__Z19oneHlsComplexMacTopssPiS__428547_428666/out1_carry__5/CO[3]
                         net (fo=1, routed)           0.000     5.605    __Z19oneHlsComplexMacTopssPiS__i0/Datapath_i/fu__Z19oneHlsComplexMacTopssPiS__428547_428666/out1_carry__5_n_0
    SLICE_X3Y112         CARRY4 (Prop_carry4_CI_O[1])
                                                      0.334     5.939 r  __Z19oneHlsComplexMacTopssPiS__i0/Datapath_i/fu__Z19oneHlsComplexMacTopssPiS__428547_428666/out1_carry__6/O[1]
                         net (fo=2, routed)           1.116     7.055    __Z19oneHlsComplexMacTopssPiS__i0/Datapath_i/reg_6/D[29]
    SLICE_X6Y112         FDRE                                         r  __Z19oneHlsComplexMacTopssPiS__i0/Datapath_i/reg_6/reg_out1_reg[29]/D
  -------------------------------------------------------------------    -------------------

                         (clock clock rise edge)     10.000    10.000 r  <hidden>
                                                      0.000    10.000 r  clock
                         net (fo=261, unset)          1.582    11.582    __Z19oneHlsComplexMacTopssPiS__i0/Datapath_i/reg_6/clock
    SLICE_X6Y112         FDRE                                         r  __Z19oneHlsComplexMacTopssPiS__i0/Datapath_i/reg_6/reg_out1_reg[29]/C
                         clock pessimism              0.096    11.678    <hidden>
                         clock uncertainty           -0.035    11.643    <hidden>
    SLICE_X6Y112         FDRE (Setup_fdre_C_D)       -0.242    11.401    __Z19oneHlsComplexMacTopssPiS__i0/Datapath_i/reg_6/reg_out1_reg[29]
  -------------------------------------------------------------------
                         required time                         11.401    <hidden>
                         arrival time                          -7.055    <hidden>
  -------------------------------------------------------------------
                         slack                                  4.346    <hidden>





Min Delay Paths
--------------------------------------------------------------------------------------
Slack (MET) :             0.137ns  (arrival time - required time)
  Source:                 __Z19oneHlsComplexMacTopssPiS__i0/Datapath_i/reg_7/reg_out1_reg[45]/C
                            (rising edge-triggered cell FDRE clocked by clock  {rise@0.000ns fall@5.000ns period=10.000ns})
  Destination:            __Z19oneHlsComplexMacTopssPiS__i0/Datapath_i/array_428698_0/ARRAY_1D_STD_BRAM_NN_instance/SECOND_MEMORY.BRAM_MEMORY_NN_instance_b/BRAM_MEMORY_instance_small/memory_reg[13]/D
                            (rising edge-triggered cell FDRE clocked by clock  {rise@0.000ns fall@5.000ns period=10.000ns})
  Path Group:             clock
  Path Type:              Hold (Min at Fast Process Corner)
  Requirement:            0.000ns  (clock rise@0.000ns - clock rise@0.000ns)
  Data Path Delay:        0.244ns  (logic 0.186ns (76.078%)  route 0.058ns (23.922%))
  Logic Levels:           1  (LUT4=1)
  Clock Path Skew:        0.016ns (DCD - SCD - CPR)
    Destination Clock Delay (DCD):    0.869ns
    Source Clock Delay      (SCD):    0.596ns
    Clock Pessimism Removal (CPR):    0.257ns

    Location             Delay type                Incr(ns)  Path(ns)    Netlist Resource(s)
  -------------------------------------------------------------------    -------------------
                         (clock clock rise edge)      0.000     0.000 r  <hidden>
                                                      0.000     0.000 r  clock
                         net (fo=261, unset)          0.596     0.596    __Z19oneHlsComplexMacTopssPiS__i0/Datapath_i/reg_7/clock
    SLICE_X1Y108         FDRE                                         r  __Z19oneHlsComplexMacTopssPiS__i0/Datapath_i/reg_7/reg_out1_reg[45]/C
  -------------------------------------------------------------------    -------------------
    SLICE_X1Y108         FDRE (Prop_fdre_C_Q)         0.141     0.737 r  __Z19oneHlsComplexMacTopssPiS__i0/Datapath_i/reg_7/reg_out1_reg[45]/Q
                         net (fo=1, routed)           0.058     0.795    __Z19oneHlsComplexMacTopssPiS__i0/Datapath_i/array_428698_0/ARRAY_1D_STD_BRAM_NN_instance/SECOND_MEMORY.BRAM_MEMORY_NN_instance_b/BRAM_MEMORY_instance_small/O9[13]
    SLICE_X0Y108         LUT4 (Prop_lut4_I3_O)        0.045     0.840 r  __Z19oneHlsComplexMacTopssPiS__i0/Datapath_i/array_428698_0/ARRAY_1D_STD_BRAM_NN_instance/SECOND_MEMORY.BRAM_MEMORY_NN_instance_b/BRAM_MEMORY_instance_small/memory[13]_i_1/O
                         net (fo=1, routed)           0.000     0.840    __Z19oneHlsComplexMacTopssPiS__i0/Datapath_i/array_428698_0/ARRAY_1D_STD_BRAM_NN_instance/SECOND_MEMORY.BRAM_MEMORY_NN_instance_b/BRAM_MEMORY_instance_small/memory[13]_i_1_n_0
    SLICE_X0Y108         FDRE                                         r  __Z19oneHlsComplexMacTopssPiS__i0/Datapath_i/array_428698_0/ARRAY_1D_STD_BRAM_NN_instance/SECOND_MEMORY.BRAM_MEMORY_NN_instance_b/BRAM_MEMORY_instance_small/memory_reg[13]/D
  -------------------------------------------------------------------    -------------------

                         (clock clock rise edge)      0.000     0.000 r  <hidden>
                                                      0.000     0.000 r  clock
                         net (fo=261, unset)          0.869     0.869    __Z19oneHlsComplexMacTopssPiS__i0/Datapath_i/array_428698_0/ARRAY_1D_STD_BRAM_NN_instance/SECOND_MEMORY.BRAM_MEMORY_NN_instance_b/BRAM_MEMORY_instance_small/clock
    SLICE_X0Y108         FDRE                                         r  __Z19oneHlsComplexMacTopssPiS__i0/Datapath_i/array_428698_0/ARRAY_1D_STD_BRAM_NN_instance/SECOND_MEMORY.BRAM_MEMORY_NN_instance_b/BRAM_MEMORY_instance_small/memory_reg[13]/C
                         clock pessimism             -0.257     0.612    <hidden>
    SLICE_X0Y108         FDRE (Hold_fdre_C_D)         0.091     0.703    __Z19oneHlsComplexMacTopssPiS__i0/Datapath_i/array_428698_0/ARRAY_1D_STD_BRAM_NN_instance/SECOND_MEMORY.BRAM_MEMORY_NN_instance_b/BRAM_MEMORY_instance_small/memory_reg[13]
  -------------------------------------------------------------------
                         required time                         -0.703    <hidden>
                         arrival time                           0.840    <hidden>
  -------------------------------------------------------------------
                         slack                                  0.137    <hidden>





Pulse Width Checks
--------------------------------------------------------------------------------------
Clock Name:         clock
Waveform(ns):       { 0.000 5.000 }
Period(ns):         10.000
Sources:            { clock }

Check Type        Corner  Lib Pin  Reference Pin  Required(ns)  Actual(ns)  Slack(ns)  Location      Pin
Min Period        n/a     FDSE/C   n/a            1.000         10.000      9.000      SLICE_X4Y110  __Z19oneHlsComplexMacTopssPiS__i0/Controller_i/FSM_onehot__present_state_reg[0]/C
Low Pulse Width   Slow    FDSE/C   n/a            0.500         5.000       4.500      SLICE_X4Y110  __Z19oneHlsComplexMacTopssPiS__i0/Controller_i/FSM_onehot__present_state_reg[0]/C
High Pulse Width  Slow    FDSE/C   n/a            0.500         5.000       4.500      SLICE_X4Y110  __Z19oneHlsComplexMacTopssPiS__i0/Controller_i/FSM_onehot__present_state_reg[0]/C



