Copyright 1986-2022 Xilinx, Inc. All Rights Reserved. Copyright 2022-2026 Advanced Micro Devices, Inc. All Rights Reserved.
---------------------------------------------------------------------------------------------------------------------------------------------
| Tool Version : Vivado v.2026.1 (lin64) Build 6511674 Tue Jun 16 11:01:26 MDT 2026
| Date         : Wed Aug 19 16:03:04 2026
| Host         : neurux running 64-bit Ubuntu 24.04.3 LTS
| Command      : report_timing_summary -file HLS_output/Synthesis/vivado_flow/post_synth_timing_summary.rpt
| Design       : _Z19oneHlsComplexMacTopssPiS_
| Device       : 7a100t-csg324
| Speed File   : -1  PRODUCTION 1.23 2018-06-13
| Design State : Synthesized
---------------------------------------------------------------------------------------------------------------------------------------------

Timing Summary Report

------------------------------------------------------------------------------------------------
| Timer Settings
| --------------
------------------------------------------------------------------------------------------------

  Enable Multi Corner Analysis               :  Yes
  Enable Pessimism Removal                   :  Yes
  Pessimism Removal Resolution               :  Nearest Common Node
  Enable Input Delay Default Clock           :  No
  Enable Preset / Clear Arcs                 :  No
  Disable Flight Delays                      :  No
  Ignore I/O Paths                           :  No
  Timing Early Launch at Borrowing Latches   :  No
  Borrow Time for Max Delay Exceptions       :  Yes
  Merge Timing Exceptions                    :  Yes
  Inter-SLR Compensation                     :  Conservative

  Corner  Analyze    Analyze    
  Name    Max Paths  Min Paths  
  ------  ---------  ---------  
  Slow    Yes        Yes        
  Fast    Yes        Yes        


------------------------------------------------------------------------------------------------
| Report Methodology
| ------------------
------------------------------------------------------------------------------------------------

No report available as report_methodology has not been run prior. Run report_methodology on the current design for the summary of methodology violations.



check_timing report

Table of Contents
-----------------
1. checking no_clock (0)
2. checking constant_clock (0)
3. checking pulse_width_clock (0)
4. checking unconstrained_internal_endpoints (0)
5. checking no_input_delay (34)
6. checking no_output_delay (67)
7. checking multiple_clock (0)
8. checking generated_clocks (0)
9. checking loops (0)
10. checking partial_input_delay (0)
11. checking partial_output_delay (0)
12. checking latch_loops (0)

1. checking no_clock (0)
------------------------
 There are 0 register/latch pins with no clock.


2. checking constant_clock (0)
------------------------------
 There are 0 register/latch pins with constant_clock.


3. checking pulse_width_clock (0)
---------------------------------
 There are 0 register/latch pins which need pulse_width check


4. checking unconstrained_internal_endpoints (0)
------------------------------------------------
 There are 0 pins that are not constrained for maximum delay.

 There are 0 pins that are not constrained for maximum delay due to constant clock.


5. checking no_input_delay (34)
-------------------------------
 There are 34 input ports with no input delay specified. (HIGH)

 There are 0 input ports with no input delay but user has a false path constraint.


6. checking no_output_delay (67)
--------------------------------
 There are 67 ports with no output delay specified. (HIGH)

 There are 0 ports with no output delay but user has a false path constraint

 There are 0 ports with no output delay but with a timing clock defined on it or propagating through it


7. checking multiple_clock (0)
------------------------------
 There are 0 register/latch pins with multiple clocks.


8. checking generated_clocks (0)
--------------------------------
 There are 0 generated clocks that are not connected to a clock source.


9. checking loops (0)
---------------------
 There are 0 combinational loops in the design.


10. checking partial_input_delay (0)
------------------------------------
 There are 0 input ports with partial input delay specified.


11. checking partial_output_delay (0)
-------------------------------------
 There are 0 ports with partial output delay specified.


12. checking latch_loops (0)
----------------------------
 There are 0 combinational latch loops in the design through latch input



------------------------------------------------------------------------------------------------
| Design Timing Summary
| ---------------------
------------------------------------------------------------------------------------------------

    WNS(ns)      TNS(ns)  TNS Failing Endpoints  TNS Total Endpoints      WHS(ns)      THS(ns)  THS Failing Endpoints  THS Total Endpoints     WPWS(ns)     TPWS(ns)  TPWS Failing Endpoints  TPWS Total Endpoints  
    -------      -------  ---------------------  -------------------      -------      -------  ---------------------  -------------------     --------     --------  ----------------------  --------------------  
      5.183        0.000                      0                  326        0.263        0.000                      0                  326        4.500        0.000                       0                   262  


All user specified timing constraints are met.


------------------------------------------------------------------------------------------------
| Clock Summary
| -------------
------------------------------------------------------------------------------------------------

Clock  Waveform(ns)       Period(ns)      Frequency(MHz)
-----  ------------       ----------      --------------
clock  {0.000 5.000}      10.000          100.000         


------------------------------------------------------------------------------------------------
| Intra Clock Table
| -----------------
------------------------------------------------------------------------------------------------

Clock             WNS(ns)      TNS(ns)  TNS Failing Endpoints  TNS Total Endpoints      WHS(ns)      THS(ns)  THS Failing Endpoints  THS Total Endpoints     WPWS(ns)     TPWS(ns)  TPWS Failing Endpoints  TPWS Total Endpoints  
-----             -------      -------  ---------------------  -------------------      -------      -------  ---------------------  -------------------     --------     --------  ----------------------  --------------------  
clock               5.183        0.000                      0                  326        0.263        0.000                      0                  326        4.500        0.000                       0                   262  


------------------------------------------------------------------------------------------------
| Inter Clock Table
| -----------------
------------------------------------------------------------------------------------------------

From Clock    To Clock          WNS(ns)      TNS(ns)  TNS Failing Endpoints  TNS Total Endpoints      WHS(ns)      THS(ns)  THS Failing Endpoints  THS Total Endpoints  
----------    --------          -------      -------  ---------------------  -------------------      -------      -------  ---------------------  -------------------  


------------------------------------------------------------------------------------------------
| Other Path Groups Table
| -----------------------
------------------------------------------------------------------------------------------------

Path Group    From Clock    To Clock          WNS(ns)      TNS(ns)  TNS Failing Endpoints  TNS Total Endpoints      WHS(ns)      THS(ns)  THS Failing Endpoints  THS Total Endpoints  
----------    ----------    --------          -------      -------  ---------------------  -------------------      -------      -------  ---------------------  -------------------  


------------------------------------------------------------------------------------------------
| Timing Details
| --------------
------------------------------------------------------------------------------------------------


---------------------------------------------------------------------------------------------------
From Clock:  clock
  To Clock:  clock

Setup :            0  Failing Endpoints,  Worst Slack        5.183ns,  Total Violation        0.000ns
Hold  :            0  Failing Endpoints,  Worst Slack        0.263ns,  Total Violation        0.000ns
PW    :            0  Failing Endpoints,  Worst Slack        4.500ns,  Total Violation        0.000ns
---------------------------------------------------------------------------------------------------


Max Delay Paths
--------------------------------------------------------------------------------------
Slack (MET) :             5.183ns  (required time - arrival time)
  Source:                 __Z19oneHlsComplexMacTopssPiS__i0/Datapath_i/reg_1/reg_out1_reg[3]/C
                            (rising edge-triggered cell FDRE clocked by clock  {rise@0.000ns fall@5.000ns period=10.000ns})
  Destination:            __Z19oneHlsComplexMacTopssPiS__i0/Datapath_i/reg_6/reg_out1_reg[29]/D
                            (rising edge-triggered cell FDRE clocked by clock  {rise@0.000ns fall@5.000ns period=10.000ns})
  Path Group:             clock
  Path Type:              Setup (Max at Slow Process Corner)
  Requirement:            10.000ns  (clock rise@10.000ns - clock rise@0.000ns)
  Data Path Delay:        4.409ns  (logic 2.473ns (56.090%)  route 1.936ns (43.910%))
  Logic Levels:           9  (CARRY4=7 LUT3=1 LUT4=1)
  Clock Path Skew:        -0.049ns (DCD - SCD + CPR)
    Destination Clock Delay (DCD):    0.924ns = ( 10.924 - 10.000 ) 
    Source Clock Delay      (SCD):    0.973ns
    Clock Pessimism Removal (CPR):    0.000ns
  Clock Uncertainty:      0.035ns  ((TSJ^2 + TIJ^2)^1/2 + DJ) / 2 + PE
    Total System Jitter     (TSJ):    0.071ns
    Total Input Jitter      (TIJ):    0.000ns
    Discrete Jitter          (DJ):    0.000ns
    Phase Error              (PE):    0.000ns

    Location             Delay type                Incr(ns)  Path(ns)    Netlist Resource(s)
  -------------------------------------------------------------------    -------------------
                         (clock clock rise edge)      0.000     0.000 r  <hidden>
                                                      0.000     0.000 r  clock
                         net (fo=261, unset)          0.973     0.973    __Z19oneHlsComplexMacTopssPiS__i0/Datapath_i/reg_1/clock
                         FDRE                                         r  __Z19oneHlsComplexMacTopssPiS__i0/Datapath_i/reg_1/reg_out1_reg[3]/C
  -------------------------------------------------------------------    -------------------
                         FDRE (Prop_fdre_C_Q)         0.362     1.335 f  __Z19oneHlsComplexMacTopssPiS__i0/Datapath_i/reg_1/reg_out1_reg[3]/Q
                         net (fo=3, unplaced)         0.781     2.116    __Z19oneHlsComplexMacTopssPiS__i0/Datapath_i/reg_1/out_reg_1_reg_1[3]
                         LUT3 (Prop_lut3_I0_O)        0.321     2.437 r  __Z19oneHlsComplexMacTopssPiS__i0/Datapath_i/reg_1/out1_carry__0_i_4__1/O
                         net (fo=2, unplaced)         0.619     3.056    __Z19oneHlsComplexMacTopssPiS__i0/Datapath_i/reg_1/reg_out1_reg[6]_0[0]
                         LUT4 (Prop_lut4_I3_O)        0.355     3.411 r  __Z19oneHlsComplexMacTopssPiS__i0/Datapath_i/reg_1/out1_carry__0_i_8/O
                         net (fo=1, unplaced)         0.000     3.411    __Z19oneHlsComplexMacTopssPiS__i0/Datapath_i/fu__Z19oneHlsComplexMacTopssPiS__428547_428666/reg_out1_reg[39]_0[0]
                         CARRY4 (Prop_carry4_S[0]_CO[3])
                                                      0.513     3.924 r  __Z19oneHlsComplexMacTopssPiS__i0/Datapath_i/fu__Z19oneHlsComplexMacTopssPiS__428547_428666/out1_carry__0/CO[3]
                         net (fo=1, unplaced)         0.000     3.924    __Z19oneHlsComplexMacTopssPiS__i0/Datapath_i/fu__Z19oneHlsComplexMacTopssPiS__428547_428666/out1_carry__0_n_0
                         CARRY4 (Prop_carry4_CI_CO[3])
                                                      0.117     4.041 r  __Z19oneHlsComplexMacTopssPiS__i0/Datapath_i/fu__Z19oneHlsComplexMacTopssPiS__428547_428666/out1_carry__1/CO[3]
                         net (fo=1, unplaced)         0.000     4.041    __Z19oneHlsComplexMacTopssPiS__i0/Datapath_i/fu__Z19oneHlsComplexMacTopssPiS__428547_428666/out1_carry__1_n_0
                         CARRY4 (Prop_carry4_CI_CO[3])
                                                      0.117     4.158 r  __Z19oneHlsComplexMacTopssPiS__i0/Datapath_i/fu__Z19oneHlsComplexMacTopssPiS__428547_428666/out1_carry__2/CO[3]
                         net (fo=1, unplaced)         0.000     4.158    __Z19oneHlsComplexMacTopssPiS__i0/Datapath_i/fu__Z19oneHlsComplexMacTopssPiS__428547_428666/out1_carry__2_n_0
                         CARRY4 (Prop_carry4_CI_CO[3])
                                                      0.117     4.275 r  __Z19oneHlsComplexMacTopssPiS__i0/Datapath_i/fu__Z19oneHlsComplexMacTopssPiS__428547_428666/out1_carry__3/CO[3]
                         net (fo=1, unplaced)         0.000     4.275    __Z19oneHlsComplexMacTopssPiS__i0/Datapath_i/fu__Z19oneHlsComplexMacTopssPiS__428547_428666/out1_carry__3_n_0
                         CARRY4 (Prop_carry4_CI_CO[3])
                                                      0.117     4.392 r  __Z19oneHlsComplexMacTopssPiS__i0/Datapath_i/fu__Z19oneHlsComplexMacTopssPiS__428547_428666/out1_carry__4/CO[3]
                         net (fo=1, unplaced)         0.000     4.392    __Z19oneHlsComplexMacTopssPiS__i0/Datapath_i/fu__Z19oneHlsComplexMacTopssPiS__428547_428666/out1_carry__4_n_0
                         CARRY4 (Prop_carry4_CI_CO[3])
                                                      0.117     4.509 r  __Z19oneHlsComplexMacTopssPiS__i0/Datapath_i/fu__Z19oneHlsComplexMacTopssPiS__428547_428666/out1_carry__5/CO[3]
                         net (fo=1, unplaced)         0.000     4.509    __Z19oneHlsComplexMacTopssPiS__i0/Datapath_i/fu__Z19oneHlsComplexMacTopssPiS__428547_428666/out1_carry__5_n_0
                         CARRY4 (Prop_carry4_CI_O[1])
                                                      0.337     4.846 r  __Z19oneHlsComplexMacTopssPiS__i0/Datapath_i/fu__Z19oneHlsComplexMacTopssPiS__428547_428666/out1_carry__6/O[1]
                         net (fo=2, unplaced)         0.536     5.382    __Z19oneHlsComplexMacTopssPiS__i0/Datapath_i/reg_6/D[29]
                         FDRE                                         r  __Z19oneHlsComplexMacTopssPiS__i0/Datapath_i/reg_6/reg_out1_reg[29]/D
  -------------------------------------------------------------------    -------------------

                         (clock clock rise edge)     10.000    10.000 r  <hidden>
                                                      0.000    10.000 r  clock
                         net (fo=261, unset)          0.924    10.924    __Z19oneHlsComplexMacTopssPiS__i0/Datapath_i/reg_6/clock
                         FDRE                                         r  __Z19oneHlsComplexMacTopssPiS__i0/Datapath_i/reg_6/reg_out1_reg[29]/C
                         clock pessimism              0.000    10.924    <hidden>
                         clock uncertainty           -0.035    10.889    <hidden>
                         FDRE (Setup_fdre_C_D)       -0.324    10.565    __Z19oneHlsComplexMacTopssPiS__i0/Datapath_i/reg_6/reg_out1_reg[29]
  -------------------------------------------------------------------
                         required time                         10.565    <hidden>
                         arrival time                          -5.382    <hidden>
  -------------------------------------------------------------------
                         slack                                  5.183    <hidden>





Min Delay Paths
--------------------------------------------------------------------------------------
Slack (MET) :             0.263ns  (arrival time - required time)
  Source:                 __Z19oneHlsComplexMacTopssPiS__i0/Datapath_i/reg_7/reg_out1_reg[32]/C
                            (rising edge-triggered cell FDRE clocked by clock  {rise@0.000ns fall@5.000ns period=10.000ns})
  Destination:            __Z19oneHlsComplexMacTopssPiS__i0/Datapath_i/array_428698_0/ARRAY_1D_STD_BRAM_NN_instance/SECOND_MEMORY.BRAM_MEMORY_NN_instance_b/BRAM_MEMORY_instance_small/memory_reg[0]/D
                            (rising edge-triggered cell FDRE clocked by clock  {rise@0.000ns fall@5.000ns period=10.000ns})
  Path Group:             clock
  Path Type:              Hold (Min at Fast Process Corner)
  Requirement:            0.000ns  (clock rise@0.000ns - clock rise@0.000ns)
  Data Path Delay:        0.347ns  (logic 0.216ns (62.231%)  route 0.131ns (37.769%))
  Logic Levels:           1  (LUT4=1)
  Clock Path Skew:        0.022ns (DCD - SCD - CPR)
    Destination Clock Delay (DCD):    0.432ns
    Source Clock Delay      (SCD):    0.410ns
    Clock Pessimism Removal (CPR):    -0.000ns

    Location             Delay type                Incr(ns)  Path(ns)    Netlist Resource(s)
  -------------------------------------------------------------------    -------------------
                         (clock clock rise edge)      0.000     0.000 r  <hidden>
                                                      0.000     0.000 r  clock
                         net (fo=261, unset)          0.410     0.410    __Z19oneHlsComplexMacTopssPiS__i0/Datapath_i/reg_7/clock
                         FDRE                                         r  __Z19oneHlsComplexMacTopssPiS__i0/Datapath_i/reg_7/reg_out1_reg[32]/C
  -------------------------------------------------------------------    -------------------
                         FDRE (Prop_fdre_C_Q)         0.118     0.528 r  __Z19oneHlsComplexMacTopssPiS__i0/Datapath_i/reg_7/reg_out1_reg[32]/Q
                         net (fo=1, unplaced)         0.131     0.659    __Z19oneHlsComplexMacTopssPiS__i0/Datapath_i/array_428698_0/ARRAY_1D_STD_BRAM_NN_instance/SECOND_MEMORY.BRAM_MEMORY_NN_instance_b/BRAM_MEMORY_instance_small/O9[0]
                         LUT4 (Prop_lut4_I3_O)        0.098     0.757 r  __Z19oneHlsComplexMacTopssPiS__i0/Datapath_i/array_428698_0/ARRAY_1D_STD_BRAM_NN_instance/SECOND_MEMORY.BRAM_MEMORY_NN_instance_b/BRAM_MEMORY_instance_small/memory[0]_i_1/O
                         net (fo=1, unplaced)         0.000     0.757    __Z19oneHlsComplexMacTopssPiS__i0/Datapath_i/array_428698_0/ARRAY_1D_STD_BRAM_NN_instance/SECOND_MEMORY.BRAM_MEMORY_NN_instance_b/BRAM_MEMORY_instance_small/p_3_in[0]
                         FDRE                                         r  __Z19oneHlsComplexMacTopssPiS__i0/Datapath_i/array_428698_0/ARRAY_1D_STD_BRAM_NN_instance/SECOND_MEMORY.BRAM_MEMORY_NN_instance_b/BRAM_MEMORY_instance_small/memory_reg[0]/D
  -------------------------------------------------------------------    -------------------

                         (clock clock rise edge)      0.000     0.000 r  <hidden>
                                                      0.000     0.000 r  clock
                         net (fo=261, unset)          0.432     0.432    __Z19oneHlsComplexMacTopssPiS__i0/Datapath_i/array_428698_0/ARRAY_1D_STD_BRAM_NN_instance/SECOND_MEMORY.BRAM_MEMORY_NN_instance_b/BRAM_MEMORY_instance_small/clock
                         FDRE                                         r  __Z19oneHlsComplexMacTopssPiS__i0/Datapath_i/array_428698_0/ARRAY_1D_STD_BRAM_NN_instance/SECOND_MEMORY.BRAM_MEMORY_NN_instance_b/BRAM_MEMORY_instance_small/memory_reg[0]/C
                         clock pessimism              0.000     0.432    <hidden>
                         FDRE (Hold_fdre_C_D)         0.063     0.495    __Z19oneHlsComplexMacTopssPiS__i0/Datapath_i/array_428698_0/ARRAY_1D_STD_BRAM_NN_instance/SECOND_MEMORY.BRAM_MEMORY_NN_instance_b/BRAM_MEMORY_instance_small/memory_reg[0]
  -------------------------------------------------------------------
                         required time                         -0.495    <hidden>
                         arrival time                           0.757    <hidden>
  -------------------------------------------------------------------
                         slack                                  0.263    <hidden>





Pulse Width Checks
--------------------------------------------------------------------------------------
Clock Name:         clock
Waveform(ns):       { 0.000 5.000 }
Period(ns):         10.000
Sources:            { clock }

Check Type        Corner  Lib Pin  Reference Pin  Required(ns)  Actual(ns)  Slack(ns)  Location  Pin
Min Period        n/a     FDSE/C   n/a            1.000         10.000      9.000                __Z19oneHlsComplexMacTopssPiS__i0/Controller_i/FSM_onehot__present_state_reg[0]/C
Low Pulse Width   Slow    FDSE/C   n/a            0.500         5.000       4.500                __Z19oneHlsComplexMacTopssPiS__i0/Controller_i/FSM_onehot__present_state_reg[0]/C
High Pulse Width  Slow    FDSE/C   n/a            0.500         5.000       4.500                __Z19oneHlsComplexMacTopssPiS__i0/Controller_i/FSM_onehot__present_state_reg[0]/C



